wss://test.antmedia.io/usamatest/websocket
wss://test.antmedia.io/usamatest/websocket
Client Connect
Inititialized
Message: takeConfiguration {'streamId': 'test-0', 'linkSession': None, 'idMapping': {'0': 'ARDAMSvvideoTrack0', '1': 'ARDAMSaaudioTrack0'}, 'subscriberId': None, 'type': 'offer', 'command': 'takeConfiguration', 'sdp': 'v=0\r\no=- 4429127179097092297 2 IN IP4 127.0.0.1\r\ns=-\r\nt=0 0\r\na=group:BUNDLE 0 1 2\r\na=extmap-allow-mixed\r\na=msid-semantic: WMS ARDAMS\r\nm=video 9 UDP/TLS/RTP/SAVPF 127 125\r\nc=IN IP4 0.0.0.0\r\na=rtcp:9 IN IP4 0.0.0.0\r\na=ice-ufrag:VbRe\r\na=ice-pwd:JoHo70ht6pMQYutB1cwDdCxp\r\na=ice-options:trickle renomination\r\na=fingerprint:sha-256 2B:E8:5D:7C:6B:78:2B:99:75:6F:BF:DF:9A:72:78:05:FA:F3:5C:B5:05:22:52:AF:B5:0A:59:A0:A1:05:7A:B8\r\na=setup:actpass\r\na=mid:0\r\na=extmap:1 urn:ietf:params:rtp-hdrext:toffset\r\na=extmap:2 http://www.webrtc.org/experiments/rtp-hdrext/abs-send-time\r\na=extmap:3 urn:3gpp:video-orientation\r\na=extmap:4 http://www.ietf.org/id/draft-holmer-rmcat-transport-wide-cc-extensions-01\r\na=extmap:5 http://www.webrtc.org/experiments/rtp-hdrext/playout-delay\r\na=extmap:6 http://www.webrtc.org/experiments/rtp-hdrext/video-content-type\r\na=extmap:7 http://www.webrtc.org/experiments/rtp-hdrext/video-timing\r\na=extmap:8 http://www.webrtc.org/experiments/rtp-hdrext/color-space\r\na=extmap:9 urn:ietf:params:rtp-hdrext:sdes:mid\r\na=extmap:10 urn:ietf:params:rtp-hdrext:sdes:rtp-stream-id\r\na=extmap:11 urn:ietf:params:rtp-hdrext:sdes:repaired-rtp-stream-id\r\na=sendonly\r\na=msid:ARDAMS ARDAMSvvideoTrack0\r\na=rtcp-mux\r\na=rtcp-rsize\r\na=rtpmap:127 H264/90000\r\na=rtcp-fb:127 goog-remb\r\na=rtcp-fb:127 transport-cc\r\na=rtcp-fb:127 ccm fir\r\na=rtcp-fb:127 nack\r\na=rtcp-fb:127 nack pli\r\na=fmtp:127 level-asymmetry-allowed=1;packetization-mode=1;profile-level-id=42e01f\r\na=rtpmap:125 rtx/90000\r\na=fmtp:125 apt=127\r\na=ssrc-group:FID 433657217 2628254159\r\na=ssrc:433657217 cname:ORIGXipPuylDkFfb\r\na=ssrc:433657217 msid:ARDAMS ARDAMSvvideoTrack0\r\na=ssrc:2628254159 cname:ORIGXipPuylDkFfb\r\na=ssrc:2628254159 msid:ARDAMS ARDAMSvvideoTrack0\r\nm=audio 9 UDP/TLS/RTP/SAVPF 111 63 110\r\nc=IN IP4 0.0.0.0\r\na=rtcp:9 IN IP4 0.0.0.0\r\na=ice-ufrag:VbRe\r\na=ice-pwd:JoHo70ht6pMQYutB1cwDdCxp\r\na=ice-options:trickle renomination\r\na=fingerprint:sha-256 2B:E8:5D:7C:6B:78:2B:99:75:6F:BF:DF:9A:72:78:05:FA:F3:5C:B5:05:22:52:AF:B5:0A:59:A0:A1:05:7A:B8\r\na=setup:actpass\r\na=mid:1\r\na=extmap:14 urn:ietf:params:rtp-hdrext:ssrc-audio-level\r\na=extmap:2 http://www.webrtc.org/experiments/rtp-hdrext/abs-send-time\r\na=extmap:4 http://www.ietf.org/id/draft-holmer-rmcat-transport-wide-cc-extensions-01\r\na=extmap:9 urn:ietf:params:rtp-hdrext:sdes:mid\r\na=sendonly\r\na=msid:ARDAMS ARDAMSaaudioTrack0\r\na=rtcp-mux\r\na=rtpmap:111 opus/48000/2\r\na=rtcp-fb:111 transport-cc\r\na=fmtp:111 minptime=10;useinbandfec=1\r\na=rtpmap:63 red/48000/2\r\na=fmtp:63 111/111\r\na=rtpmap:110 telephone-event/48000\r\na=ssrc:1008947754 cname:ORIGXipPuylDkFfb\r\na=ssrc:1008947754 msid:ARDAMS ARDAMSaaudioTrack0\r\nm=application 9 UDP/DTLS/SCTP webrtc-datachannel\r\nc=IN IP4 0.0.0.0\r\na=ice-ufrag:VbRe\r\na=ice-pwd:JoHo70ht6pMQYutB1cwDdCxp\r\na=ice-options:trickle renomination\r\na=fingerprint:sha-256 2B:E8:5D:7C:6B:78:2B:99:75:6F:BF:DF:9A:72:78:05:FA:F3:5C:B5:05:22:52:AF:B5:0A:59:A0:A1:05:7A:B8\r\na=setup:actpass\r\na=mid:2\r\na=sctp-port:5000\r\na=max-message-size:262144\r\n'}
<__main__.WebRTCClient object at 0x7cbe867b1e80> test-0 {'test-0': <__main__.WebRTCClient object at 0x7cbe867b1e80>, 'test-1': <__main__.WebRTCClient object at 0x7cbe868091d0>, 'test-2': <__main__.WebRTCClient object at 0x7cbe86808cd0>, 'test-3': <__main__.WebRTCClient object at 0x7cbe867e68b0>, 'test-4': <__main__.WebRTCClient object at 0x7cbe867e6190>, 'test-5': <__main__.WebRTCClient object at 0x7cbe86d4a8d0>, 'test-6': <__main__.WebRTCClient object at 0x7cbe86dc6470>, 'test-7': <__main__.WebRTCClient object at 0x7cbe86dc6360>, 'test-8': <__main__.WebRTCClient object at 0x7cbe86829250>, 'test-9': <__main__.WebRTCClient object at 0x7cbe86829350>, 'test-10': <__main__.WebRTCClient object at 0x7cbe8683c410>, 'test-11': <__main__.WebRTCClient object at 0x7cbe8683c5f0>, 'test-12': <__main__.WebRTCClient object at 0x7cbe86de75b0>, 'test-13': <__main__.WebRTCClient object at 0x7cbe86820f30>, 'test-14': <__main__.WebRTCClient object at 0x7cbe867e9bf0>, 'test-15': <__main__.WebRTCClient object at 0x7cbe86da6090>, 'test-16': <__main__.WebRTCClient object at 0x7cbe86da6210>, 'test-17': <__main__.WebRTCClient object at 0x7cbe867e0f70>, 'test-18': <__main__.WebRTCClient object at 0x7cbe867e1020>, 'test-19': <__main__.WebRTCClient object at 0x7cbe8682cb90>, 'test-20': <__main__.WebRTCClient object at 0x7cbe8682d130>, 'test-21': <__main__.WebRTCClient object at 0x7cbe86d9b380>, 'test-22': <__main__.WebRTCClient object at 0x7cbe868039d0>, 'test-23': <__main__.WebRTCClient object at 0x7cbe86803b50>, 'test-24': <__main__.WebRTCClient object at 0x7cbe86803cd0>, 'test-25': <__main__.WebRTCClient object at 0x7cbe86803e50>, 'test-26': <__main__.WebRTCClient object at 0x7cbe868038d0>, 'test-27': <__main__.WebRTCClient object at 0x7cbe86803ed0>, 'test-28': <__main__.WebRTCClient object at 0x7cbe8684c350>, 'test-29': <__main__.WebRTCClient object at 0x7cbe8684c4d0>}
Creating WebRTC Pipeline play test-0
Message: takeConfiguration {'streamId': 'test-1', 'linkSession': None, 'idMapping': {'0': 'ARDAMSvvideoTrack0', '1': 'ARDAMSaaudioTrack0'}, 'subscriberId': None, 'type': 'offer', 'command': 'takeConfiguration', 'sdp': 'v=0\r\no=- 5193768950490814784 2 IN IP4 127.0.0.1\r\ns=-\r\nt=0 0\r\na=group:BUNDLE 0 1 2\r\na=extmap-allow-mixed\r\na=msid-semantic: WMS ARDAMS\r\nm=video 9 UDP/TLS/RTP/SAVPF 127 125\r\nc=IN IP4 0.0.0.0\r\na=rtcp:9 IN IP4 0.0.0.0\r\na=ice-ufrag:hFe6\r\na=ice-pwd:CDVg+haFGCVPi4tnnjooGYWt\r\na=ice-options:trickle renomination\r\na=fingerprint:sha-256 72:53:C2:60:3C:29:D2:3E:FB:A2:F1:BD:70:85:87:CF:21:F4:57:5B:40:A0:F6:3B:6D:01:05:05:6D:DC:73:D9\r\na=setup:actpass\r\na=mid:0\r\na=extmap:1 urn:ietf:params:rtp-hdrext:toffset\r\na=extmap:2 http://www.webrtc.org/experiments/rtp-hdrext/abs-send-time\r\na=extmap:3 urn:3gpp:video-orientation\r\na=extmap:4 http://www.ietf.org/id/draft-holmer-rmcat-transport-wide-cc-extensions-01\r\na=extmap:5 http://www.webrtc.org/experiments/rtp-hdrext/playout-delay\r\na=extmap:6 http://www.webrtc.org/experiments/rtp-hdrext/video-content-type\r\na=extmap:7 http://www.webrtc.org/experiments/rtp-hdrext/video-timing\r\na=extmap:8 http://www.webrtc.org/experiments/rtp-hdrext/color-space\r\na=extmap:9 urn:ietf:params:rtp-hdrext:sdes:mid\r\na=extmap:10 urn:ietf:params:rtp-hdrext:sdes:rtp-stream-id\r\na=extmap:11 urn:ietf:params:rtp-hdrext:sdes:repaired-rtp-stream-id\r\na=sendonly\r\na=msid:ARDAMS ARDAMSvvideoTrack0\r\na=rtcp-mux\r\na=rtcp-rsize\r\na=rtpmap:127 H264/90000\r\na=rtcp-fb:127 goog-remb\r\na=rtcp-fb:127 transport-cc\r\na=rtcp-fb:127 ccm fir\r\na=rtcp-fb:127 nack\r\na=rtcp-fb:127 nack pli\r\na=fmtp:127 level-asymmetry-allowed=1;packetization-mode=1;profile-level-id=42e01f\r\na=rtpmap:125 rtx/90000\r\na=fmtp:125 apt=127\r\na=ssrc-group:FID 4159146368 3925712258\r\na=ssrc:4159146368 cname:CGFGexQY1QK6eePE\r\na=ssrc:4159146368 msid:ARDAMS ARDAMSvvideoTrack0\r\na=ssrc:3925712258 cname:CGFGexQY1QK6eePE\r\na=ssrc:3925712258 msid:ARDAMS ARDAMSvvideoTrack0\r\nm=audio 9 UDP/TLS/RTP/SAVPF 111 63 110\r\nc=IN IP4 0.0.0.0\r\na=rtcp:9 IN IP4 0.0.0.0\r\na=ice-ufrag:hFe6\r\na=ice-pwd:CDVg+haFGCVPi4tnnjooGYWt\r\na=ice-options:trickle renomination\r\na=fingerprint:sha-256 72:53:C2:60:3C:29:D2:3E:FB:A2:F1:BD:70:85:87:CF:21:F4:57:5B:40:A0:F6:3B:6D:01:05:05:6D:DC:73:D9\r\na=setup:actpass\r\na=mid:1\r\na=extmap:14 urn:ietf:params:rtp-hdrext:ssrc-audio-level\r\na=extmap:2 http://www.webrtc.org/experiments/rtp-hdrext/abs-send-time\r\na=extmap:4 http://www.ietf.org/id/draft-holmer-rmcat-transport-wide-cc-extensions-01\r\na=extmap:9 urn:ietf:params:rtp-hdrext:sdes:mid\r\na=sendonly\r\na=msid:ARDAMS ARDAMSaaudioTrack0\r\na=rtcp-mux\r\na=rtpmap:111 opus/48000/2\r\na=rtcp-fb:111 transport-cc\r\na=fmtp:111 minptime=10;useinbandfec=1\r\na=rtpmap:63 red/48000/2\r\na=fmtp:63 111/111\r\na=rtpmap:110 telephone-event/48000\r\na=ssrc:853559653 cname:CGFGexQY1QK6eePE\r\na=ssrc:853559653 msid:ARDAMS ARDAMSaaudioTrack0\r\nm=application 9 UDP/DTLS/SCTP webrtc-datachannel\r\nc=IN IP4 0.0.0.0\r\na=ice-ufrag:hFe6\r\na=ice-pwd:CDVg+haFGCVPi4tnnjooGYWt\r\na=ice-options:trickle renomination\r\na=fingerprint:sha-256 72:53:C2:60:3C:29:D2:3E:FB:A2:F1:BD:70:85:87:CF:21:F4:57:5B:40:A0:F6:3B:6D:01:05:05:6D:DC:73:D9\r\na=setup:actpass\r\na=mid:2\r\na=sctp-port:5000\r\na=max-message-size:262144\r\n'}
<__main__.WebRTCClient object at 0x7cbe868091d0> test-1 {'test-0': <__main__.WebRTCClient object at 0x7cbe867b1e80>, 'test-1': <__main__.WebRTCClient object at 0x7cbe868091d0>, 'test-2': <__main__.WebRTCClient object at 0x7cbe86808cd0>, 'test-3': <__main__.WebRTCClient object at 0x7cbe867e68b0>, 'test-4': <__main__.WebRTCClient object at 0x7cbe867e6190>, 'test-5': <__main__.WebRTCClient object at 0x7cbe86d4a8d0>, 'test-6': <__main__.WebRTCClient object at 0x7cbe86dc6470>, 'test-7': <__main__.WebRTCClient object at 0x7cbe86dc6360>, 'test-8': <__main__.WebRTCClient object at 0x7cbe86829250>, 'test-9': <__main__.WebRTCClient object at 0x7cbe86829350>, 'test-10': <__main__.WebRTCClient object at 0x7cbe8683c410>, 'test-11': <__main__.WebRTCClient object at 0x7cbe8683c5f0>, 'test-12': <__main__.WebRTCClient object at 0x7cbe86de75b0>, 'test-13': <__main__.WebRTCClient object at 0x7cbe86820f30>, 'test-14': <__main__.WebRTCClient object at 0x7cbe867e9bf0>, 'test-15': <__main__.WebRTCClient object at 0x7cbe86da6090>, 'test-16': <__main__.WebRTCClient object at 0x7cbe86da6210>, 'test-17': <__main__.WebRTCClient object at 0x7cbe867e0f70>, 'test-18': <__main__.WebRTCClient object at 0x7cbe867e1020>, 'test-19': <__main__.WebRTCClient object at 0x7cbe8682cb90>, 'test-20': <__main__.WebRTCClient object at 0x7cbe8682d130>, 'test-21': <__main__.WebRTCClient object at 0x7cbe86d9b380>, 'test-22': <__main__.WebRTCClient object at 0x7cbe868039d0>, 'test-23': <__main__.WebRTCClient object at 0x7cbe86803b50>, 'test-24': <__main__.WebRTCClient object at 0x7cbe86803cd0>, 'test-25': <__main__.WebRTCClient object at 0x7cbe86803e50>, 'test-26': <__main__.WebRTCClient object at 0x7cbe868038d0>, 'test-27': <__main__.WebRTCClient object at 0x7cbe86803ed0>, 'test-28': <__main__.WebRTCClient object at 0x7cbe8684c350>, 'test-29': <__main__.WebRTCClient object at 0x7cbe8684c4d0>}
Creating WebRTC Pipeline play test-1
Message: takeConfiguration {'streamId': 'test-2', 'linkSession': None, 'idMapping': {'0': 'ARDAMSvvideoTrack0', '1': 'ARDAMSaaudioTrack0'}, 'subscriberId': None, 'type': 'offer', 'command': 'takeConfiguration', 'sdp': 'v=0\r\no=- 2614722805899218549 2 IN IP4 127.0.0.1\r\ns=-\r\nt=0 0\r\na=group:BUNDLE 0 1 2\r\na=extmap-allow-mixed\r\na=msid-semantic: WMS ARDAMS\r\nm=video 9 UDP/TLS/RTP/SAVPF 127 125\r\nc=IN IP4 0.0.0.0\r\na=rtcp:9 IN IP4 0.0.0.0\r\na=ice-ufrag:O5vZ\r\na=ice-pwd:3Txch+KitJvKiz8qu8wc6H80\r\na=ice-options:trickle renomination\r\na=fingerprint:sha-256 18:39:11:58:51:41:F7:C3:1A:3A:8D:BF:C3:9B:B7:13:CE:AD:E4:47:A4:23:FF:D6:8F:33:24:A8:F9:16:BC:8E\r\na=setup:actpass\r\na=mid:0\r\na=extmap:1 urn:ietf:params:rtp-hdrext:toffset\r\na=extmap:2 http://www.webrtc.org/experiments/rtp-hdrext/abs-send-time\r\na=extmap:3 urn:3gpp:video-orientation\r\na=extmap:4 http://www.ietf.org/id/draft-holmer-rmcat-transport-wide-cc-extensions-01\r\na=extmap:5 http://www.webrtc.org/experiments/rtp-hdrext/playout-delay\r\na=extmap:6 http://www.webrtc.org/experiments/rtp-hdrext/video-content-type\r\na=extmap:7 http://www.webrtc.org/experiments/rtp-hdrext/video-timing\r\na=extmap:8 http://www.webrtc.org/experiments/rtp-hdrext/color-space\r\na=extmap:9 urn:ietf:params:rtp-hdrext:sdes:mid\r\na=extmap:10 urn:ietf:params:rtp-hdrext:sdes:rtp-stream-id\r\na=extmap:11 urn:ietf:params:rtp-hdrext:sdes:repaired-rtp-stream-id\r\na=sendonly\r\na=msid:ARDAMS ARDAMSvvideoTrack0\r\na=rtcp-mux\r\na=rtcp-rsize\r\na=rtpmap:127 H264/90000\r\na=rtcp-fb:127 goog-remb\r\na=rtcp-fb:127 transport-cc\r\na=rtcp-fb:127 ccm fir\r\na=rtcp-fb:127 nack\r\na=rtcp-fb:127 nack pli\r\na=fmtp:127 level-asymmetry-allowed=1;packetization-mode=1;profile-level-id=42e01f\r\na=rtpmap:125 rtx/90000\r\na=fmtp:125 apt=127\r\na=ssrc-group:FID 381152676 3152615765\r\na=ssrc:381152676 cname:jjuicpVVLByj1Nof\r\na=ssrc:381152676 msid:ARDAMS ARDAMSvvideoTrack0\r\na=ssrc:3152615765 cname:jjuicpVVLByj1Nof\r\na=ssrc:3152615765 msid:ARDAMS ARDAMSvvideoTrack0\r\nm=audio 9 UDP/TLS/RTP/SAVPF 111 63 110\r\nc=IN IP4 0.0.0.0\r\na=rtcp:9 IN IP4 0.0.0.0\r\na=ice-ufrag:O5vZ\r\na=ice-pwd:3Txch+KitJvKiz8qu8wc6H80\r\na=ice-options:trickle renomination\r\na=fingerprint:sha-256 18:39:11:58:51:41:F7:C3:1A:3A:8D:BF:C3:9B:B7:13:CE:AD:E4:47:A4:23:FF:D6:8F:33:24:A8:F9:16:BC:8E\r\na=setup:actpass\r\na=mid:1\r\na=extmap:14 urn:ietf:params:rtp-hdrext:ssrc-audio-level\r\na=extmap:2 http://www.webrtc.org/experiments/rtp-hdrext/abs-send-time\r\na=extmap:4 http://www.ietf.org/id/draft-holmer-rmcat-transport-wide-cc-extensions-01\r\na=extmap:9 urn:ietf:params:rtp-hdrext:sdes:mid\r\na=sendonly\r\na=msid:ARDAMS ARDAMSaaudioTrack0\r\na=rtcp-mux\r\na=rtpmap:111 opus/48000/2\r\na=rtcp-fb:111 transport-cc\r\na=fmtp:111 minptime=10;useinbandfec=1\r\na=rtpmap:63 red/48000/2\r\na=fmtp:63 111/111\r\na=rtpmap:110 telephone-event/48000\r\na=ssrc:3614619854 cname:jjuicpVVLByj1Nof\r\na=ssrc:3614619854 msid:ARDAMS ARDAMSaaudioTrack0\r\nm=application 9 UDP/DTLS/SCTP webrtc-datachannel\r\nc=IN IP4 0.0.0.0\r\na=ice-ufrag:O5vZ\r\na=ice-pwd:3Txch+KitJvKiz8qu8wc6H80\r\na=ice-options:trickle renomination\r\na=fingerprint:sha-256 18:39:11:58:51:41:F7:C3:1A:3A:8D:BF:C3:9B:B7:13:CE:AD:E4:47:A4:23:FF:D6:8F:33:24:A8:F9:16:BC:8E\r\na=setup:actpass\r\na=mid:2\r\na=sctp-port:5000\r\na=max-message-size:262144\r\n'}
<__main__.WebRTCClient object at 0x7cbe86808cd0> test-2 {'test-0': <__main__.WebRTCClient object at 0x7cbe867b1e80>, 'test-1': <__main__.WebRTCClient object at 0x7cbe868091d0>, 'test-2': <__main__.WebRTCClient object at 0x7cbe86808cd0>, 'test-3': <__main__.WebRTCClient object at 0x7cbe867e68b0>, 'test-4': <__main__.WebRTCClient object at 0x7cbe867e6190>, 'test-5': <__main__.WebRTCClient object at 0x7cbe86d4a8d0>, 'test-6': <__main__.WebRTCClient object at 0x7cbe86dc6470>, 'test-7': <__main__.WebRTCClient object at 0x7cbe86dc6360>, 'test-8': <__main__.WebRTCClient object at 0x7cbe86829250>, 'test-9': <__main__.WebRTCClient object at 0x7cbe86829350>, 'test-10': <__main__.WebRTCClient object at 0x7cbe8683c410>, 'test-11': <__main__.WebRTCClient object at 0x7cbe8683c5f0>, 'test-12': <__main__.WebRTCClient object at 0x7cbe86de75b0>, 'test-13': <__main__.WebRTCClient object at 0x7cbe86820f30>, 'test-14': <__main__.WebRTCClient object at 0x7cbe867e9bf0>, 'test-15': <__main__.WebRTCClient object at 0x7cbe86da6090>, 'test-16': <__main__.WebRTCClient object at 0x7cbe86da6210>, 'test-17': <__main__.WebRTCClient object at 0x7cbe867e0f70>, 'test-18': <__main__.WebRTCClient object at 0x7cbe867e1020>, 'test-19': <__main__.WebRTCClient object at 0x7cbe8682cb90>, 'test-20': <__main__.WebRTCClient object at 0x7cbe8682d130>, 'test-21': <__main__.WebRTCClient object at 0x7cbe86d9b380>, 'test-22': <__main__.WebRTCClient object at 0x7cbe868039d0>, 'test-23': <__main__.WebRTCClient object at 0x7cbe86803b50>, 'test-24': <__main__.WebRTCClient object at 0x7cbe86803cd0>, 'test-25': <__main__.WebRTCClient object at 0x7cbe86803e50>, 'test-26': <__main__.WebRTCClient object at 0x7cbe868038d0>, 'test-27': <__main__.WebRTCClient object at 0x7cbe86803ed0>, 'test-28': <__main__.WebRTCClient object at 0x7cbe8684c350>, 'test-29': <__main__.WebRTCClient object at 0x7cbe8684c4d0>}
Creating WebRTC Pipeline play test-2
Message: takeCandidate {'candidate': 'candidate:2867002090 1 udp 2122260223 51.89.116.109 50034 typ host generation 0 ufrag VbRe network-id 1 network-cost 50', 'streamId': 'test-0', 'linkSession': None, 'subscriberId': None, 'label': 0, 'id': '0', 'command': 'takeCandidate'}
Message: takeCandidate {'candidate': 'candidate:2867002090 1 udp 2122260223 51.89.116.109 50035 typ host generation 0 ufrag VbRe network-id 1 network-cost 50', 'streamId': 'test-0', 'linkSession': None, 'subscriberId': None, 'label': 1, 'id': '1', 'command': 'takeCandidate'}
Message: takeCandidate {'candidate': 'candidate:2867002090 1 udp 2122260223 51.89.116.109 50036 typ host generation 0 ufrag VbRe network-id 1 network-cost 50', 'streamId': 'test-0', 'linkSession': None, 'subscriberId': None, 'label': 2, 'id': '2', 'command': 'takeCandidate'}
Message: takeCandidate {'candidate': 'candidate:2787722497 1 udp 2122260223 51.89.116.109 50037 typ host generation 0 ufrag hFe6 network-id 1 network-cost 50', 'streamId': 'test-1', 'linkSession': None, 'subscriberId': None, 'label': 0, 'id': '0', 'command': 'takeCandidate'}
Message: takeCandidate {'candidate': 'candidate:2787722497 1 udp 2122260223 51.89.116.109 50038 typ host generation 0 ufrag hFe6 network-id 1 network-cost 50', 'streamId': 'test-1', 'linkSession': None, 'subscriberId': None, 'label': 1, 'id': '1', 'command': 'takeCandidate'}
Message: takeCandidate {'candidate': 'candidate:2787722497 1 udp 2122260223 51.89.116.109 50039 typ host generation 0 ufrag hFe6 network-id 1 network-cost 50', 'streamId': 'test-1', 'linkSession': None, 'subscriberId': None, 'label': 2, 'id': '2', 'command': 'takeCandidate'}
Message: takeCandidate {'candidate': 'candidate:1594043380 1 udp 2122260223 51.89.116.109 50040 typ host generation 0 ufrag O5vZ network-id 1 network-cost 50', 'streamId': 'test-2', 'linkSession': None, 'subscriberId': None, 'label': 0, 'id': '0', 'command': 'takeCandidate'}
answer created
answer created
answer created
Send SDP answer test-0
Send SDP answer test-2
Send SDP answer test-1
Message: takeCandidate {'candidate': 'candidate:1594043380 1 udp 2122260223 51.89.116.109 50041 typ host generation 0 ufrag O5vZ network-id 1 network-cost 50', 'streamId': 'test-2', 'linkSession': None, 'subscriberId': None, 'label': 1, 'id': '1', 'command': 'takeCandidate'}
Message: takeCandidate {'candidate': 'candidate:1594043380 1 udp 2122260223 51.89.116.109 50042 typ host generation 0 ufrag O5vZ network-id 1 network-cost 50', 'streamId': 'test-2', 'linkSession': None, 'subscriberId': None, 'label': 2, 'id': '2', 'command': 'takeCandidate'}
Message: takeConfiguration {'streamId': 'test-3', 'linkSession': None, 'idMapping': {'0': 'ARDAMSvvideoTrack0', '1': 'ARDAMSaaudioTrack0'}, 'subscriberId': None, 'type': 'offer', 'command': 'takeConfiguration', 'sdp': 'v=0\r\no=- 8739668521912307303 2 IN IP4 127.0.0.1\r\ns=-\r\nt=0 0\r\na=group:BUNDLE 0 1 2\r\na=extmap-allow-mixed\r\na=msid-semantic: WMS ARDAMS\r\nm=video 9 UDP/TLS/RTP/SAVPF 127 125\r\nc=IN IP4 0.0.0.0\r\na=rtcp:9 IN IP4 0.0.0.0\r\na=ice-ufrag:x2V7\r\na=ice-pwd:2WogYAMD+LcTVVKJQ8uog3YF\r\na=ice-options:trickle renomination\r\na=fingerprint:sha-256 63:3A:A9:23:17:B6:A8:9C:E9:31:21:87:6E:F3:E0:57:08:6D:5D:FE:25:25:32:F2:79:D4:8D:5E:1A:3D:D0:AF\r\na=setup:actpass\r\na=mid:0\r\na=extmap:1 urn:ietf:params:rtp-hdrext:toffset\r\na=extmap:2 http://www.webrtc.org/experiments/rtp-hdrext/abs-send-time\r\na=extmap:3 urn:3gpp:video-orientation\r\na=extmap:4 http://www.ietf.org/id/draft-holmer-rmcat-transport-wide-cc-extensions-01\r\na=extmap:5 http://www.webrtc.org/experiments/rtp-hdrext/playout-delay\r\na=extmap:6 http://www.webrtc.org/experiments/rtp-hdrext/video-content-type\r\na=extmap:7 http://www.webrtc.org/experiments/rtp-hdrext/video-timing\r\na=extmap:8 http://www.webrtc.org/experiments/rtp-hdrext/color-space\r\na=extmap:9 urn:ietf:params:rtp-hdrext:sdes:mid\r\na=extmap:10 urn:ietf:params:rtp-hdrext:sdes:rtp-stream-id\r\na=extmap:11 urn:ietf:params:rtp-hdrext:sdes:repaired-rtp-stream-id\r\na=sendonly\r\na=msid:ARDAMS ARDAMSvvideoTrack0\r\na=rtcp-mux\r\na=rtcp-rsize\r\na=rtpmap:127 H264/90000\r\na=rtcp-fb:127 goog-remb\r\na=rtcp-fb:127 transport-cc\r\na=rtcp-fb:127 ccm fir\r\na=rtcp-fb:127 nack\r\na=rtcp-fb:127 nack pli\r\na=fmtp:127 level-asymmetry-allowed=1;packetization-mode=1;profile-level-id=42e01f\r\na=rtpmap:125 rtx/90000\r\na=fmtp:125 apt=127\r\na=ssrc-group:FID 113944233 3383924021\r\na=ssrc:113944233 cname:0fLqgNlkQQnpOAOY\r\na=ssrc:113944233 msid:ARDAMS ARDAMSvvideoTrack0\r\na=ssrc:3383924021 cname:0fLqgNlkQQnpOAOY\r\na=ssrc:3383924021 msid:ARDAMS ARDAMSvvideoTrack0\r\nm=audio 9 UDP/TLS/RTP/SAVPF 111 63 110\r\nc=IN IP4 0.0.0.0\r\na=rtcp:9 IN IP4 0.0.0.0\r\na=ice-ufrag:x2V7\r\na=ice-pwd:2WogYAMD+LcTVVKJQ8uog3YF\r\na=ice-options:trickle renomination\r\na=fingerprint:sha-256 63:3A:A9:23:17:B6:A8:9C:E9:31:21:87:6E:F3:E0:57:08:6D:5D:FE:25:25:32:F2:79:D4:8D:5E:1A:3D:D0:AF\r\na=setup:actpass\r\na=mid:1\r\na=extmap:14 urn:ietf:params:rtp-hdrext:ssrc-audio-level\r\na=extmap:2 http://www.webrtc.org/experiments/rtp-hdrext/abs-send-time\r\na=extmap:4 http://www.ietf.org/id/draft-holmer-rmcat-transport-wide-cc-extensions-01\r\na=extmap:9 urn:ietf:params:rtp-hdrext:sdes:mid\r\na=sendonly\r\na=msid:ARDAMS ARDAMSaaudioTrack0\r\na=rtcp-mux\r\na=rtpmap:111 opus/48000/2\r\na=rtcp-fb:111 transport-cc\r\na=fmtp:111 minptime=10;useinbandfec=1\r\na=rtpmap:63 red/48000/2\r\na=fmtp:63 111/111\r\na=rtpmap:110 telephone-event/48000\r\na=ssrc:3447443390 cname:0fLqgNlkQQnpOAOY\r\na=ssrc:3447443390 msid:ARDAMS ARDAMSaaudioTrack0\r\nm=application 9 UDP/DTLS/SCTP webrtc-datachannel\r\nc=IN IP4 0.0.0.0\r\na=ice-ufrag:x2V7\r\na=ice-pwd:2WogYAMD+LcTVVKJQ8uog3YF\r\na=ice-options:trickle renomination\r\na=fingerprint:sha-256 63:3A:A9:23:17:B6:A8:9C:E9:31:21:87:6E:F3:E0:57:08:6D:5D:FE:25:25:32:F2:79:D4:8D:5E:1A:3D:D0:AF\r\na=setup:actpass\r\na=mid:2\r\na=sctp-port:5000\r\na=max-message-size:262144\r\n'}
<__main__.WebRTCClient object at 0x7cbe867e68b0> test-3 {'test-0': <__main__.WebRTCClient object at 0x7cbe867b1e80>, 'test-1': <__main__.WebRTCClient object at 0x7cbe868091d0>, 'test-2': <__main__.WebRTCClient object at 0x7cbe86808cd0>, 'test-3': <__main__.WebRTCClient object at 0x7cbe867e68b0>, 'test-4': <__main__.WebRTCClient object at 0x7cbe867e6190>, 'test-5': <__main__.WebRTCClient object at 0x7cbe86d4a8d0>, 'test-6': <__main__.WebRTCClient object at 0x7cbe86dc6470>, 'test-7': <__main__.WebRTCClient object at 0x7cbe86dc6360>, 'test-8': <__main__.WebRTCClient object at 0x7cbe86829250>, 'test-9': <__main__.WebRTCClient object at 0x7cbe86829350>, 'test-10': <__main__.WebRTCClient object at 0x7cbe8683c410>, 'test-11': <__main__.WebRTCClient object at 0x7cbe8683c5f0>, 'test-12': <__main__.WebRTCClient object at 0x7cbe86de75b0>, 'test-13': <__main__.WebRTCClient object at 0x7cbe86820f30>, 'test-14': <__main__.WebRTCClient object at 0x7cbe867e9bf0>, 'test-15': <__main__.WebRTCClient object at 0x7cbe86da6090>, 'test-16': <__main__.WebRTCClient object at 0x7cbe86da6210>, 'test-17': <__main__.WebRTCClient object at 0x7cbe867e0f70>, 'test-18': <__main__.WebRTCClient object at 0x7cbe867e1020>, 'test-19': <__main__.WebRTCClient object at 0x7cbe8682cb90>, 'test-20': <__main__.WebRTCClient object at 0x7cbe8682d130>, 'test-21': <__main__.WebRTCClient object at 0x7cbe86d9b380>, 'test-22': <__main__.WebRTCClient object at 0x7cbe868039d0>, 'test-23': <__main__.WebRTCClient object at 0x7cbe86803b50>, 'test-24': <__main__.WebRTCClient object at 0x7cbe86803cd0>, 'test-25': <__main__.WebRTCClient object at 0x7cbe86803e50>, 'test-26': <__main__.WebRTCClient object at 0x7cbe868038d0>, 'test-27': <__main__.WebRTCClient object at 0x7cbe86803ed0>, 'test-28': <__main__.WebRTCClient object at 0x7cbe8684c350>, 'test-29': <__main__.WebRTCClient object at 0x7cbe8684c4d0>}
Creating WebRTC Pipeline play test-3
Message: takeConfiguration {'streamId': 'test-4', 'linkSession': None, 'idMapping': {'0': 'ARDAMSvvideoTrack0', '1': 'ARDAMSaaudioTrack0'}, 'subscriberId': None, 'type': 'offer', 'command': 'takeConfiguration', 'sdp': 'v=0\r\no=- 6729220434940160357 2 IN IP4 127.0.0.1\r\ns=-\r\nt=0 0\r\na=group:BUNDLE 0 1 2\r\na=extmap-allow-mixed\r\na=msid-semantic: WMS ARDAMS\r\nm=video 9 UDP/TLS/RTP/SAVPF 127 125\r\nc=IN IP4 0.0.0.0\r\na=rtcp:9 IN IP4 0.0.0.0\r\na=ice-ufrag:rYyV\r\na=ice-pwd:IBg5mwDp15PjAPVvxS2z3BR5\r\na=ice-options:trickle renomination\r\na=fingerprint:sha-256 4D:8F:43:76:5F:71:FD:22:07:F4:F6:43:DD:64:21:A8:27:DB:E6:8A:3C:4A:57:AA:6F:82:11:22:E1:CE:AB:38\r\na=setup:actpass\r\na=mid:0\r\na=extmap:1 urn:ietf:params:rtp-hdrext:toffset\r\na=extmap:2 http://www.webrtc.org/experiments/rtp-hdrext/abs-send-time\r\na=extmap:3 urn:3gpp:video-orientation\r\na=extmap:4 http://www.ietf.org/id/draft-holmer-rmcat-transport-wide-cc-extensions-01\r\na=extmap:5 http://www.webrtc.org/experiments/rtp-hdrext/playout-delay\r\na=extmap:6 http://www.webrtc.org/experiments/rtp-hdrext/video-content-type\r\na=extmap:7 http://www.webrtc.org/experiments/rtp-hdrext/video-timing\r\na=extmap:8 http://www.webrtc.org/experiments/rtp-hdrext/color-space\r\na=extmap:9 urn:ietf:params:rtp-hdrext:sdes:mid\r\na=extmap:10 urn:ietf:params:rtp-hdrext:sdes:rtp-stream-id\r\na=extmap:11 urn:ietf:params:rtp-hdrext:sdes:repaired-rtp-stream-id\r\na=sendonly\r\na=msid:ARDAMS ARDAMSvvideoTrack0\r\na=rtcp-mux\r\na=rtcp-rsize\r\na=rtpmap:127 H264/90000\r\na=rtcp-fb:127 goog-remb\r\na=rtcp-fb:127 transport-cc\r\na=rtcp-fb:127 ccm fir\r\na=rtcp-fb:127 nack\r\na=rtcp-fb:127 nack pli\r\na=fmtp:127 level-asymmetry-allowed=1;packetization-mode=1;profile-level-id=42e01f\r\na=rtpmap:125 rtx/90000\r\na=fmtp:125 apt=127\r\na=ssrc-group:FID 2262248873 2312213622\r\na=ssrc:2262248873 cname:YAPzX+kvLT1pa1fW\r\na=ssrc:2262248873 msid:ARDAMS ARDAMSvvideoTrack0\r\na=ssrc:2312213622 cname:YAPzX+kvLT1pa1fW\r\na=ssrc:2312213622 msid:ARDAMS ARDAMSvvideoTrack0\r\nm=audio 9 UDP/TLS/RTP/SAVPF 111 63 110\r\nc=IN IP4 0.0.0.0\r\na=rtcp:9 IN IP4 0.0.0.0\r\na=ice-ufrag:rYyV\r\na=ice-pwd:IBg5mwDp15PjAPVvxS2z3BR5\r\na=ice-options:trickle renomination\r\na=fingerprint:sha-256 4D:8F:43:76:5F:71:FD:22:07:F4:F6:43:DD:64:21:A8:27:DB:E6:8A:3C:4A:57:AA:6F:82:11:22:E1:CE:AB:38\r\na=setup:actpass\r\na=mid:1\r\na=extmap:14 urn:ietf:params:rtp-hdrext:ssrc-audio-level\r\na=extmap:2 http://www.webrtc.org/experiments/rtp-hdrext/abs-send-time\r\na=extmap:4 http://www.ietf.org/id/draft-holmer-rmcat-transport-wide-cc-extensions-01\r\na=extmap:9 urn:ietf:params:rtp-hdrext:sdes:mid\r\na=sendonly\r\na=msid:ARDAMS ARDAMSaaudioTrack0\r\na=rtcp-mux\r\na=rtpmap:111 opus/48000/2\r\na=rtcp-fb:111 transport-cc\r\na=fmtp:111 minptime=10;useinbandfec=1\r\na=rtpmap:63 red/48000/2\r\na=fmtp:63 111/111\r\na=rtpmap:110 telephone-event/48000\r\na=ssrc:2222131206 cname:YAPzX+kvLT1pa1fW\r\na=ssrc:2222131206 msid:ARDAMS ARDAMSaaudioTrack0\r\nm=application 9 UDP/DTLS/SCTP webrtc-datachannel\r\nc=IN IP4 0.0.0.0\r\na=ice-ufrag:rYyV\r\na=ice-pwd:IBg5mwDp15PjAPVvxS2z3BR5\r\na=ice-options:trickle renomination\r\na=fingerprint:sha-256 4D:8F:43:76:5F:71:FD:22:07:F4:F6:43:DD:64:21:A8:27:DB:E6:8A:3C:4A:57:AA:6F:82:11:22:E1:CE:AB:38\r\na=setup:actpass\r\na=mid:2\r\na=sctp-port:5000\r\na=max-message-size:262144\r\n'}
<__main__.WebRTCClient object at 0x7cbe867e6190> test-4 {'test-0': <__main__.WebRTCClient object at 0x7cbe867b1e80>, 'test-1': <__main__.WebRTCClient object at 0x7cbe868091d0>, 'test-2': <__main__.WebRTCClient object at 0x7cbe86808cd0>, 'test-3': <__main__.WebRTCClient object at 0x7cbe867e68b0>, 'test-4': <__main__.WebRTCClient object at 0x7cbe867e6190>, 'test-5': <__main__.WebRTCClient object at 0x7cbe86d4a8d0>, 'test-6': <__main__.WebRTCClient object at 0x7cbe86dc6470>, 'test-7': <__main__.WebRTCClient object at 0x7cbe86dc6360>, 'test-8': <__main__.WebRTCClient object at 0x7cbe86829250>, 'test-9': <__main__.WebRTCClient object at 0x7cbe86829350>, 'test-10': <__main__.WebRTCClient object at 0x7cbe8683c410>, 'test-11': <__main__.WebRTCClient object at 0x7cbe8683c5f0>, 'test-12': <__main__.WebRTCClient object at 0x7cbe86de75b0>, 'test-13': <__main__.WebRTCClient object at 0x7cbe86820f30>, 'test-14': <__main__.WebRTCClient object at 0x7cbe867e9bf0>, 'test-15': <__main__.WebRTCClient object at 0x7cbe86da6090>, 'test-16': <__main__.WebRTCClient object at 0x7cbe86da6210>, 'test-17': <__main__.WebRTCClient object at 0x7cbe867e0f70>, 'test-18': <__main__.WebRTCClient object at 0x7cbe867e1020>, 'test-19': <__main__.WebRTCClient object at 0x7cbe8682cb90>, 'test-20': <__main__.WebRTCClient object at 0x7cbe8682d130>, 'test-21': <__main__.WebRTCClient object at 0x7cbe86d9b380>, 'test-22': <__main__.WebRTCClient object at 0x7cbe868039d0>, 'test-23': <__main__.WebRTCClient object at 0x7cbe86803b50>, 'test-24': <__main__.WebRTCClient object at 0x7cbe86803cd0>, 'test-25': <__main__.WebRTCClient object at 0x7cbe86803e50>, 'test-26': <__main__.WebRTCClient object at 0x7cbe868038d0>, 'test-27': <__main__.WebRTCClient object at 0x7cbe86803ed0>, 'test-28': <__main__.WebRTCClient object at 0x7cbe8684c350>, 'test-29': <__main__.WebRTCClient object at 0x7cbe8684c4d0>}
Creating WebRTC Pipeline play test-4
Message: takeCandidate {'candidate': 'candidate:596223924 1 udp 2122260223 51.89.116.109 50043 typ host generation 0 ufrag x2V7 network-id 1 network-cost 50', 'streamId': 'test-3', 'linkSession': None, 'subscriberId': None, 'label': 0, 'id': '0', 'command': 'takeCandidate'}
Message: takeCandidate {'candidate': 'candidate:596223924 1 udp 2122260223 51.89.116.109 50044 typ host generation 0 ufrag x2V7 network-id 1 network-cost 50', 'streamId': 'test-3', 'linkSession': None, 'subscriberId': None, 'label': 1, 'id': '1', 'command': 'takeCandidate'}
Message: takeCandidate {'candidate': 'candidate:596223924 1 udp 2122260223 51.89.116.109 50045 typ host generation 0 ufrag x2V7 network-id 1 network-cost 50', 'streamId': 'test-3', 'linkSession': None, 'subscriberId': None, 'label': 2, 'id': '2', 'command': 'takeCandidate'}
Message: takeConfiguration {'streamId': 'test-5', 'linkSession': None, 'idMapping': {'0': 'ARDAMSvvideoTrack0', '1': 'ARDAMSaaudioTrack0'}, 'subscriberId': None, 'type': 'offer', 'command': 'takeConfiguration', 'sdp': 'v=0\r\no=- 5148840151120971349 2 IN IP4 127.0.0.1\r\ns=-\r\nt=0 0\r\na=group:BUNDLE 0 1 2\r\na=extmap-allow-mixed\r\na=msid-semantic: WMS ARDAMS\r\nm=video 9 UDP/TLS/RTP/SAVPF 127 125\r\nc=IN IP4 0.0.0.0\r\na=rtcp:9 IN IP4 0.0.0.0\r\na=ice-ufrag:+zT4\r\na=ice-pwd:GZxb2T+wJgghJnA6+jKljBEI\r\na=ice-options:trickle renomination\r\na=fingerprint:sha-256 9E:C2:D2:17:62:E0:00:20:B0:34:D3:61:C7:4E:7A:E3:90:06:48:E8:00:C6:91:12:A3:8D:14:43:CB:B9:FC:8C\r\na=setup:actpass\r\na=mid:0\r\na=extmap:1 urn:ietf:params:rtp-hdrext:toffset\r\na=extmap:2 http://www.webrtc.org/experiments/rtp-hdrext/abs-send-time\r\na=extmap:3 urn:3gpp:video-orientation\r\na=extmap:4 http://www.ietf.org/id/draft-holmer-rmcat-transport-wide-cc-extensions-01\r\na=extmap:5 http://www.webrtc.org/experiments/rtp-hdrext/playout-delay\r\na=extmap:6 http://www.webrtc.org/experiments/rtp-hdrext/video-content-type\r\na=extmap:7 http://www.webrtc.org/experiments/rtp-hdrext/video-timing\r\na=extmap:8 http://www.webrtc.org/experiments/rtp-hdrext/color-space\r\na=extmap:9 urn:ietf:params:rtp-hdrext:sdes:mid\r\na=extmap:10 urn:ietf:params:rtp-hdrext:sdes:rtp-stream-id\r\na=extmap:11 urn:ietf:params:rtp-hdrext:sdes:repaired-rtp-stream-id\r\na=sendonly\r\na=msid:ARDAMS ARDAMSvvideoTrack0\r\na=rtcp-mux\r\na=rtcp-rsize\r\na=rtpmap:127 H264/90000\r\na=rtcp-fb:127 goog-remb\r\na=rtcp-fb:127 transport-cc\r\na=rtcp-fb:127 ccm fir\r\na=rtcp-fb:127 nack\r\na=rtcp-fb:127 nack pli\r\na=fmtp:127 level-asymmetry-allowed=1;packetization-mode=1;profile-level-id=42e01f\r\na=rtpmap:125 rtx/90000\r\na=fmtp:125 apt=127\r\na=ssrc-group:FID 3526775057 1467703383\r\na=ssrc:3526775057 cname:Tc0O7Y1XO6d0KtSE\r\na=ssrc:3526775057 msid:ARDAMS ARDAMSvvideoTrack0\r\na=ssrc:1467703383 cname:Tc0O7Y1XO6d0KtSE\r\na=ssrc:1467703383 msid:ARDAMS ARDAMSvvideoTrack0\r\nm=audio 9 UDP/TLS/RTP/SAVPF 111 63 110\r\nc=IN IP4 0.0.0.0\r\na=rtcp:9 IN IP4 0.0.0.0\r\na=ice-ufrag:+zT4\r\na=ice-pwd:GZxb2T+wJgghJnA6+jKljBEI\r\na=ice-options:trickle renomination\r\na=fingerprint:sha-256 9E:C2:D2:17:62:E0:00:20:B0:34:D3:61:C7:4E:7A:E3:90:06:48:E8:00:C6:91:12:A3:8D:14:43:CB:B9:FC:8C\r\na=setup:actpass\r\na=mid:1\r\na=extmap:14 urn:ietf:params:rtp-hdrext:ssrc-audio-level\r\na=extmap:2 http://www.webrtc.org/experiments/rtp-hdrext/abs-send-time\r\na=extmap:4 http://www.ietf.org/id/draft-holmer-rmcat-transport-wide-cc-extensions-01\r\na=extmap:9 urn:ietf:params:rtp-hdrext:sdes:mid\r\na=sendonly\r\na=msid:ARDAMS ARDAMSaaudioTrack0\r\na=rtcp-mux\r\na=rtpmap:111 opus/48000/2\r\na=rtcp-fb:111 transport-cc\r\na=fmtp:111 minptime=10;useinbandfec=1\r\na=rtpmap:63 red/48000/2\r\na=fmtp:63 111/111\r\na=rtpmap:110 telephone-event/48000\r\na=ssrc:3165255271 cname:Tc0O7Y1XO6d0KtSE\r\na=ssrc:3165255271 msid:ARDAMS ARDAMSaaudioTrack0\r\nm=application 9 UDP/DTLS/SCTP webrtc-datachannel\r\nc=IN IP4 0.0.0.0\r\na=ice-ufrag:+zT4\r\na=ice-pwd:GZxb2T+wJgghJnA6+jKljBEI\r\na=ice-options:trickle renomination\r\na=fingerprint:sha-256 9E:C2:D2:17:62:E0:00:20:B0:34:D3:61:C7:4E:7A:E3:90:06:48:E8:00:C6:91:12:A3:8D:14:43:CB:B9:FC:8C\r\na=setup:actpass\r\na=mid:2\r\na=sctp-port:5000\r\na=max-message-size:262144\r\n'}
<__main__.WebRTCClient object at 0x7cbe86d4a8d0> test-5 {'test-0': <__main__.WebRTCClient object at 0x7cbe867b1e80>, 'test-1': <__main__.WebRTCClient object at 0x7cbe868091d0>, 'test-2': <__main__.WebRTCClient object at 0x7cbe86808cd0>, 'test-3': <__main__.WebRTCClient object at 0x7cbe867e68b0>, 'test-4': <__main__.WebRTCClient object at 0x7cbe867e6190>, 'test-5': <__main__.WebRTCClient object at 0x7cbe86d4a8d0>, 'test-6': <__main__.WebRTCClient object at 0x7cbe86dc6470>, 'test-7': <__main__.WebRTCClient object at 0x7cbe86dc6360>, 'test-8': <__main__.WebRTCClient object at 0x7cbe86829250>, 'test-9': <__main__.WebRTCClient object at 0x7cbe86829350>, 'test-10': <__main__.WebRTCClient object at 0x7cbe8683c410>, 'test-11': <__main__.WebRTCClient object at 0x7cbe8683c5f0>, 'test-12': <__main__.WebRTCClient object at 0x7cbe86de75b0>, 'test-13': <__main__.WebRTCClient object at 0x7cbe86820f30>, 'test-14': <__main__.WebRTCClient object at 0x7cbe867e9bf0>, 'test-15': <__main__.WebRTCClient object at 0x7cbe86da6090>, 'test-16': <__main__.WebRTCClient object at 0x7cbe86da6210>, 'test-17': <__main__.WebRTCClient object at 0x7cbe867e0f70>, 'test-18': <__main__.WebRTCClient object at 0x7cbe867e1020>, 'test-19': <__main__.WebRTCClient object at 0x7cbe8682cb90>, 'test-20': <__main__.WebRTCClient object at 0x7cbe8682d130>, 'test-21': <__main__.WebRTCClient object at 0x7cbe86d9b380>, 'test-22': <__main__.WebRTCClient object at 0x7cbe868039d0>, 'test-23': <__main__.WebRTCClient object at 0x7cbe86803b50>, 'test-24': <__main__.WebRTCClient object at 0x7cbe86803cd0>, 'test-25': <__main__.WebRTCClient object at 0x7cbe86803e50>, 'test-26': <__main__.WebRTCClient object at 0x7cbe868038d0>, 'test-27': <__main__.WebRTCClient object at 0x7cbe86803ed0>, 'test-28': <__main__.WebRTCClient object at 0x7cbe8684c350>, 'test-29': <__main__.WebRTCClient object at 0x7cbe8684c4d0>}
Creating WebRTC Pipeline play test-5
Message: takeConfiguration {'streamId': 'test-6', 'linkSession': None, 'idMapping': {'0': 'ARDAMSvvideoTrack0', '1': 'ARDAMSaaudioTrack0'}, 'subscriberId': None, 'type': 'offer', 'command': 'takeConfiguration', 'sdp': 'v=0\r\no=- 8701408452997604585 2 IN IP4 127.0.0.1\r\ns=-\r\nt=0 0\r\na=group:BUNDLE 0 1 2\r\na=extmap-allow-mixed\r\na=msid-semantic: WMS ARDAMS\r\nm=video 9 UDP/TLS/RTP/SAVPF 127 125\r\nc=IN IP4 0.0.0.0\r\na=rtcp:9 IN IP4 0.0.0.0\r\na=ice-ufrag:+Qgv\r\na=ice-pwd:+AbVEdidlM8tTgo/hkxQv8LL\r\na=ice-options:trickle renomination\r\na=fingerprint:sha-256 B9:2F:A7:31:1B:FB:F7:45:BC:12:CA:19:08:18:BC:BC:BA:FF:27:A6:14:C8:86:37:60:F3:05:C3:37:0D:1A:B4\r\na=setup:actpass\r\na=mid:0\r\na=extmap:1 urn:ietf:params:rtp-hdrext:toffset\r\na=extmap:2 http://www.webrtc.org/experiments/rtp-hdrext/abs-send-time\r\na=extmap:3 urn:3gpp:video-orientation\r\na=extmap:4 http://www.ietf.org/id/draft-holmer-rmcat-transport-wide-cc-extensions-01\r\na=extmap:5 http://www.webrtc.org/experiments/rtp-hdrext/playout-delay\r\na=extmap:6 http://www.webrtc.org/experiments/rtp-hdrext/video-content-type\r\na=extmap:7 http://www.webrtc.org/experiments/rtp-hdrext/video-timing\r\na=extmap:8 http://www.webrtc.org/experiments/rtp-hdrext/color-space\r\na=extmap:9 urn:ietf:params:rtp-hdrext:sdes:mid\r\na=extmap:10 urn:ietf:params:rtp-hdrext:sdes:rtp-stream-id\r\na=extmap:11 urn:ietf:params:rtp-hdrext:sdes:repaired-rtp-stream-id\r\na=sendonly\r\na=msid:ARDAMS ARDAMSvvideoTrack0\r\na=rtcp-mux\r\na=rtcp-rsize\r\na=rtpmap:127 H264/90000\r\na=rtcp-fb:127 goog-remb\r\na=rtcp-fb:127 transport-cc\r\na=rtcp-fb:127 ccm fir\r\na=rtcp-fb:127 nack\r\na=rtcp-fb:127 nack pli\r\na=fmtp:127 level-asymmetry-allowed=1;packetization-mode=1;profile-level-id=42e01f\r\na=rtpmap:125 rtx/90000\r\na=fmtp:125 apt=127\r\na=ssrc-group:FID 216600480 3222545856\r\na=ssrc:216600480 cname:D8pY/A6JqnhPENJK\r\na=ssrc:216600480 msid:ARDAMS ARDAMSvvideoTrack0\r\na=ssrc:3222545856 cname:D8pY/A6JqnhPENJK\r\na=ssrc:3222545856 msid:ARDAMS ARDAMSvvideoTrack0\r\nm=audio 9 UDP/TLS/RTP/SAVPF 111 63 110\r\nc=IN IP4 0.0.0.0\r\na=rtcp:9 IN IP4 0.0.0.0\r\na=ice-ufrag:+Qgv\r\na=ice-pwd:+AbVEdidlM8tTgo/hkxQv8LL\r\na=ice-options:trickle renomination\r\na=fingerprint:sha-256 B9:2F:A7:31:1B:FB:F7:45:BC:12:CA:19:08:18:BC:BC:BA:FF:27:A6:14:C8:86:37:60:F3:05:C3:37:0D:1A:B4\r\na=setup:actpass\r\na=mid:1\r\na=extmap:14 urn:ietf:params:rtp-hdrext:ssrc-audio-level\r\na=extmap:2 http://www.webrtc.org/experiments/rtp-hdrext/abs-send-time\r\na=extmap:4 http://www.ietf.org/id/draft-holmer-rmcat-transport-wide-cc-extensions-01\r\na=extmap:9 urn:ietf:params:rtp-hdrext:sdes:mid\r\na=sendonly\r\na=msid:ARDAMS ARDAMSaaudioTrack0\r\na=rtcp-mux\r\na=rtpmap:111 opus/48000/2\r\na=rtcp-fb:111 transport-cc\r\na=fmtp:111 minptime=10;useinbandfec=1\r\na=rtpmap:63 red/48000/2\r\na=fmtp:63 111/111\r\na=rtpmap:110 telephone-event/48000\r\na=ssrc:1510069728 cname:D8pY/A6JqnhPENJK\r\na=ssrc:1510069728 msid:ARDAMS ARDAMSaaudioTrack0\r\nm=application 9 UDP/DTLS/SCTP webrtc-datachannel\r\nc=IN IP4 0.0.0.0\r\na=ice-ufrag:+Qgv\r\na=ice-pwd:+AbVEdidlM8tTgo/hkxQv8LL\r\na=ice-options:trickle renomination\r\na=fingerprint:sha-256 B9:2F:A7:31:1B:FB:F7:45:BC:12:CA:19:08:18:BC:BC:BA:FF:27:A6:14:C8:86:37:60:F3:05:C3:37:0D:1A:B4\r\na=setup:actpass\r\na=mid:2\r\na=sctp-port:5000\r\na=max-message-size:262144\r\n'}
<__main__.WebRTCClient object at 0x7cbe86dc6470> test-6 {'test-0': <__main__.WebRTCClient object at 0x7cbe867b1e80>, 'test-1': <__main__.WebRTCClient object at 0x7cbe868091d0>, 'test-2': <__main__.WebRTCClient object at 0x7cbe86808cd0>, 'test-3': <__main__.WebRTCClient object at 0x7cbe867e68b0>, 'test-4': <__main__.WebRTCClient object at 0x7cbe867e6190>, 'test-5': <__main__.WebRTCClient object at 0x7cbe86d4a8d0>, 'test-6': <__main__.WebRTCClient object at 0x7cbe86dc6470>, 'test-7': <__main__.WebRTCClient object at 0x7cbe86dc6360>, 'test-8': <__main__.WebRTCClient object at 0x7cbe86829250>, 'test-9': <__main__.WebRTCClient object at 0x7cbe86829350>, 'test-10': <__main__.WebRTCClient object at 0x7cbe8683c410>, 'test-11': <__main__.WebRTCClient object at 0x7cbe8683c5f0>, 'test-12': <__main__.WebRTCClient object at 0x7cbe86de75b0>, 'test-13': <__main__.WebRTCClient object at 0x7cbe86820f30>, 'test-14': <__main__.WebRTCClient object at 0x7cbe867e9bf0>, 'test-15': <__main__.WebRTCClient object at 0x7cbe86da6090>, 'test-16': <__main__.WebRTCClient object at 0x7cbe86da6210>, 'test-17': <__main__.WebRTCClient object at 0x7cbe867e0f70>, 'test-18': <__main__.WebRTCClient object at 0x7cbe867e1020>, 'test-19': <__main__.WebRTCClient object at 0x7cbe8682cb90>, 'test-20': <__main__.WebRTCClient object at 0x7cbe8682d130>, 'test-21': <__main__.WebRTCClient object at 0x7cbe86d9b380>, 'test-22': <__main__.WebRTCClient object at 0x7cbe868039d0>, 'test-23': <__main__.WebRTCClient object at 0x7cbe86803b50>, 'test-24': <__main__.WebRTCClient object at 0x7cbe86803cd0>, 'test-25': <__main__.WebRTCClient object at 0x7cbe86803e50>, 'test-26': <__main__.WebRTCClient object at 0x7cbe868038d0>, 'test-27': <__main__.WebRTCClient object at 0x7cbe86803ed0>, 'test-28': <__main__.WebRTCClient object at 0x7cbe8684c350>, 'test-29': <__main__.WebRTCClient object at 0x7cbe8684c4d0>}
Creating WebRTC Pipeline play test-6
answer created
Message: takeConfiguration {'streamId': 'test-7', 'linkSession': None, 'idMapping': {'0': 'ARDAMSvvideoTrack0', '1': 'ARDAMSaaudioTrack0'}, 'subscriberId': None, 'type': 'offer', 'command': 'takeConfiguration', 'sdp': 'v=0\r\no=- 4297346390461632495 2 IN IP4 127.0.0.1\r\ns=-\r\nt=0 0\r\na=group:BUNDLE 0 1 2\r\na=extmap-allow-mixed\r\na=msid-semantic: WMS ARDAMS\r\nm=video 9 UDP/TLS/RTP/SAVPF 127 125\r\nc=IN IP4 0.0.0.0\r\na=rtcp:9 IN IP4 0.0.0.0\r\na=ice-ufrag:Teo/\r\na=ice-pwd:J/P/qv9N90vpKSBGxmOBGTsf\r\na=ice-options:trickle renomination\r\na=fingerprint:sha-256 72:42:F3:D3:74:2F:E5:98:C5:B2:28:2A:36:15:B5:82:AA:0A:A2:C7:39:99:89:F2:4E:0C:C0:EB:71:9F:4A:6B\r\na=setup:actpass\r\na=mid:0\r\na=extmap:1 urn:ietf:params:rtp-hdrext:toffset\r\na=extmap:2 http://www.webrtc.org/experiments/rtp-hdrext/abs-send-time\r\na=extmap:3 urn:3gpp:video-orientation\r\na=extmap:4 http://www.ietf.org/id/draft-holmer-rmcat-transport-wide-cc-extensions-01\r\na=extmap:5 http://www.webrtc.org/experiments/rtp-hdrext/playout-delay\r\na=extmap:6 http://www.webrtc.org/experiments/rtp-hdrext/video-content-type\r\na=extmap:7 http://www.webrtc.org/experiments/rtp-hdrext/video-timing\r\na=extmap:8 http://www.webrtc.org/experiments/rtp-hdrext/color-space\r\na=extmap:9 urn:ietf:params:rtp-hdrext:sdes:mid\r\na=extmap:10 urn:ietf:params:rtp-hdrext:sdes:rtp-stream-id\r\na=extmap:11 urn:ietf:params:rtp-hdrext:sdes:repaired-rtp-stream-id\r\na=sendonly\r\na=msid:ARDAMS ARDAMSvvideoTrack0\r\na=rtcp-mux\r\na=rtcp-rsize\r\na=rtpmap:127 H264/90000\r\na=rtcp-fb:127 goog-remb\r\na=rtcp-fb:127 transport-cc\r\na=rtcp-fb:127 ccm fir\r\na=rtcp-fb:127 nack\r\na=rtcp-fb:127 nack pli\r\na=fmtp:127 level-asymmetry-allowed=1;packetization-mode=1;profile-level-id=42e01f\r\na=rtpmap:125 rtx/90000\r\na=fmtp:125 apt=127\r\na=ssrc-group:FID 1885681705 434581424\r\na=ssrc:1885681705 cname:f46/d0gNP08kuN4P\r\na=ssrc:1885681705 msid:ARDAMS ARDAMSvvideoTrack0\r\na=ssrc:434581424 cname:f46/d0gNP08kuN4P\r\na=ssrc:434581424 msid:ARDAMS ARDAMSvvideoTrack0\r\nm=audio 9 UDP/TLS/RTP/SAVPF 111 63 110\r\nc=IN IP4 0.0.0.0\r\na=rtcp:9 IN IP4 0.0.0.0\r\na=ice-ufrag:Teo/\r\na=ice-pwd:J/P/qv9N90vpKSBGxmOBGTsf\r\na=ice-options:trickle renomination\r\na=fingerprint:sha-256 72:42:F3:D3:74:2F:E5:98:C5:B2:28:2A:36:15:B5:82:AA:0A:A2:C7:39:99:89:F2:4E:0C:C0:EB:71:9F:4A:6B\r\na=setup:actpass\r\na=mid:1\r\na=extmap:14 urn:ietf:params:rtp-hdrext:ssrc-audio-level\r\na=extmap:2 http://www.webrtc.org/experiments/rtp-hdrext/abs-send-time\r\na=extmap:4 http://www.ietf.org/id/draft-holmer-rmcat-transport-wide-cc-extensions-01\r\na=extmap:9 urn:ietf:params:rtp-hdrext:sdes:mid\r\na=sendonly\r\na=msid:ARDAMS ARDAMSaaudioTrack0\r\na=rtcp-mux\r\na=rtpmap:111 opus/48000/2\r\na=rtcp-fb:111 transport-cc\r\na=fmtp:111 minptime=10;useinbandfec=1\r\na=rtpmap:63 red/48000/2\r\na=fmtp:63 111/111\r\na=rtpmap:110 telephone-event/48000\r\na=ssrc:3029401412 cname:f46/d0gNP08kuN4P\r\na=ssrc:3029401412 msid:ARDAMS ARDAMSaaudioTrack0\r\nm=application 9 UDP/DTLS/SCTP webrtc-datachannel\r\nc=IN IP4 0.0.0.0\r\na=ice-ufrag:Teo/\r\na=ice-pwd:J/P/qv9N90vpKSBGxmOBGTsf\r\na=ice-options:trickle renomination\r\na=fingerprint:sha-256 72:42:F3:D3:74:2F:E5:98:C5:B2:28:2A:36:15:B5:82:AA:0A:A2:C7:39:99:89:F2:4E:0C:C0:EB:71:9F:4A:6B\r\na=setup:actpass\r\na=mid:2\r\na=sctp-port:5000\r\na=max-message-size:262144\r\n'}
<__main__.WebRTCClient object at 0x7cbe86dc6360> test-7 {'test-0': <__main__.WebRTCClient object at 0x7cbe867b1e80>, 'test-1': <__main__.WebRTCClient object at 0x7cbe868091d0>, 'test-2': <__main__.WebRTCClient object at 0x7cbe86808cd0>, 'test-3': <__main__.WebRTCClient object at 0x7cbe867e68b0>, 'test-4': <__main__.WebRTCClient object at 0x7cbe867e6190>, 'test-5': <__main__.WebRTCClient object at 0x7cbe86d4a8d0>, 'test-6': <__main__.WebRTCClient object at 0x7cbe86dc6470>, 'test-7': <__main__.WebRTCClient object at 0x7cbe86dc6360>, 'test-8': <__main__.WebRTCClient object at 0x7cbe86829250>, 'test-9': <__main__.WebRTCClient object at 0x7cbe86829350>, 'test-10': <__main__.WebRTCClient object at 0x7cbe8683c410>, 'test-11': <__main__.WebRTCClient object at 0x7cbe8683c5f0>, 'test-12': <__main__.WebRTCClient object at 0x7cbe86de75b0>, 'test-13': <__main__.WebRTCClient object at 0x7cbe86820f30>, 'test-14': <__main__.WebRTCClient object at 0x7cbe867e9bf0>, 'test-15': <__main__.WebRTCClient object at 0x7cbe86da6090>, 'test-16': <__main__.WebRTCClient object at 0x7cbe86da6210>, 'test-17': <__main__.WebRTCClient object at 0x7cbe867e0f70>, 'test-18': <__main__.WebRTCClient object at 0x7cbe867e1020>, 'test-19': <__main__.WebRTCClient object at 0x7cbe8682cb90>, 'test-20': <__main__.WebRTCClient object at 0x7cbe8682d130>, 'test-21': <__main__.WebRTCClient object at 0x7cbe86d9b380>, 'test-22': <__main__.WebRTCClient object at 0x7cbe868039d0>, 'test-23': <__main__.WebRTCClient object at 0x7cbe86803b50>, 'test-24': <__main__.WebRTCClient object at 0x7cbe86803cd0>, 'test-25': <__main__.WebRTCClient object at 0x7cbe86803e50>, 'test-26': <__main__.WebRTCClient object at 0x7cbe868038d0>, 'test-27': <__main__.WebRTCClient object at 0x7cbe86803ed0>, 'test-28': <__main__.WebRTCClient object at 0x7cbe8684c350>, 'test-29': <__main__.WebRTCClient object at 0x7cbe8684c4d0>}
Creating WebRTC Pipeline play test-7
answer created
Message: takeConfiguration {'streamId': 'test-8', 'linkSession': None, 'idMapping': {'0': 'ARDAMSvvideoTrack0', '1': 'ARDAMSaaudioTrack0'}, 'subscriberId': None, 'type': 'offer', 'command': 'takeConfiguration', 'sdp': 'v=0\r\no=- 3781454059950679528 2 IN IP4 127.0.0.1\r\ns=-\r\nt=0 0\r\na=group:BUNDLE 0 1 2\r\na=extmap-allow-mixed\r\na=msid-semantic: WMS ARDAMS\r\nm=video 9 UDP/TLS/RTP/SAVPF 127 125\r\nc=IN IP4 0.0.0.0\r\na=rtcp:9 IN IP4 0.0.0.0\r\na=ice-ufrag:3OzG\r\na=ice-pwd:ANSw91fewSYnO0p7TaWXeZFv\r\na=ice-options:trickle renomination\r\na=fingerprint:sha-256 C7:5E:70:75:CC:C9:3E:57:9B:24:98:B2:E8:DD:F6:8D:8F:19:83:3F:CB:D4:AC:6F:10:5D:7F:35:05:CA:F8:2F\r\na=setup:actpass\r\na=mid:0\r\na=extmap:1 urn:ietf:params:rtp-hdrext:toffset\r\na=extmap:2 http://www.webrtc.org/experiments/rtp-hdrext/abs-send-time\r\na=extmap:3 urn:3gpp:video-orientation\r\na=extmap:4 http://www.ietf.org/id/draft-holmer-rmcat-transport-wide-cc-extensions-01\r\na=extmap:5 http://www.webrtc.org/experiments/rtp-hdrext/playout-delay\r\na=extmap:6 http://www.webrtc.org/experiments/rtp-hdrext/video-content-type\r\na=extmap:7 http://www.webrtc.org/experiments/rtp-hdrext/video-timing\r\na=extmap:8 http://www.webrtc.org/experiments/rtp-hdrext/color-space\r\na=extmap:9 urn:ietf:params:rtp-hdrext:sdes:mid\r\na=extmap:10 urn:ietf:params:rtp-hdrext:sdes:rtp-stream-id\r\na=extmap:11 urn:ietf:params:rtp-hdrext:sdes:repaired-rtp-stream-id\r\na=sendonly\r\na=msid:ARDAMS ARDAMSvvideoTrack0\r\na=rtcp-mux\r\na=rtcp-rsize\r\na=rtpmap:127 H264/90000\r\na=rtcp-fb:127 goog-remb\r\na=rtcp-fb:127 transport-cc\r\na=rtcp-fb:127 ccm fir\r\na=rtcp-fb:127 nack\r\na=rtcp-fb:127 nack pli\r\na=fmtp:127 level-asymmetry-allowed=1;packetization-mode=1;profile-level-id=42e01f\r\na=rtpmap:125 rtx/90000\r\na=fmtp:125 apt=127\r\na=ssrc-group:FID 470691901 2633170858\r\na=ssrc:470691901 cname:O4UYpUID6piMMak5\r\na=ssrc:470691901 msid:ARDAMS ARDAMSvvideoTrack0\r\na=ssrc:2633170858 cname:O4UYpUID6piMMak5\r\na=ssrc:2633170858 msid:ARDAMS ARDAMSvvideoTrack0\r\nm=audio 9 UDP/TLS/RTP/SAVPF 111 63 110\r\nc=IN IP4 0.0.0.0\r\na=rtcp:9 IN IP4 0.0.0.0\r\na=ice-ufrag:3OzG\r\na=ice-pwd:ANSw91fewSYnO0p7TaWXeZFv\r\na=ice-options:trickle renomination\r\na=fingerprint:sha-256 C7:5E:70:75:CC:C9:3E:57:9B:24:98:B2:E8:DD:F6:8D:8F:19:83:3F:CB:D4:AC:6F:10:5D:7F:35:05:CA:F8:2F\r\na=setup:actpass\r\na=mid:1\r\na=extmap:14 urn:ietf:params:rtp-hdrext:ssrc-audio-level\r\na=extmap:2 http://www.webrtc.org/experiments/rtp-hdrext/abs-send-time\r\na=extmap:4 http://www.ietf.org/id/draft-holmer-rmcat-transport-wide-cc-extensions-01\r\na=extmap:9 urn:ietf:params:rtp-hdrext:sdes:mid\r\na=sendonly\r\na=msid:ARDAMS ARDAMSaaudioTrack0\r\na=rtcp-mux\r\na=rtpmap:111 opus/48000/2\r\na=rtcp-fb:111 transport-cc\r\na=fmtp:111 minptime=10;useinbandfec=1\r\na=rtpmap:63 red/48000/2\r\na=fmtp:63 111/111\r\na=rtpmap:110 telephone-event/48000\r\na=ssrc:1056499021 cname:O4UYpUID6piMMak5\r\na=ssrc:1056499021 msid:ARDAMS ARDAMSaaudioTrack0\r\nm=application 9 UDP/DTLS/SCTP webrtc-datachannel\r\nc=IN IP4 0.0.0.0\r\na=ice-ufrag:3OzG\r\na=ice-pwd:ANSw91fewSYnO0p7TaWXeZFv\r\na=ice-options:trickle renomination\r\na=fingerprint:sha-256 C7:5E:70:75:CC:C9:3E:57:9B:24:98:B2:E8:DD:F6:8D:8F:19:83:3F:CB:D4:AC:6F:10:5D:7F:35:05:CA:F8:2F\r\na=setup:actpass\r\na=mid:2\r\na=sctp-port:5000\r\na=max-message-size:262144\r\n'}
<__main__.WebRTCClient object at 0x7cbe86829250> test-8 {'test-0': <__main__.WebRTCClient object at 0x7cbe867b1e80>, 'test-1': <__main__.WebRTCClient object at 0x7cbe868091d0>, 'test-2': <__main__.WebRTCClient object at 0x7cbe86808cd0>, 'test-3': <__main__.WebRTCClient object at 0x7cbe867e68b0>, 'test-4': <__main__.WebRTCClient object at 0x7cbe867e6190>, 'test-5': <__main__.WebRTCClient object at 0x7cbe86d4a8d0>, 'test-6': <__main__.WebRTCClient object at 0x7cbe86dc6470>, 'test-7': <__main__.WebRTCClient object at 0x7cbe86dc6360>, 'test-8': <__main__.WebRTCClient object at 0x7cbe86829250>, 'test-9': <__main__.WebRTCClient object at 0x7cbe86829350>, 'test-10': <__main__.WebRTCClient object at 0x7cbe8683c410>, 'test-11': <__main__.WebRTCClient object at 0x7cbe8683c5f0>, 'test-12': <__main__.WebRTCClient object at 0x7cbe86de75b0>, 'test-13': <__main__.WebRTCClient object at 0x7cbe86820f30>, 'test-14': <__main__.WebRTCClient object at 0x7cbe867e9bf0>, 'test-15': <__main__.WebRTCClient object at 0x7cbe86da6090>, 'test-16': <__main__.WebRTCClient object at 0x7cbe86da6210>, 'test-17': <__main__.WebRTCClient object at 0x7cbe867e0f70>, 'test-18': <__main__.WebRTCClient object at 0x7cbe867e1020>, 'test-19': <__main__.WebRTCClient object at 0x7cbe8682cb90>, 'test-20': <__main__.WebRTCClient object at 0x7cbe8682d130>, 'test-21': <__main__.WebRTCClient object at 0x7cbe86d9b380>, 'test-22': <__main__.WebRTCClient object at 0x7cbe868039d0>, 'test-23': <__main__.WebRTCClient object at 0x7cbe86803b50>, 'test-24': <__main__.WebRTCClient object at 0x7cbe86803cd0>, 'test-25': <__main__.WebRTCClient object at 0x7cbe86803e50>, 'test-26': <__main__.WebRTCClient object at 0x7cbe868038d0>, 'test-27': <__main__.WebRTCClient object at 0x7cbe86803ed0>, 'test-28': <__main__.WebRTCClient object at 0x7cbe8684c350>, 'test-29': <__main__.WebRTCClient object at 0x7cbe8684c4d0>}
Creating WebRTC Pipeline play test-8
answer created
Message: takeConfiguration {'streamId': 'test-9', 'linkSession': None, 'idMapping': {'0': 'ARDAMSvvideoTrack0', '1': 'ARDAMSaaudioTrack0'}, 'subscriberId': None, 'type': 'offer', 'command': 'takeConfiguration', 'sdp': 'v=0\r\no=- 2371831727656372236 2 IN IP4 127.0.0.1\r\ns=-\r\nt=0 0\r\na=group:BUNDLE 0 1 2\r\na=extmap-allow-mixed\r\na=msid-semantic: WMS ARDAMS\r\nm=video 9 UDP/TLS/RTP/SAVPF 127 125\r\nc=IN IP4 0.0.0.0\r\na=rtcp:9 IN IP4 0.0.0.0\r\na=ice-ufrag:pi6u\r\na=ice-pwd:1j1DUxFciNdZILsKElrtPiba\r\na=ice-options:trickle renomination\r\na=fingerprint:sha-256 FE:96:C2:7C:3C:1A:44:8F:2D:49:05:9F:0D:D3:28:36:55:F6:8C:6E:DA:2C:30:62:40:42:D1:A8:6D:B6:D7:2B\r\na=setup:actpass\r\na=mid:0\r\na=extmap:1 urn:ietf:params:rtp-hdrext:toffset\r\na=extmap:2 http://www.webrtc.org/experiments/rtp-hdrext/abs-send-time\r\na=extmap:3 urn:3gpp:video-orientation\r\na=extmap:4 http://www.ietf.org/id/draft-holmer-rmcat-transport-wide-cc-extensions-01\r\na=extmap:5 http://www.webrtc.org/experiments/rtp-hdrext/playout-delay\r\na=extmap:6 http://www.webrtc.org/experiments/rtp-hdrext/video-content-type\r\na=extmap:7 http://www.webrtc.org/experiments/rtp-hdrext/video-timing\r\na=extmap:8 http://www.webrtc.org/experiments/rtp-hdrext/color-space\r\na=extmap:9 urn:ietf:params:rtp-hdrext:sdes:mid\r\na=extmap:10 urn:ietf:params:rtp-hdrext:sdes:rtp-stream-id\r\na=extmap:11 urn:ietf:params:rtp-hdrext:sdes:repaired-rtp-stream-id\r\na=sendonly\r\na=msid:ARDAMS ARDAMSvvideoTrack0\r\na=rtcp-mux\r\na=rtcp-rsize\r\na=rtpmap:127 H264/90000\r\na=rtcp-fb:127 goog-remb\r\na=rtcp-fb:127 transport-cc\r\na=rtcp-fb:127 ccm fir\r\na=rtcp-fb:127 nack\r\na=rtcp-fb:127 nack pli\r\na=fmtp:127 level-asymmetry-allowed=1;packetization-mode=1;profile-level-id=42e01f\r\na=rtpmap:125 rtx/90000\r\na=fmtp:125 apt=127\r\na=ssrc-group:FID 2421206431 3427811893\r\na=ssrc:2421206431 cname:ST2pgHz0qEp5yb5b\r\na=ssrc:2421206431 msid:ARDAMS ARDAMSvvideoTrack0\r\na=ssrc:3427811893 cname:ST2pgHz0qEp5yb5b\r\na=ssrc:3427811893 msid:ARDAMS ARDAMSvvideoTrack0\r\nm=audio 9 UDP/TLS/RTP/SAVPF 111 63 110\r\nc=IN IP4 0.0.0.0\r\na=rtcp:9 IN IP4 0.0.0.0\r\na=ice-ufrag:pi6u\r\na=ice-pwd:1j1DUxFciNdZILsKElrtPiba\r\na=ice-options:trickle renomination\r\na=fingerprint:sha-256 FE:96:C2:7C:3C:1A:44:8F:2D:49:05:9F:0D:D3:28:36:55:F6:8C:6E:DA:2C:30:62:40:42:D1:A8:6D:B6:D7:2B\r\na=setup:actpass\r\na=mid:1\r\na=extmap:14 urn:ietf:params:rtp-hdrext:ssrc-audio-level\r\na=extmap:2 http://www.webrtc.org/experiments/rtp-hdrext/abs-send-time\r\na=extmap:4 http://www.ietf.org/id/draft-holmer-rmcat-transport-wide-cc-extensions-01\r\na=extmap:9 urn:ietf:params:rtp-hdrext:sdes:mid\r\na=sendonly\r\na=msid:ARDAMS ARDAMSaaudioTrack0\r\na=rtcp-mux\r\na=rtpmap:111 opus/48000/2\r\na=rtcp-fb:111 transport-cc\r\na=fmtp:111 minptime=10;useinbandfec=1\r\na=rtpmap:63 red/48000/2\r\na=fmtp:63 111/111\r\na=rtpmap:110 telephone-event/48000\r\na=ssrc:3641560491 cname:ST2pgHz0qEp5yb5b\r\na=ssrc:3641560491 msid:ARDAMS ARDAMSaaudioTrack0\r\nm=application 9 UDP/DTLS/SCTP webrtc-datachannel\r\nc=IN IP4 0.0.0.0\r\na=ice-ufrag:pi6u\r\na=ice-pwd:1j1DUxFciNdZILsKElrtPiba\r\na=ice-options:trickle renomination\r\na=fingerprint:sha-256 FE:96:C2:7C:3C:1A:44:8F:2D:49:05:9F:0D:D3:28:36:55:F6:8C:6E:DA:2C:30:62:40:42:D1:A8:6D:B6:D7:2B\r\na=setup:actpass\r\na=mid:2\r\na=sctp-port:5000\r\na=max-message-size:262144\r\n'}
<__main__.WebRTCClient object at 0x7cbe86829350> test-9 {'test-0': <__main__.WebRTCClient object at 0x7cbe867b1e80>, 'test-1': <__main__.WebRTCClient object at 0x7cbe868091d0>, 'test-2': <__main__.WebRTCClient object at 0x7cbe86808cd0>, 'test-3': <__main__.WebRTCClient object at 0x7cbe867e68b0>, 'test-4': <__main__.WebRTCClient object at 0x7cbe867e6190>, 'test-5': <__main__.WebRTCClient object at 0x7cbe86d4a8d0>, 'test-6': <__main__.WebRTCClient object at 0x7cbe86dc6470>, 'test-7': <__main__.WebRTCClient object at 0x7cbe86dc6360>, 'test-8': <__main__.WebRTCClient object at 0x7cbe86829250>, 'test-9': <__main__.WebRTCClient object at 0x7cbe86829350>, 'test-10': <__main__.WebRTCClient object at 0x7cbe8683c410>, 'test-11': <__main__.WebRTCClient object at 0x7cbe8683c5f0>, 'test-12': <__main__.WebRTCClient object at 0x7cbe86de75b0>, 'test-13': <__main__.WebRTCClient object at 0x7cbe86820f30>, 'test-14': <__main__.WebRTCClient object at 0x7cbe867e9bf0>, 'test-15': <__main__.WebRTCClient object at 0x7cbe86da6090>, 'test-16': <__main__.WebRTCClient object at 0x7cbe86da6210>, 'test-17': <__main__.WebRTCClient object at 0x7cbe867e0f70>, 'test-18': <__main__.WebRTCClient object at 0x7cbe867e1020>, 'test-19': <__main__.WebRTCClient object at 0x7cbe8682cb90>, 'test-20': <__main__.WebRTCClient object at 0x7cbe8682d130>, 'test-21': <__main__.WebRTCClient object at 0x7cbe86d9b380>, 'test-22': <__main__.WebRTCClient object at 0x7cbe868039d0>, 'test-23': <__main__.WebRTCClient object at 0x7cbe86803b50>, 'test-24': <__main__.WebRTCClient object at 0x7cbe86803cd0>, 'test-25': <__main__.WebRTCClient object at 0x7cbe86803e50>, 'test-26': <__main__.WebRTCClient object at 0x7cbe868038d0>, 'test-27': <__main__.WebRTCClient object at 0x7cbe86803ed0>, 'test-28': <__main__.WebRTCClient object at 0x7cbe8684c350>, 'test-29': <__main__.WebRTCClient object at 0x7cbe8684c4d0>}
Creating WebRTC Pipeline play test-9
answer created
answer created
Message: takeCandidate {'candidate': 'candidate:3175718163 1 udp 2122260223 51.89.116.109 50046 typ host generation 0 ufrag rYyV network-id 1 network-cost 50', 'streamId': 'test-4', 'linkSession': None, 'subscriberId': None, 'label': 0, 'id': '0', 'command': 'takeCandidate'}
Message: takeCandidate {'candidate': 'candidate:3175718163 1 udp 2122260223 51.89.116.109 50047 typ host generation 0 ufrag rYyV network-id 1 network-cost 50', 'streamId': 'test-4', 'linkSession': None, 'subscriberId': None, 'label': 1, 'id': '1', 'command': 'takeCandidate'}
Message: takeCandidate {'candidate': 'candidate:3175718163 1 udp 2122260223 51.89.116.109 50048 typ host generation 0 ufrag rYyV network-id 1 network-cost 50', 'streamId': 'test-4', 'linkSession': None, 'subscriberId': None, 'label': 2, 'id': '2', 'command': 'takeCandidate'}
Message: takeCandidate {'candidate': 'candidate:1257195134 1 udp 2122260223 51.89.116.109 50052 typ host generation 0 ufrag +Qgv network-id 1 network-cost 50', 'streamId': 'test-6', 'linkSession': None, 'subscriberId': None, 'label': 0, 'id': '0', 'command': 'takeCandidate'}
Message: takeCandidate {'candidate': 'candidate:1257195134 1 udp 2122260223 51.89.116.109 50053 typ host generation 0 ufrag +Qgv network-id 1 network-cost 50', 'streamId': 'test-6', 'linkSession': None, 'subscriberId': None, 'label': 1, 'id': '1', 'command': 'takeCandidate'}
Message: takeCandidate {'candidate': 'candidate:1257195134 1 udp 2122260223 51.89.116.109 50054 typ host generation 0 ufrag +Qgv network-id 1 network-cost 50', 'streamId': 'test-6', 'linkSession': None, 'subscriberId': None, 'label': 2, 'id': '2', 'command': 'takeCandidate'}
Message: takeCandidate {'candidate': 'candidate:1337256113 1 udp 2122260223 51.89.116.109 50049 typ host generation 0 ufrag +zT4 network-id 1 network-cost 50', 'streamId': 'test-5', 'linkSession': None, 'subscriberId': None, 'label': 0, 'id': '0', 'command': 'takeCandidate'}
Message: takeCandidate {'candidate': 'candidate:1337256113 1 udp 2122260223 51.89.116.109 50050 typ host generation 0 ufrag +zT4 network-id 1 network-cost 50', 'streamId': 'test-5', 'linkSession': None, 'subscriberId': None, 'label': 1, 'id': '1', 'command': 'takeCandidate'}
Message: takeCandidate {'candidate': 'candidate:1337256113 1 udp 2122260223 51.89.116.109 50051 typ host generation 0 ufrag +zT4 network-id 1 network-cost 50', 'streamId': 'test-5', 'linkSession': None, 'subscriberId': None, 'label': 2, 'id': '2', 'command': 'takeCandidate'}
Message: takeCandidate {'candidate': 'candidate:3121420151 1 udp 2122260223 51.89.116.109 50055 typ host generation 0 ufrag Teo/ network-id 1 network-cost 50', 'streamId': 'test-7', 'linkSession': None, 'subscriberId': None, 'label': 0, 'id': '0', 'command': 'takeCandidate'}
Message: takeCandidate {'candidate': 'candidate:3121420151 1 udp 2122260223 51.89.116.109 50056 typ host generation 0 ufrag Teo/ network-id 1 network-cost 50', 'streamId': 'test-7', 'linkSession': None, 'subscriberId': None, 'label': 1, 'id': '1', 'command': 'takeCandidate'}
Message: takeCandidate {'candidate': 'candidate:3121420151 1 udp 2122260223 51.89.116.109 50057 typ host generation 0 ufrag Teo/ network-id 1 network-cost 50', 'streamId': 'test-7', 'linkSession': None, 'subscriberId': None, 'label': 2, 'id': '2', 'command': 'takeCandidate'}
Message: takeCandidate {'candidate': 'candidate:572203092 1 udp 2122260223 51.89.116.109 50058 typ host generation 0 ufrag 3OzG network-id 1 network-cost 50', 'streamId': 'test-8', 'linkSession': None, 'subscriberId': None, 'label': 0, 'id': '0', 'command': 'takeCandidate'}
Message: takeCandidate {'candidate': 'candidate:572203092 1 udp 2122260223 51.89.116.109 50059 typ host generation 0 ufrag 3OzG network-id 1 network-cost 50', 'streamId': 'test-8', 'linkSession': None, 'subscriberId': None, 'label': 1, 'id': '1', 'command': 'takeCandidate'}
Message: takeCandidate {'candidate': 'candidate:572203092 1 udp 2122260223 51.89.116.109 50060 typ host generation 0 ufrag 3OzG network-id 1 network-cost 50', 'streamId': 'test-8', 'linkSession': None, 'subscriberId': None, 'label': 2, 'id': '2', 'command': 'takeCandidate'}
Message: takeCandidate {'candidate': 'candidate:289486683 1 udp 2122260223 51.89.116.109 50061 typ host generation 0 ufrag pi6u network-id 1 network-cost 50', 'streamId': 'test-9', 'linkSession': None, 'subscriberId': None, 'label': 0, 'id': '0', 'command': 'takeCandidate'}
Message: takeCandidate {'candidate': 'candidate:289486683 1 udp 2122260223 51.89.116.109 50062 typ host generation 0 ufrag pi6u network-id 1 network-cost 50', 'streamId': 'test-9', 'linkSession': None, 'subscriberId': None, 'label': 1, 'id': '1', 'command': 'takeCandidate'}
Message: takeCandidate {'candidate': 'candidate:289486683 1 udp 2122260223 51.89.116.109 50063 typ host generation 0 ufrag pi6u network-id 1 network-cost 50', 'streamId': 'test-9', 'linkSession': None, 'subscriberId': None, 'label': 2, 'id': '2', 'command': 'takeCandidate'}
Send SDP answer test-3
Send SDP answer test-4
Send SDP answer test-5
Send SDP answer test-6
Send SDP answer test-7
answer created
answer created
Send SDP answer test-8
Send SDP answer test-9
Message: takeConfiguration {'streamId': 'test-10', 'linkSession': None, 'idMapping': {'0': 'ARDAMSvvideoTrack0', '1': 'ARDAMSaaudioTrack0'}, 'subscriberId': None, 'type': 'offer', 'command': 'takeConfiguration', 'sdp': 'v=0\r\no=- 2592641157326326875 2 IN IP4 127.0.0.1\r\ns=-\r\nt=0 0\r\na=group:BUNDLE 0 1 2\r\na=extmap-allow-mixed\r\na=msid-semantic: WMS ARDAMS\r\nm=video 9 UDP/TLS/RTP/SAVPF 127 125\r\nc=IN IP4 0.0.0.0\r\na=rtcp:9 IN IP4 0.0.0.0\r\na=ice-ufrag:nQAQ\r\na=ice-pwd:B0cgxvQyTJxisgiGp0aYYNoX\r\na=ice-options:trickle renomination\r\na=fingerprint:sha-256 CD:46:68:DD:08:61:7B:94:CB:01:56:1A:6E:BA:E9:D7:7E:DD:B1:65:DD:33:A2:E7:E4:6E:81:7F:90:C6:D2:07\r\na=setup:actpass\r\na=mid:0\r\na=extmap:1 urn:ietf:params:rtp-hdrext:toffset\r\na=extmap:2 http://www.webrtc.org/experiments/rtp-hdrext/abs-send-time\r\na=extmap:3 urn:3gpp:video-orientation\r\na=extmap:4 http://www.ietf.org/id/draft-holmer-rmcat-transport-wide-cc-extensions-01\r\na=extmap:5 http://www.webrtc.org/experiments/rtp-hdrext/playout-delay\r\na=extmap:6 http://www.webrtc.org/experiments/rtp-hdrext/video-content-type\r\na=extmap:7 http://www.webrtc.org/experiments/rtp-hdrext/video-timing\r\na=extmap:8 http://www.webrtc.org/experiments/rtp-hdrext/color-space\r\na=extmap:9 urn:ietf:params:rtp-hdrext:sdes:mid\r\na=extmap:10 urn:ietf:params:rtp-hdrext:sdes:rtp-stream-id\r\na=extmap:11 urn:ietf:params:rtp-hdrext:sdes:repaired-rtp-stream-id\r\na=sendonly\r\na=msid:ARDAMS ARDAMSvvideoTrack0\r\na=rtcp-mux\r\na=rtcp-rsize\r\na=rtpmap:127 H264/90000\r\na=rtcp-fb:127 goog-remb\r\na=rtcp-fb:127 transport-cc\r\na=rtcp-fb:127 ccm fir\r\na=rtcp-fb:127 nack\r\na=rtcp-fb:127 nack pli\r\na=fmtp:127 level-asymmetry-allowed=1;packetization-mode=1;profile-level-id=42e01f\r\na=rtpmap:125 rtx/90000\r\na=fmtp:125 apt=127\r\na=ssrc-group:FID 2807712577 3651360399\r\na=ssrc:2807712577 cname:zgxjazI/jY72+W42\r\na=ssrc:2807712577 msid:ARDAMS ARDAMSvvideoTrack0\r\na=ssrc:3651360399 cname:zgxjazI/jY72+W42\r\na=ssrc:3651360399 msid:ARDAMS ARDAMSvvideoTrack0\r\nm=audio 9 UDP/TLS/RTP/SAVPF 111 63 110\r\nc=IN IP4 0.0.0.0\r\na=rtcp:9 IN IP4 0.0.0.0\r\na=ice-ufrag:nQAQ\r\na=ice-pwd:B0cgxvQyTJxisgiGp0aYYNoX\r\na=ice-options:trickle renomination\r\na=fingerprint:sha-256 CD:46:68:DD:08:61:7B:94:CB:01:56:1A:6E:BA:E9:D7:7E:DD:B1:65:DD:33:A2:E7:E4:6E:81:7F:90:C6:D2:07\r\na=setup:actpass\r\na=mid:1\r\na=extmap:14 urn:ietf:params:rtp-hdrext:ssrc-audio-level\r\na=extmap:2 http://www.webrtc.org/experiments/rtp-hdrext/abs-send-time\r\na=extmap:4 http://www.ietf.org/id/draft-holmer-rmcat-transport-wide-cc-extensions-01\r\na=extmap:9 urn:ietf:params:rtp-hdrext:sdes:mid\r\na=sendonly\r\na=msid:ARDAMS ARDAMSaaudioTrack0\r\na=rtcp-mux\r\na=rtpmap:111 opus/48000/2\r\na=rtcp-fb:111 transport-cc\r\na=fmtp:111 minptime=10;useinbandfec=1\r\na=rtpmap:63 red/48000/2\r\na=fmtp:63 111/111\r\na=rtpmap:110 telephone-event/48000\r\na=ssrc:4089768491 cname:zgxjazI/jY72+W42\r\na=ssrc:4089768491 msid:ARDAMS ARDAMSaaudioTrack0\r\nm=application 9 UDP/DTLS/SCTP webrtc-datachannel\r\nc=IN IP4 0.0.0.0\r\na=ice-ufrag:nQAQ\r\na=ice-pwd:B0cgxvQyTJxisgiGp0aYYNoX\r\na=ice-options:trickle renomination\r\na=fingerprint:sha-256 CD:46:68:DD:08:61:7B:94:CB:01:56:1A:6E:BA:E9:D7:7E:DD:B1:65:DD:33:A2:E7:E4:6E:81:7F:90:C6:D2:07\r\na=setup:actpass\r\na=mid:2\r\na=sctp-port:5000\r\na=max-message-size:262144\r\n'}
<__main__.WebRTCClient object at 0x7cbe8683c410> test-10 {'test-0': <__main__.WebRTCClient object at 0x7cbe867b1e80>, 'test-1': <__main__.WebRTCClient object at 0x7cbe868091d0>, 'test-2': <__main__.WebRTCClient object at 0x7cbe86808cd0>, 'test-3': <__main__.WebRTCClient object at 0x7cbe867e68b0>, 'test-4': <__main__.WebRTCClient object at 0x7cbe867e6190>, 'test-5': <__main__.WebRTCClient object at 0x7cbe86d4a8d0>, 'test-6': <__main__.WebRTCClient object at 0x7cbe86dc6470>, 'test-7': <__main__.WebRTCClient object at 0x7cbe86dc6360>, 'test-8': <__main__.WebRTCClient object at 0x7cbe86829250>, 'test-9': <__main__.WebRTCClient object at 0x7cbe86829350>, 'test-10': <__main__.WebRTCClient object at 0x7cbe8683c410>, 'test-11': <__main__.WebRTCClient object at 0x7cbe8683c5f0>, 'test-12': <__main__.WebRTCClient object at 0x7cbe86de75b0>, 'test-13': <__main__.WebRTCClient object at 0x7cbe86820f30>, 'test-14': <__main__.WebRTCClient object at 0x7cbe867e9bf0>, 'test-15': <__main__.WebRTCClient object at 0x7cbe86da6090>, 'test-16': <__main__.WebRTCClient object at 0x7cbe86da6210>, 'test-17': <__main__.WebRTCClient object at 0x7cbe867e0f70>, 'test-18': <__main__.WebRTCClient object at 0x7cbe867e1020>, 'test-19': <__main__.WebRTCClient object at 0x7cbe8682cb90>, 'test-20': <__main__.WebRTCClient object at 0x7cbe8682d130>, 'test-21': <__main__.WebRTCClient object at 0x7cbe86d9b380>, 'test-22': <__main__.WebRTCClient object at 0x7cbe868039d0>, 'test-23': <__main__.WebRTCClient object at 0x7cbe86803b50>, 'test-24': <__main__.WebRTCClient object at 0x7cbe86803cd0>, 'test-25': <__main__.WebRTCClient object at 0x7cbe86803e50>, 'test-26': <__main__.WebRTCClient object at 0x7cbe868038d0>, 'test-27': <__main__.WebRTCClient object at 0x7cbe86803ed0>, 'test-28': <__main__.WebRTCClient object at 0x7cbe8684c350>, 'test-29': <__main__.WebRTCClient object at 0x7cbe8684c4d0>}
Creating WebRTC Pipeline play test-10
answer created
Send SDP answer test-10
Message: takeConfiguration {'streamId': 'test-11', 'linkSession': None, 'idMapping': {'0': 'ARDAMSvvideoTrack0', '1': 'ARDAMSaaudioTrack0'}, 'subscriberId': None, 'type': 'offer', 'command': 'takeConfiguration', 'sdp': 'v=0\r\no=- 1431149313082292729 2 IN IP4 127.0.0.1\r\ns=-\r\nt=0 0\r\na=group:BUNDLE 0 1 2\r\na=extmap-allow-mixed\r\na=msid-semantic: WMS ARDAMS\r\nm=video 9 UDP/TLS/RTP/SAVPF 127 125\r\nc=IN IP4 0.0.0.0\r\na=rtcp:9 IN IP4 0.0.0.0\r\na=ice-ufrag:FUmB\r\na=ice-pwd:DHntAd0Rrc/YIvZ+TW+tnrYD\r\na=ice-options:trickle renomination\r\na=fingerprint:sha-256 10:48:83:CC:26:A2:2B:07:6F:1E:12:D2:18:65:58:09:23:E3:86:B7:E6:19:45:93:11:0D:9E:10:75:E1:92:8B\r\na=setup:actpass\r\na=mid:0\r\na=extmap:1 urn:ietf:params:rtp-hdrext:toffset\r\na=extmap:2 http://www.webrtc.org/experiments/rtp-hdrext/abs-send-time\r\na=extmap:3 urn:3gpp:video-orientation\r\na=extmap:4 http://www.ietf.org/id/draft-holmer-rmcat-transport-wide-cc-extensions-01\r\na=extmap:5 http://www.webrtc.org/experiments/rtp-hdrext/playout-delay\r\na=extmap:6 http://www.webrtc.org/experiments/rtp-hdrext/video-content-type\r\na=extmap:7 http://www.webrtc.org/experiments/rtp-hdrext/video-timing\r\na=extmap:8 http://www.webrtc.org/experiments/rtp-hdrext/color-space\r\na=extmap:9 urn:ietf:params:rtp-hdrext:sdes:mid\r\na=extmap:10 urn:ietf:params:rtp-hdrext:sdes:rtp-stream-id\r\na=extmap:11 urn:ietf:params:rtp-hdrext:sdes:repaired-rtp-stream-id\r\na=sendonly\r\na=msid:ARDAMS ARDAMSvvideoTrack0\r\na=rtcp-mux\r\na=rtcp-rsize\r\na=rtpmap:127 H264/90000\r\na=rtcp-fb:127 goog-remb\r\na=rtcp-fb:127 transport-cc\r\na=rtcp-fb:127 ccm fir\r\na=rtcp-fb:127 nack\r\na=rtcp-fb:127 nack pli\r\na=fmtp:127 level-asymmetry-allowed=1;packetization-mode=1;profile-level-id=42e01f\r\na=rtpmap:125 rtx/90000\r\na=fmtp:125 apt=127\r\na=ssrc-group:FID 1875422053 3310399360\r\na=ssrc:1875422053 cname:PWYBzdg3KLzQOfPw\r\na=ssrc:1875422053 msid:ARDAMS ARDAMSvvideoTrack0\r\na=ssrc:3310399360 cname:PWYBzdg3KLzQOfPw\r\na=ssrc:3310399360 msid:ARDAMS ARDAMSvvideoTrack0\r\nm=audio 9 UDP/TLS/RTP/SAVPF 111 63 110\r\nc=IN IP4 0.0.0.0\r\na=rtcp:9 IN IP4 0.0.0.0\r\na=ice-ufrag:FUmB\r\na=ice-pwd:DHntAd0Rrc/YIvZ+TW+tnrYD\r\na=ice-options:trickle renomination\r\na=fingerprint:sha-256 10:48:83:CC:26:A2:2B:07:6F:1E:12:D2:18:65:58:09:23:E3:86:B7:E6:19:45:93:11:0D:9E:10:75:E1:92:8B\r\na=setup:actpass\r\na=mid:1\r\na=extmap:14 urn:ietf:params:rtp-hdrext:ssrc-audio-level\r\na=extmap:2 http://www.webrtc.org/experiments/rtp-hdrext/abs-send-time\r\na=extmap:4 http://www.ietf.org/id/draft-holmer-rmcat-transport-wide-cc-extensions-01\r\na=extmap:9 urn:ietf:params:rtp-hdrext:sdes:mid\r\na=sendonly\r\na=msid:ARDAMS ARDAMSaaudioTrack0\r\na=rtcp-mux\r\na=rtpmap:111 opus/48000/2\r\na=rtcp-fb:111 transport-cc\r\na=fmtp:111 minptime=10;useinbandfec=1\r\na=rtpmap:63 red/48000/2\r\na=fmtp:63 111/111\r\na=rtpmap:110 telephone-event/48000\r\na=ssrc:4172604902 cname:PWYBzdg3KLzQOfPw\r\na=ssrc:4172604902 msid:ARDAMS ARDAMSaaudioTrack0\r\nm=application 9 UDP/DTLS/SCTP webrtc-datachannel\r\nc=IN IP4 0.0.0.0\r\na=ice-ufrag:FUmB\r\na=ice-pwd:DHntAd0Rrc/YIvZ+TW+tnrYD\r\na=ice-options:trickle renomination\r\na=fingerprint:sha-256 10:48:83:CC:26:A2:2B:07:6F:1E:12:D2:18:65:58:09:23:E3:86:B7:E6:19:45:93:11:0D:9E:10:75:E1:92:8B\r\na=setup:actpass\r\na=mid:2\r\na=sctp-port:5000\r\na=max-message-size:262144\r\n'}
<__main__.WebRTCClient object at 0x7cbe8683c5f0> test-11 {'test-0': <__main__.WebRTCClient object at 0x7cbe867b1e80>, 'test-1': <__main__.WebRTCClient object at 0x7cbe868091d0>, 'test-2': <__main__.WebRTCClient object at 0x7cbe86808cd0>, 'test-3': <__main__.WebRTCClient object at 0x7cbe867e68b0>, 'test-4': <__main__.WebRTCClient object at 0x7cbe867e6190>, 'test-5': <__main__.WebRTCClient object at 0x7cbe86d4a8d0>, 'test-6': <__main__.WebRTCClient object at 0x7cbe86dc6470>, 'test-7': <__main__.WebRTCClient object at 0x7cbe86dc6360>, 'test-8': <__main__.WebRTCClient object at 0x7cbe86829250>, 'test-9': <__main__.WebRTCClient object at 0x7cbe86829350>, 'test-10': <__main__.WebRTCClient object at 0x7cbe8683c410>, 'test-11': <__main__.WebRTCClient object at 0x7cbe8683c5f0>, 'test-12': <__main__.WebRTCClient object at 0x7cbe86de75b0>, 'test-13': <__main__.WebRTCClient object at 0x7cbe86820f30>, 'test-14': <__main__.WebRTCClient object at 0x7cbe867e9bf0>, 'test-15': <__main__.WebRTCClient object at 0x7cbe86da6090>, 'test-16': <__main__.WebRTCClient object at 0x7cbe86da6210>, 'test-17': <__main__.WebRTCClient object at 0x7cbe867e0f70>, 'test-18': <__main__.WebRTCClient object at 0x7cbe867e1020>, 'test-19': <__main__.WebRTCClient object at 0x7cbe8682cb90>, 'test-20': <__main__.WebRTCClient object at 0x7cbe8682d130>, 'test-21': <__main__.WebRTCClient object at 0x7cbe86d9b380>, 'test-22': <__main__.WebRTCClient object at 0x7cbe868039d0>, 'test-23': <__main__.WebRTCClient object at 0x7cbe86803b50>, 'test-24': <__main__.WebRTCClient object at 0x7cbe86803cd0>, 'test-25': <__main__.WebRTCClient object at 0x7cbe86803e50>, 'test-26': <__main__.WebRTCClient object at 0x7cbe868038d0>, 'test-27': <__main__.WebRTCClient object at 0x7cbe86803ed0>, 'test-28': <__main__.WebRTCClient object at 0x7cbe8684c350>, 'test-29': <__main__.WebRTCClient object at 0x7cbe8684c4d0>}
Creating WebRTC Pipeline play test-11
answer created
Send SDP answer test-11
Message: takeConfiguration {'streamId': 'test-12', 'linkSession': None, 'idMapping': {'0': 'ARDAMSvvideoTrack0', '1': 'ARDAMSaaudioTrack0'}, 'subscriberId': None, 'type': 'offer', 'command': 'takeConfiguration', 'sdp': 'v=0\r\no=- 5928408001283863323 2 IN IP4 127.0.0.1\r\ns=-\r\nt=0 0\r\na=group:BUNDLE 0 1 2\r\na=extmap-allow-mixed\r\na=msid-semantic: WMS ARDAMS\r\nm=video 9 UDP/TLS/RTP/SAVPF 127 125\r\nc=IN IP4 0.0.0.0\r\na=rtcp:9 IN IP4 0.0.0.0\r\na=ice-ufrag:mV25\r\na=ice-pwd:xOQisx4uxgdEl6bf3366uxth\r\na=ice-options:trickle renomination\r\na=fingerprint:sha-256 47:F3:90:95:61:D9:CC:2A:8E:B2:C7:27:9D:7C:21:41:AD:81:75:2A:30:BF:E7:94:25:40:F9:2E:D1:E3:B2:9B\r\na=setup:actpass\r\na=mid:0\r\na=extmap:1 urn:ietf:params:rtp-hdrext:toffset\r\na=extmap:2 http://www.webrtc.org/experiments/rtp-hdrext/abs-send-time\r\na=extmap:3 urn:3gpp:video-orientation\r\na=extmap:4 http://www.ietf.org/id/draft-holmer-rmcat-transport-wide-cc-extensions-01\r\na=extmap:5 http://www.webrtc.org/experiments/rtp-hdrext/playout-delay\r\na=extmap:6 http://www.webrtc.org/experiments/rtp-hdrext/video-content-type\r\na=extmap:7 http://www.webrtc.org/experiments/rtp-hdrext/video-timing\r\na=extmap:8 http://www.webrtc.org/experiments/rtp-hdrext/color-space\r\na=extmap:9 urn:ietf:params:rtp-hdrext:sdes:mid\r\na=extmap:10 urn:ietf:params:rtp-hdrext:sdes:rtp-stream-id\r\na=extmap:11 urn:ietf:params:rtp-hdrext:sdes:repaired-rtp-stream-id\r\na=sendonly\r\na=msid:ARDAMS ARDAMSvvideoTrack0\r\na=rtcp-mux\r\na=rtcp-rsize\r\na=rtpmap:127 H264/90000\r\na=rtcp-fb:127 goog-remb\r\na=rtcp-fb:127 transport-cc\r\na=rtcp-fb:127 ccm fir\r\na=rtcp-fb:127 nack\r\na=rtcp-fb:127 nack pli\r\na=fmtp:127 level-asymmetry-allowed=1;packetization-mode=1;profile-level-id=42e01f\r\na=rtpmap:125 rtx/90000\r\na=fmtp:125 apt=127\r\na=ssrc-group:FID 1535466093 2463974026\r\na=ssrc:1535466093 cname:SmTXKuZ26IVhqUpS\r\na=ssrc:1535466093 msid:ARDAMS ARDAMSvvideoTrack0\r\na=ssrc:2463974026 cname:SmTXKuZ26IVhqUpS\r\na=ssrc:2463974026 msid:ARDAMS ARDAMSvvideoTrack0\r\nm=audio 9 UDP/TLS/RTP/SAVPF 111 63 110\r\nc=IN IP4 0.0.0.0\r\na=rtcp:9 IN IP4 0.0.0.0\r\na=ice-ufrag:mV25\r\na=ice-pwd:xOQisx4uxgdEl6bf3366uxth\r\na=ice-options:trickle renomination\r\na=fingerprint:sha-256 47:F3:90:95:61:D9:CC:2A:8E:B2:C7:27:9D:7C:21:41:AD:81:75:2A:30:BF:E7:94:25:40:F9:2E:D1:E3:B2:9B\r\na=setup:actpass\r\na=mid:1\r\na=extmap:14 urn:ietf:params:rtp-hdrext:ssrc-audio-level\r\na=extmap:2 http://www.webrtc.org/experiments/rtp-hdrext/abs-send-time\r\na=extmap:4 http://www.ietf.org/id/draft-holmer-rmcat-transport-wide-cc-extensions-01\r\na=extmap:9 urn:ietf:params:rtp-hdrext:sdes:mid\r\na=sendonly\r\na=msid:ARDAMS ARDAMSaaudioTrack0\r\na=rtcp-mux\r\na=rtpmap:111 opus/48000/2\r\na=rtcp-fb:111 transport-cc\r\na=fmtp:111 minptime=10;useinbandfec=1\r\na=rtpmap:63 red/48000/2\r\na=fmtp:63 111/111\r\na=rtpmap:110 telephone-event/48000\r\na=ssrc:3941288785 cname:SmTXKuZ26IVhqUpS\r\na=ssrc:3941288785 msid:ARDAMS ARDAMSaaudioTrack0\r\nm=application 9 UDP/DTLS/SCTP webrtc-datachannel\r\nc=IN IP4 0.0.0.0\r\na=ice-ufrag:mV25\r\na=ice-pwd:xOQisx4uxgdEl6bf3366uxth\r\na=ice-options:trickle renomination\r\na=fingerprint:sha-256 47:F3:90:95:61:D9:CC:2A:8E:B2:C7:27:9D:7C:21:41:AD:81:75:2A:30:BF:E7:94:25:40:F9:2E:D1:E3:B2:9B\r\na=setup:actpass\r\na=mid:2\r\na=sctp-port:5000\r\na=max-message-size:262144\r\n'}
<__main__.WebRTCClient object at 0x7cbe86de75b0> test-12 {'test-0': <__main__.WebRTCClient object at 0x7cbe867b1e80>, 'test-1': <__main__.WebRTCClient object at 0x7cbe868091d0>, 'test-2': <__main__.WebRTCClient object at 0x7cbe86808cd0>, 'test-3': <__main__.WebRTCClient object at 0x7cbe867e68b0>, 'test-4': <__main__.WebRTCClient object at 0x7cbe867e6190>, 'test-5': <__main__.WebRTCClient object at 0x7cbe86d4a8d0>, 'test-6': <__main__.WebRTCClient object at 0x7cbe86dc6470>, 'test-7': <__main__.WebRTCClient object at 0x7cbe86dc6360>, 'test-8': <__main__.WebRTCClient object at 0x7cbe86829250>, 'test-9': <__main__.WebRTCClient object at 0x7cbe86829350>, 'test-10': <__main__.WebRTCClient object at 0x7cbe8683c410>, 'test-11': <__main__.WebRTCClient object at 0x7cbe8683c5f0>, 'test-12': <__main__.WebRTCClient object at 0x7cbe86de75b0>, 'test-13': <__main__.WebRTCClient object at 0x7cbe86820f30>, 'test-14': <__main__.WebRTCClient object at 0x7cbe867e9bf0>, 'test-15': <__main__.WebRTCClient object at 0x7cbe86da6090>, 'test-16': <__main__.WebRTCClient object at 0x7cbe86da6210>, 'test-17': <__main__.WebRTCClient object at 0x7cbe867e0f70>, 'test-18': <__main__.WebRTCClient object at 0x7cbe867e1020>, 'test-19': <__main__.WebRTCClient object at 0x7cbe8682cb90>, 'test-20': <__main__.WebRTCClient object at 0x7cbe8682d130>, 'test-21': <__main__.WebRTCClient object at 0x7cbe86d9b380>, 'test-22': <__main__.WebRTCClient object at 0x7cbe868039d0>, 'test-23': <__main__.WebRTCClient object at 0x7cbe86803b50>, 'test-24': <__main__.WebRTCClient object at 0x7cbe86803cd0>, 'test-25': <__main__.WebRTCClient object at 0x7cbe86803e50>, 'test-26': <__main__.WebRTCClient object at 0x7cbe868038d0>, 'test-27': <__main__.WebRTCClient object at 0x7cbe86803ed0>, 'test-28': <__main__.WebRTCClient object at 0x7cbe8684c350>, 'test-29': <__main__.WebRTCClient object at 0x7cbe8684c4d0>}
Creating WebRTC Pipeline play test-12
answer created
Send SDP answer test-12
Message: takeConfiguration {'streamId': 'test-13', 'linkSession': None, 'idMapping': {'0': 'ARDAMSvvideoTrack0', '1': 'ARDAMSaaudioTrack0'}, 'subscriberId': None, 'type': 'offer', 'command': 'takeConfiguration', 'sdp': 'v=0\r\no=- 2072614233222315098 2 IN IP4 127.0.0.1\r\ns=-\r\nt=0 0\r\na=group:BUNDLE 0 1 2\r\na=extmap-allow-mixed\r\na=msid-semantic: WMS ARDAMS\r\nm=video 9 UDP/TLS/RTP/SAVPF 127 125\r\nc=IN IP4 0.0.0.0\r\na=rtcp:9 IN IP4 0.0.0.0\r\na=ice-ufrag:ituf\r\na=ice-pwd:fxT4cxatvJJNs6BW3aAlhhfw\r\na=ice-options:trickle renomination\r\na=fingerprint:sha-256 39:31:AD:88:30:6C:4D:42:B7:9E:83:B5:DB:86:75:A5:E0:9D:8D:CD:EE:36:06:88:28:01:54:DA:D5:96:5D:F2\r\na=setup:actpass\r\na=mid:0\r\na=extmap:1 urn:ietf:params:rtp-hdrext:toffset\r\na=extmap:2 http://www.webrtc.org/experiments/rtp-hdrext/abs-send-time\r\na=extmap:3 urn:3gpp:video-orientation\r\na=extmap:4 http://www.ietf.org/id/draft-holmer-rmcat-transport-wide-cc-extensions-01\r\na=extmap:5 http://www.webrtc.org/experiments/rtp-hdrext/playout-delay\r\na=extmap:6 http://www.webrtc.org/experiments/rtp-hdrext/video-content-type\r\na=extmap:7 http://www.webrtc.org/experiments/rtp-hdrext/video-timing\r\na=extmap:8 http://www.webrtc.org/experiments/rtp-hdrext/color-space\r\na=extmap:9 urn:ietf:params:rtp-hdrext:sdes:mid\r\na=extmap:10 urn:ietf:params:rtp-hdrext:sdes:rtp-stream-id\r\na=extmap:11 urn:ietf:params:rtp-hdrext:sdes:repaired-rtp-stream-id\r\na=sendonly\r\na=msid:ARDAMS ARDAMSvvideoTrack0\r\na=rtcp-mux\r\na=rtcp-rsize\r\na=rtpmap:127 H264/90000\r\na=rtcp-fb:127 goog-remb\r\na=rtcp-fb:127 transport-cc\r\na=rtcp-fb:127 ccm fir\r\na=rtcp-fb:127 nack\r\na=rtcp-fb:127 nack pli\r\na=fmtp:127 level-asymmetry-allowed=1;packetization-mode=1;profile-level-id=42e01f\r\na=rtpmap:125 rtx/90000\r\na=fmtp:125 apt=127\r\na=ssrc-group:FID 1330941168 3409051665\r\na=ssrc:1330941168 cname:++N8yXznGrGlbcjh\r\na=ssrc:1330941168 msid:ARDAMS ARDAMSvvideoTrack0\r\na=ssrc:3409051665 cname:++N8yXznGrGlbcjh\r\na=ssrc:3409051665 msid:ARDAMS ARDAMSvvideoTrack0\r\nm=audio 9 UDP/TLS/RTP/SAVPF 111 63 110\r\nc=IN IP4 0.0.0.0\r\na=rtcp:9 IN IP4 0.0.0.0\r\na=ice-ufrag:ituf\r\na=ice-pwd:fxT4cxatvJJNs6BW3aAlhhfw\r\na=ice-options:trickle renomination\r\na=fingerprint:sha-256 39:31:AD:88:30:6C:4D:42:B7:9E:83:B5:DB:86:75:A5:E0:9D:8D:CD:EE:36:06:88:28:01:54:DA:D5:96:5D:F2\r\na=setup:actpass\r\na=mid:1\r\na=extmap:14 urn:ietf:params:rtp-hdrext:ssrc-audio-level\r\na=extmap:2 http://www.webrtc.org/experiments/rtp-hdrext/abs-send-time\r\na=extmap:4 http://www.ietf.org/id/draft-holmer-rmcat-transport-wide-cc-extensions-01\r\na=extmap:9 urn:ietf:params:rtp-hdrext:sdes:mid\r\na=sendonly\r\na=msid:ARDAMS ARDAMSaaudioTrack0\r\na=rtcp-mux\r\na=rtpmap:111 opus/48000/2\r\na=rtcp-fb:111 transport-cc\r\na=fmtp:111 minptime=10;useinbandfec=1\r\na=rtpmap:63 red/48000/2\r\na=fmtp:63 111/111\r\na=rtpmap:110 telephone-event/48000\r\na=ssrc:4050929635 cname:++N8yXznGrGlbcjh\r\na=ssrc:4050929635 msid:ARDAMS ARDAMSaaudioTrack0\r\nm=application 9 UDP/DTLS/SCTP webrtc-datachannel\r\nc=IN IP4 0.0.0.0\r\na=ice-ufrag:ituf\r\na=ice-pwd:fxT4cxatvJJNs6BW3aAlhhfw\r\na=ice-options:trickle renomination\r\na=fingerprint:sha-256 39:31:AD:88:30:6C:4D:42:B7:9E:83:B5:DB:86:75:A5:E0:9D:8D:CD:EE:36:06:88:28:01:54:DA:D5:96:5D:F2\r\na=setup:actpass\r\na=mid:2\r\na=sctp-port:5000\r\na=max-message-size:262144\r\n'}
<__main__.WebRTCClient object at 0x7cbe86820f30> test-13 {'test-0': <__main__.WebRTCClient object at 0x7cbe867b1e80>, 'test-1': <__main__.WebRTCClient object at 0x7cbe868091d0>, 'test-2': <__main__.WebRTCClient object at 0x7cbe86808cd0>, 'test-3': <__main__.WebRTCClient object at 0x7cbe867e68b0>, 'test-4': <__main__.WebRTCClient object at 0x7cbe867e6190>, 'test-5': <__main__.WebRTCClient object at 0x7cbe86d4a8d0>, 'test-6': <__main__.WebRTCClient object at 0x7cbe86dc6470>, 'test-7': <__main__.WebRTCClient object at 0x7cbe86dc6360>, 'test-8': <__main__.WebRTCClient object at 0x7cbe86829250>, 'test-9': <__main__.WebRTCClient object at 0x7cbe86829350>, 'test-10': <__main__.WebRTCClient object at 0x7cbe8683c410>, 'test-11': <__main__.WebRTCClient object at 0x7cbe8683c5f0>, 'test-12': <__main__.WebRTCClient object at 0x7cbe86de75b0>, 'test-13': <__main__.WebRTCClient object at 0x7cbe86820f30>, 'test-14': <__main__.WebRTCClient object at 0x7cbe867e9bf0>, 'test-15': <__main__.WebRTCClient object at 0x7cbe86da6090>, 'test-16': <__main__.WebRTCClient object at 0x7cbe86da6210>, 'test-17': <__main__.WebRTCClient object at 0x7cbe867e0f70>, 'test-18': <__main__.WebRTCClient object at 0x7cbe867e1020>, 'test-19': <__main__.WebRTCClient object at 0x7cbe8682cb90>, 'test-20': <__main__.WebRTCClient object at 0x7cbe8682d130>, 'test-21': <__main__.WebRTCClient object at 0x7cbe86d9b380>, 'test-22': <__main__.WebRTCClient object at 0x7cbe868039d0>, 'test-23': <__main__.WebRTCClient object at 0x7cbe86803b50>, 'test-24': <__main__.WebRTCClient object at 0x7cbe86803cd0>, 'test-25': <__main__.WebRTCClient object at 0x7cbe86803e50>, 'test-26': <__main__.WebRTCClient object at 0x7cbe868038d0>, 'test-27': <__main__.WebRTCClient object at 0x7cbe86803ed0>, 'test-28': <__main__.WebRTCClient object at 0x7cbe8684c350>, 'test-29': <__main__.WebRTCClient object at 0x7cbe8684c4d0>}
Creating WebRTC Pipeline play test-13
answer created
Send SDP answer test-13
Message: takeConfiguration {'streamId': 'test-14', 'linkSession': None, 'idMapping': {'0': 'ARDAMSvvideoTrack0', '1': 'ARDAMSaaudioTrack0'}, 'subscriberId': None, 'type': 'offer', 'command': 'takeConfiguration', 'sdp': 'v=0\r\no=- 6057343059008442763 2 IN IP4 127.0.0.1\r\ns=-\r\nt=0 0\r\na=group:BUNDLE 0 1 2\r\na=extmap-allow-mixed\r\na=msid-semantic: WMS ARDAMS\r\nm=video 9 UDP/TLS/RTP/SAVPF 127 125\r\nc=IN IP4 0.0.0.0\r\na=rtcp:9 IN IP4 0.0.0.0\r\na=ice-ufrag:7EIg\r\na=ice-pwd:eJV+iDbz3Htsv0dSt0x8tXkF\r\na=ice-options:trickle renomination\r\na=fingerprint:sha-256 F8:B1:F8:09:3F:BD:D5:58:62:D0:BC:97:C0:4A:9F:92:A5:FB:12:24:56:60:DB:2E:C1:56:AF:8F:2B:B7:DE:8C\r\na=setup:actpass\r\na=mid:0\r\na=extmap:1 urn:ietf:params:rtp-hdrext:toffset\r\na=extmap:2 http://www.webrtc.org/experiments/rtp-hdrext/abs-send-time\r\na=extmap:3 urn:3gpp:video-orientation\r\na=extmap:4 http://www.ietf.org/id/draft-holmer-rmcat-transport-wide-cc-extensions-01\r\na=extmap:5 http://www.webrtc.org/experiments/rtp-hdrext/playout-delay\r\na=extmap:6 http://www.webrtc.org/experiments/rtp-hdrext/video-content-type\r\na=extmap:7 http://www.webrtc.org/experiments/rtp-hdrext/video-timing\r\na=extmap:8 http://www.webrtc.org/experiments/rtp-hdrext/color-space\r\na=extmap:9 urn:ietf:params:rtp-hdrext:sdes:mid\r\na=extmap:10 urn:ietf:params:rtp-hdrext:sdes:rtp-stream-id\r\na=extmap:11 urn:ietf:params:rtp-hdrext:sdes:repaired-rtp-stream-id\r\na=sendonly\r\na=msid:ARDAMS ARDAMSvvideoTrack0\r\na=rtcp-mux\r\na=rtcp-rsize\r\na=rtpmap:127 H264/90000\r\na=rtcp-fb:127 goog-remb\r\na=rtcp-fb:127 transport-cc\r\na=rtcp-fb:127 ccm fir\r\na=rtcp-fb:127 nack\r\na=rtcp-fb:127 nack pli\r\na=fmtp:127 level-asymmetry-allowed=1;packetization-mode=1;profile-level-id=42e01f\r\na=rtpmap:125 rtx/90000\r\na=fmtp:125 apt=127\r\na=ssrc-group:FID 1406850214 196336408\r\na=ssrc:1406850214 cname:5Usyn12f7r/gmjus\r\na=ssrc:1406850214 msid:ARDAMS ARDAMSvvideoTrack0\r\na=ssrc:196336408 cname:5Usyn12f7r/gmjus\r\na=ssrc:196336408 msid:ARDAMS ARDAMSvvideoTrack0\r\nm=audio 9 UDP/TLS/RTP/SAVPF 111 63 110\r\nc=IN IP4 0.0.0.0\r\na=rtcp:9 IN IP4 0.0.0.0\r\na=ice-ufrag:7EIg\r\na=ice-pwd:eJV+iDbz3Htsv0dSt0x8tXkF\r\na=ice-options:trickle renomination\r\na=fingerprint:sha-256 F8:B1:F8:09:3F:BD:D5:58:62:D0:BC:97:C0:4A:9F:92:A5:FB:12:24:56:60:DB:2E:C1:56:AF:8F:2B:B7:DE:8C\r\na=setup:actpass\r\na=mid:1\r\na=extmap:14 urn:ietf:params:rtp-hdrext:ssrc-audio-level\r\na=extmap:2 http://www.webrtc.org/experiments/rtp-hdrext/abs-send-time\r\na=extmap:4 http://www.ietf.org/id/draft-holmer-rmcat-transport-wide-cc-extensions-01\r\na=extmap:9 urn:ietf:params:rtp-hdrext:sdes:mid\r\na=sendonly\r\na=msid:ARDAMS ARDAMSaaudioTrack0\r\na=rtcp-mux\r\na=rtpmap:111 opus/48000/2\r\na=rtcp-fb:111 transport-cc\r\na=fmtp:111 minptime=10;useinbandfec=1\r\na=rtpmap:63 red/48000/2\r\na=fmtp:63 111/111\r\na=rtpmap:110 telephone-event/48000\r\na=ssrc:4103413678 cname:5Usyn12f7r/gmjus\r\na=ssrc:4103413678 msid:ARDAMS ARDAMSaaudioTrack0\r\nm=application 9 UDP/DTLS/SCTP webrtc-datachannel\r\nc=IN IP4 0.0.0.0\r\na=ice-ufrag:7EIg\r\na=ice-pwd:eJV+iDbz3Htsv0dSt0x8tXkF\r\na=ice-options:trickle renomination\r\na=fingerprint:sha-256 F8:B1:F8:09:3F:BD:D5:58:62:D0:BC:97:C0:4A:9F:92:A5:FB:12:24:56:60:DB:2E:C1:56:AF:8F:2B:B7:DE:8C\r\na=setup:actpass\r\na=mid:2\r\na=sctp-port:5000\r\na=max-message-size:262144\r\n'}
<__main__.WebRTCClient object at 0x7cbe867e9bf0> test-14 {'test-0': <__main__.WebRTCClient object at 0x7cbe867b1e80>, 'test-1': <__main__.WebRTCClient object at 0x7cbe868091d0>, 'test-2': <__main__.WebRTCClient object at 0x7cbe86808cd0>, 'test-3': <__main__.WebRTCClient object at 0x7cbe867e68b0>, 'test-4': <__main__.WebRTCClient object at 0x7cbe867e6190>, 'test-5': <__main__.WebRTCClient object at 0x7cbe86d4a8d0>, 'test-6': <__main__.WebRTCClient object at 0x7cbe86dc6470>, 'test-7': <__main__.WebRTCClient object at 0x7cbe86dc6360>, 'test-8': <__main__.WebRTCClient object at 0x7cbe86829250>, 'test-9': <__main__.WebRTCClient object at 0x7cbe86829350>, 'test-10': <__main__.WebRTCClient object at 0x7cbe8683c410>, 'test-11': <__main__.WebRTCClient object at 0x7cbe8683c5f0>, 'test-12': <__main__.WebRTCClient object at 0x7cbe86de75b0>, 'test-13': <__main__.WebRTCClient object at 0x7cbe86820f30>, 'test-14': <__main__.WebRTCClient object at 0x7cbe867e9bf0>, 'test-15': <__main__.WebRTCClient object at 0x7cbe86da6090>, 'test-16': <__main__.WebRTCClient object at 0x7cbe86da6210>, 'test-17': <__main__.WebRTCClient object at 0x7cbe867e0f70>, 'test-18': <__main__.WebRTCClient object at 0x7cbe867e1020>, 'test-19': <__main__.WebRTCClient object at 0x7cbe8682cb90>, 'test-20': <__main__.WebRTCClient object at 0x7cbe8682d130>, 'test-21': <__main__.WebRTCClient object at 0x7cbe86d9b380>, 'test-22': <__main__.WebRTCClient object at 0x7cbe868039d0>, 'test-23': <__main__.WebRTCClient object at 0x7cbe86803b50>, 'test-24': <__main__.WebRTCClient object at 0x7cbe86803cd0>, 'test-25': <__main__.WebRTCClient object at 0x7cbe86803e50>, 'test-26': <__main__.WebRTCClient object at 0x7cbe868038d0>, 'test-27': <__main__.WebRTCClient object at 0x7cbe86803ed0>, 'test-28': <__main__.WebRTCClient object at 0x7cbe8684c350>, 'test-29': <__main__.WebRTCClient object at 0x7cbe8684c4d0>}
Creating WebRTC Pipeline play test-14
answer created
Send SDP answer test-14
Message: takeConfiguration {'streamId': 'test-15', 'linkSession': None, 'idMapping': {'0': 'ARDAMSvvideoTrack0', '1': 'ARDAMSaaudioTrack0'}, 'subscriberId': None, 'type': 'offer', 'command': 'takeConfiguration', 'sdp': 'v=0\r\no=- 4771560032398667658 2 IN IP4 127.0.0.1\r\ns=-\r\nt=0 0\r\na=group:BUNDLE 0 1 2\r\na=extmap-allow-mixed\r\na=msid-semantic: WMS ARDAMS\r\nm=video 9 UDP/TLS/RTP/SAVPF 127 125\r\nc=IN IP4 0.0.0.0\r\na=rtcp:9 IN IP4 0.0.0.0\r\na=ice-ufrag:Pd8D\r\na=ice-pwd:zuJALmKsbJTlivhQaQm9346c\r\na=ice-options:trickle renomination\r\na=fingerprint:sha-256 BC:28:45:95:E6:CA:AB:6C:2F:90:4A:62:20:3F:2C:A5:96:00:B7:E6:83:7B:64:39:EF:7A:D9:19:D3:E2:FA:97\r\na=setup:actpass\r\na=mid:0\r\na=extmap:1 urn:ietf:params:rtp-hdrext:toffset\r\na=extmap:2 http://www.webrtc.org/experiments/rtp-hdrext/abs-send-time\r\na=extmap:3 urn:3gpp:video-orientation\r\na=extmap:4 http://www.ietf.org/id/draft-holmer-rmcat-transport-wide-cc-extensions-01\r\na=extmap:5 http://www.webrtc.org/experiments/rtp-hdrext/playout-delay\r\na=extmap:6 http://www.webrtc.org/experiments/rtp-hdrext/video-content-type\r\na=extmap:7 http://www.webrtc.org/experiments/rtp-hdrext/video-timing\r\na=extmap:8 http://www.webrtc.org/experiments/rtp-hdrext/color-space\r\na=extmap:9 urn:ietf:params:rtp-hdrext:sdes:mid\r\na=extmap:10 urn:ietf:params:rtp-hdrext:sdes:rtp-stream-id\r\na=extmap:11 urn:ietf:params:rtp-hdrext:sdes:repaired-rtp-stream-id\r\na=sendonly\r\na=msid:ARDAMS ARDAMSvvideoTrack0\r\na=rtcp-mux\r\na=rtcp-rsize\r\na=rtpmap:127 H264/90000\r\na=rtcp-fb:127 goog-remb\r\na=rtcp-fb:127 transport-cc\r\na=rtcp-fb:127 ccm fir\r\na=rtcp-fb:127 nack\r\na=rtcp-fb:127 nack pli\r\na=fmtp:127 level-asymmetry-allowed=1;packetization-mode=1;profile-level-id=42e01f\r\na=rtpmap:125 rtx/90000\r\na=fmtp:125 apt=127\r\na=ssrc-group:FID 609341278 1021727581\r\na=ssrc:609341278 cname:BgdexaOmJxDjvGwR\r\na=ssrc:609341278 msid:ARDAMS ARDAMSvvideoTrack0\r\na=ssrc:1021727581 cname:BgdexaOmJxDjvGwR\r\na=ssrc:1021727581 msid:ARDAMS ARDAMSvvideoTrack0\r\nm=audio 9 UDP/TLS/RTP/SAVPF 111 63 110\r\nc=IN IP4 0.0.0.0\r\na=rtcp:9 IN IP4 0.0.0.0\r\na=ice-ufrag:Pd8D\r\na=ice-pwd:zuJALmKsbJTlivhQaQm9346c\r\na=ice-options:trickle renomination\r\na=fingerprint:sha-256 BC:28:45:95:E6:CA:AB:6C:2F:90:4A:62:20:3F:2C:A5:96:00:B7:E6:83:7B:64:39:EF:7A:D9:19:D3:E2:FA:97\r\na=setup:actpass\r\na=mid:1\r\na=extmap:14 urn:ietf:params:rtp-hdrext:ssrc-audio-level\r\na=extmap:2 http://www.webrtc.org/experiments/rtp-hdrext/abs-send-time\r\na=extmap:4 http://www.ietf.org/id/draft-holmer-rmcat-transport-wide-cc-extensions-01\r\na=extmap:9 urn:ietf:params:rtp-hdrext:sdes:mid\r\na=sendonly\r\na=msid:ARDAMS ARDAMSaaudioTrack0\r\na=rtcp-mux\r\na=rtpmap:111 opus/48000/2\r\na=rtcp-fb:111 transport-cc\r\na=fmtp:111 minptime=10;useinbandfec=1\r\na=rtpmap:63 red/48000/2\r\na=fmtp:63 111/111\r\na=rtpmap:110 telephone-event/48000\r\na=ssrc:2764112470 cname:BgdexaOmJxDjvGwR\r\na=ssrc:2764112470 msid:ARDAMS ARDAMSaaudioTrack0\r\nm=application 9 UDP/DTLS/SCTP webrtc-datachannel\r\nc=IN IP4 0.0.0.0\r\na=ice-ufrag:Pd8D\r\na=ice-pwd:zuJALmKsbJTlivhQaQm9346c\r\na=ice-options:trickle renomination\r\na=fingerprint:sha-256 BC:28:45:95:E6:CA:AB:6C:2F:90:4A:62:20:3F:2C:A5:96:00:B7:E6:83:7B:64:39:EF:7A:D9:19:D3:E2:FA:97\r\na=setup:actpass\r\na=mid:2\r\na=sctp-port:5000\r\na=max-message-size:262144\r\n'}
<__main__.WebRTCClient object at 0x7cbe86da6090> test-15 {'test-0': <__main__.WebRTCClient object at 0x7cbe867b1e80>, 'test-1': <__main__.WebRTCClient object at 0x7cbe868091d0>, 'test-2': <__main__.WebRTCClient object at 0x7cbe86808cd0>, 'test-3': <__main__.WebRTCClient object at 0x7cbe867e68b0>, 'test-4': <__main__.WebRTCClient object at 0x7cbe867e6190>, 'test-5': <__main__.WebRTCClient object at 0x7cbe86d4a8d0>, 'test-6': <__main__.WebRTCClient object at 0x7cbe86dc6470>, 'test-7': <__main__.WebRTCClient object at 0x7cbe86dc6360>, 'test-8': <__main__.WebRTCClient object at 0x7cbe86829250>, 'test-9': <__main__.WebRTCClient object at 0x7cbe86829350>, 'test-10': <__main__.WebRTCClient object at 0x7cbe8683c410>, 'test-11': <__main__.WebRTCClient object at 0x7cbe8683c5f0>, 'test-12': <__main__.WebRTCClient object at 0x7cbe86de75b0>, 'test-13': <__main__.WebRTCClient object at 0x7cbe86820f30>, 'test-14': <__main__.WebRTCClient object at 0x7cbe867e9bf0>, 'test-15': <__main__.WebRTCClient object at 0x7cbe86da6090>, 'test-16': <__main__.WebRTCClient object at 0x7cbe86da6210>, 'test-17': <__main__.WebRTCClient object at 0x7cbe867e0f70>, 'test-18': <__main__.WebRTCClient object at 0x7cbe867e1020>, 'test-19': <__main__.WebRTCClient object at 0x7cbe8682cb90>, 'test-20': <__main__.WebRTCClient object at 0x7cbe8682d130>, 'test-21': <__main__.WebRTCClient object at 0x7cbe86d9b380>, 'test-22': <__main__.WebRTCClient object at 0x7cbe868039d0>, 'test-23': <__main__.WebRTCClient object at 0x7cbe86803b50>, 'test-24': <__main__.WebRTCClient object at 0x7cbe86803cd0>, 'test-25': <__main__.WebRTCClient object at 0x7cbe86803e50>, 'test-26': <__main__.WebRTCClient object at 0x7cbe868038d0>, 'test-27': <__main__.WebRTCClient object at 0x7cbe86803ed0>, 'test-28': <__main__.WebRTCClient object at 0x7cbe8684c350>, 'test-29': <__main__.WebRTCClient object at 0x7cbe8684c4d0>}
Creating WebRTC Pipeline play test-15
answer created
Send SDP answer test-15
Message: takeConfiguration {'streamId': 'test-16', 'linkSession': None, 'idMapping': {'0': 'ARDAMSvvideoTrack0', '1': 'ARDAMSaaudioTrack0'}, 'subscriberId': None, 'type': 'offer', 'command': 'takeConfiguration', 'sdp': 'v=0\r\no=- 6037907624618040704 2 IN IP4 127.0.0.1\r\ns=-\r\nt=0 0\r\na=group:BUNDLE 0 1 2\r\na=extmap-allow-mixed\r\na=msid-semantic: WMS ARDAMS\r\nm=video 9 UDP/TLS/RTP/SAVPF 127 125\r\nc=IN IP4 0.0.0.0\r\na=rtcp:9 IN IP4 0.0.0.0\r\na=ice-ufrag:GedJ\r\na=ice-pwd:AUSrS4S6NCO3TwN1m45BEwuP\r\na=ice-options:trickle renomination\r\na=fingerprint:sha-256 E3:23:7F:2C:75:D4:6A:56:66:65:9C:8D:F7:BC:FE:AC:AF:03:B8:7A:8D:81:62:10:4C:7F:92:E8:26:57:4C:A0\r\na=setup:actpass\r\na=mid:0\r\na=extmap:1 urn:ietf:params:rtp-hdrext:toffset\r\na=extmap:2 http://www.webrtc.org/experiments/rtp-hdrext/abs-send-time\r\na=extmap:3 urn:3gpp:video-orientation\r\na=extmap:4 http://www.ietf.org/id/draft-holmer-rmcat-transport-wide-cc-extensions-01\r\na=extmap:5 http://www.webrtc.org/experiments/rtp-hdrext/playout-delay\r\na=extmap:6 http://www.webrtc.org/experiments/rtp-hdrext/video-content-type\r\na=extmap:7 http://www.webrtc.org/experiments/rtp-hdrext/video-timing\r\na=extmap:8 http://www.webrtc.org/experiments/rtp-hdrext/color-space\r\na=extmap:9 urn:ietf:params:rtp-hdrext:sdes:mid\r\na=extmap:10 urn:ietf:params:rtp-hdrext:sdes:rtp-stream-id\r\na=extmap:11 urn:ietf:params:rtp-hdrext:sdes:repaired-rtp-stream-id\r\na=sendonly\r\na=msid:ARDAMS ARDAMSvvideoTrack0\r\na=rtcp-mux\r\na=rtcp-rsize\r\na=rtpmap:127 H264/90000\r\na=rtcp-fb:127 goog-remb\r\na=rtcp-fb:127 transport-cc\r\na=rtcp-fb:127 ccm fir\r\na=rtcp-fb:127 nack\r\na=rtcp-fb:127 nack pli\r\na=fmtp:127 level-asymmetry-allowed=1;packetization-mode=1;profile-level-id=42e01f\r\na=rtpmap:125 rtx/90000\r\na=fmtp:125 apt=127\r\na=ssrc-group:FID 1165762787 82623515\r\na=ssrc:1165762787 cname:upBc7D03FPVR6r/Q\r\na=ssrc:1165762787 msid:ARDAMS ARDAMSvvideoTrack0\r\na=ssrc:82623515 cname:upBc7D03FPVR6r/Q\r\na=ssrc:82623515 msid:ARDAMS ARDAMSvvideoTrack0\r\nm=audio 9 UDP/TLS/RTP/SAVPF 111 63 110\r\nc=IN IP4 0.0.0.0\r\na=rtcp:9 IN IP4 0.0.0.0\r\na=ice-ufrag:GedJ\r\na=ice-pwd:AUSrS4S6NCO3TwN1m45BEwuP\r\na=ice-options:trickle renomination\r\na=fingerprint:sha-256 E3:23:7F:2C:75:D4:6A:56:66:65:9C:8D:F7:BC:FE:AC:AF:03:B8:7A:8D:81:62:10:4C:7F:92:E8:26:57:4C:A0\r\na=setup:actpass\r\na=mid:1\r\na=extmap:14 urn:ietf:params:rtp-hdrext:ssrc-audio-level\r\na=extmap:2 http://www.webrtc.org/experiments/rtp-hdrext/abs-send-time\r\na=extmap:4 http://www.ietf.org/id/draft-holmer-rmcat-transport-wide-cc-extensions-01\r\na=extmap:9 urn:ietf:params:rtp-hdrext:sdes:mid\r\na=sendonly\r\na=msid:ARDAMS ARDAMSaaudioTrack0\r\na=rtcp-mux\r\na=rtpmap:111 opus/48000/2\r\na=rtcp-fb:111 transport-cc\r\na=fmtp:111 minptime=10;useinbandfec=1\r\na=rtpmap:63 red/48000/2\r\na=fmtp:63 111/111\r\na=rtpmap:110 telephone-event/48000\r\na=ssrc:788617328 cname:upBc7D03FPVR6r/Q\r\na=ssrc:788617328 msid:ARDAMS ARDAMSaaudioTrack0\r\nm=application 9 UDP/DTLS/SCTP webrtc-datachannel\r\nc=IN IP4 0.0.0.0\r\na=ice-ufrag:GedJ\r\na=ice-pwd:AUSrS4S6NCO3TwN1m45BEwuP\r\na=ice-options:trickle renomination\r\na=fingerprint:sha-256 E3:23:7F:2C:75:D4:6A:56:66:65:9C:8D:F7:BC:FE:AC:AF:03:B8:7A:8D:81:62:10:4C:7F:92:E8:26:57:4C:A0\r\na=setup:actpass\r\na=mid:2\r\na=sctp-port:5000\r\na=max-message-size:262144\r\n'}
<__main__.WebRTCClient object at 0x7cbe86da6210> test-16 {'test-0': <__main__.WebRTCClient object at 0x7cbe867b1e80>, 'test-1': <__main__.WebRTCClient object at 0x7cbe868091d0>, 'test-2': <__main__.WebRTCClient object at 0x7cbe86808cd0>, 'test-3': <__main__.WebRTCClient object at 0x7cbe867e68b0>, 'test-4': <__main__.WebRTCClient object at 0x7cbe867e6190>, 'test-5': <__main__.WebRTCClient object at 0x7cbe86d4a8d0>, 'test-6': <__main__.WebRTCClient object at 0x7cbe86dc6470>, 'test-7': <__main__.WebRTCClient object at 0x7cbe86dc6360>, 'test-8': <__main__.WebRTCClient object at 0x7cbe86829250>, 'test-9': <__main__.WebRTCClient object at 0x7cbe86829350>, 'test-10': <__main__.WebRTCClient object at 0x7cbe8683c410>, 'test-11': <__main__.WebRTCClient object at 0x7cbe8683c5f0>, 'test-12': <__main__.WebRTCClient object at 0x7cbe86de75b0>, 'test-13': <__main__.WebRTCClient object at 0x7cbe86820f30>, 'test-14': <__main__.WebRTCClient object at 0x7cbe867e9bf0>, 'test-15': <__main__.WebRTCClient object at 0x7cbe86da6090>, 'test-16': <__main__.WebRTCClient object at 0x7cbe86da6210>, 'test-17': <__main__.WebRTCClient object at 0x7cbe867e0f70>, 'test-18': <__main__.WebRTCClient object at 0x7cbe867e1020>, 'test-19': <__main__.WebRTCClient object at 0x7cbe8682cb90>, 'test-20': <__main__.WebRTCClient object at 0x7cbe8682d130>, 'test-21': <__main__.WebRTCClient object at 0x7cbe86d9b380>, 'test-22': <__main__.WebRTCClient object at 0x7cbe868039d0>, 'test-23': <__main__.WebRTCClient object at 0x7cbe86803b50>, 'test-24': <__main__.WebRTCClient object at 0x7cbe86803cd0>, 'test-25': <__main__.WebRTCClient object at 0x7cbe86803e50>, 'test-26': <__main__.WebRTCClient object at 0x7cbe868038d0>, 'test-27': <__main__.WebRTCClient object at 0x7cbe86803ed0>, 'test-28': <__main__.WebRTCClient object at 0x7cbe8684c350>, 'test-29': <__main__.WebRTCClient object at 0x7cbe8684c4d0>}
Creating WebRTC Pipeline play test-16
answer created
Send SDP answer test-16
Message: takeConfiguration {'streamId': 'test-17', 'linkSession': None, 'idMapping': {'0': 'ARDAMSvvideoTrack0', '1': 'ARDAMSaaudioTrack0'}, 'subscriberId': None, 'type': 'offer', 'command': 'takeConfiguration', 'sdp': 'v=0\r\no=- 5234128634764728016 2 IN IP4 127.0.0.1\r\ns=-\r\nt=0 0\r\na=group:BUNDLE 0 1 2\r\na=extmap-allow-mixed\r\na=msid-semantic: WMS ARDAMS\r\nm=video 9 UDP/TLS/RTP/SAVPF 127 125\r\nc=IN IP4 0.0.0.0\r\na=rtcp:9 IN IP4 0.0.0.0\r\na=ice-ufrag:fmnY\r\na=ice-pwd:HUUD9bKhby3syLB8Djsi+a6g\r\na=ice-options:trickle renomination\r\na=fingerprint:sha-256 F0:8A:71:40:CB:31:B8:09:58:3B:C2:AC:AB:27:78:E8:A1:03:98:B2:8E:5A:72:1F:22:C2:31:2E:D5:8A:A0:6F\r\na=setup:actpass\r\na=mid:0\r\na=extmap:1 urn:ietf:params:rtp-hdrext:toffset\r\na=extmap:2 http://www.webrtc.org/experiments/rtp-hdrext/abs-send-time\r\na=extmap:3 urn:3gpp:video-orientation\r\na=extmap:4 http://www.ietf.org/id/draft-holmer-rmcat-transport-wide-cc-extensions-01\r\na=extmap:5 http://www.webrtc.org/experiments/rtp-hdrext/playout-delay\r\na=extmap:6 http://www.webrtc.org/experiments/rtp-hdrext/video-content-type\r\na=extmap:7 http://www.webrtc.org/experiments/rtp-hdrext/video-timing\r\na=extmap:8 http://www.webrtc.org/experiments/rtp-hdrext/color-space\r\na=extmap:9 urn:ietf:params:rtp-hdrext:sdes:mid\r\na=extmap:10 urn:ietf:params:rtp-hdrext:sdes:rtp-stream-id\r\na=extmap:11 urn:ietf:params:rtp-hdrext:sdes:repaired-rtp-stream-id\r\na=sendonly\r\na=msid:ARDAMS ARDAMSvvideoTrack0\r\na=rtcp-mux\r\na=rtcp-rsize\r\na=rtpmap:127 H264/90000\r\na=rtcp-fb:127 goog-remb\r\na=rtcp-fb:127 transport-cc\r\na=rtcp-fb:127 ccm fir\r\na=rtcp-fb:127 nack\r\na=rtcp-fb:127 nack pli\r\na=fmtp:127 level-asymmetry-allowed=1;packetization-mode=1;profile-level-id=42e01f\r\na=rtpmap:125 rtx/90000\r\na=fmtp:125 apt=127\r\na=ssrc-group:FID 1692160943 376487174\r\na=ssrc:1692160943 cname:BL/g/YhRmQbwppAr\r\na=ssrc:1692160943 msid:ARDAMS ARDAMSvvideoTrack0\r\na=ssrc:376487174 cname:BL/g/YhRmQbwppAr\r\na=ssrc:376487174 msid:ARDAMS ARDAMSvvideoTrack0\r\nm=audio 9 UDP/TLS/RTP/SAVPF 111 63 110\r\nc=IN IP4 0.0.0.0\r\na=rtcp:9 IN IP4 0.0.0.0\r\na=ice-ufrag:fmnY\r\na=ice-pwd:HUUD9bKhby3syLB8Djsi+a6g\r\na=ice-options:trickle renomination\r\na=fingerprint:sha-256 F0:8A:71:40:CB:31:B8:09:58:3B:C2:AC:AB:27:78:E8:A1:03:98:B2:8E:5A:72:1F:22:C2:31:2E:D5:8A:A0:6F\r\na=setup:actpass\r\na=mid:1\r\na=extmap:14 urn:ietf:params:rtp-hdrext:ssrc-audio-level\r\na=extmap:2 http://www.webrtc.org/experiments/rtp-hdrext/abs-send-time\r\na=extmap:4 http://www.ietf.org/id/draft-holmer-rmcat-transport-wide-cc-extensions-01\r\na=extmap:9 urn:ietf:params:rtp-hdrext:sdes:mid\r\na=sendonly\r\na=msid:ARDAMS ARDAMSaaudioTrack0\r\na=rtcp-mux\r\na=rtpmap:111 opus/48000/2\r\na=rtcp-fb:111 transport-cc\r\na=fmtp:111 minptime=10;useinbandfec=1\r\na=rtpmap:63 red/48000/2\r\na=fmtp:63 111/111\r\na=rtpmap:110 telephone-event/48000\r\na=ssrc:1024517739 cname:BL/g/YhRmQbwppAr\r\na=ssrc:1024517739 msid:ARDAMS ARDAMSaaudioTrack0\r\nm=application 9 UDP/DTLS/SCTP webrtc-datachannel\r\nc=IN IP4 0.0.0.0\r\na=ice-ufrag:fmnY\r\na=ice-pwd:HUUD9bKhby3syLB8Djsi+a6g\r\na=ice-options:trickle renomination\r\na=fingerprint:sha-256 F0:8A:71:40:CB:31:B8:09:58:3B:C2:AC:AB:27:78:E8:A1:03:98:B2:8E:5A:72:1F:22:C2:31:2E:D5:8A:A0:6F\r\na=setup:actpass\r\na=mid:2\r\na=sctp-port:5000\r\na=max-message-size:262144\r\n'}
<__main__.WebRTCClient object at 0x7cbe867e0f70> test-17 {'test-0': <__main__.WebRTCClient object at 0x7cbe867b1e80>, 'test-1': <__main__.WebRTCClient object at 0x7cbe868091d0>, 'test-2': <__main__.WebRTCClient object at 0x7cbe86808cd0>, 'test-3': <__main__.WebRTCClient object at 0x7cbe867e68b0>, 'test-4': <__main__.WebRTCClient object at 0x7cbe867e6190>, 'test-5': <__main__.WebRTCClient object at 0x7cbe86d4a8d0>, 'test-6': <__main__.WebRTCClient object at 0x7cbe86dc6470>, 'test-7': <__main__.WebRTCClient object at 0x7cbe86dc6360>, 'test-8': <__main__.WebRTCClient object at 0x7cbe86829250>, 'test-9': <__main__.WebRTCClient object at 0x7cbe86829350>, 'test-10': <__main__.WebRTCClient object at 0x7cbe8683c410>, 'test-11': <__main__.WebRTCClient object at 0x7cbe8683c5f0>, 'test-12': <__main__.WebRTCClient object at 0x7cbe86de75b0>, 'test-13': <__main__.WebRTCClient object at 0x7cbe86820f30>, 'test-14': <__main__.WebRTCClient object at 0x7cbe867e9bf0>, 'test-15': <__main__.WebRTCClient object at 0x7cbe86da6090>, 'test-16': <__main__.WebRTCClient object at 0x7cbe86da6210>, 'test-17': <__main__.WebRTCClient object at 0x7cbe867e0f70>, 'test-18': <__main__.WebRTCClient object at 0x7cbe867e1020>, 'test-19': <__main__.WebRTCClient object at 0x7cbe8682cb90>, 'test-20': <__main__.WebRTCClient object at 0x7cbe8682d130>, 'test-21': <__main__.WebRTCClient object at 0x7cbe86d9b380>, 'test-22': <__main__.WebRTCClient object at 0x7cbe868039d0>, 'test-23': <__main__.WebRTCClient object at 0x7cbe86803b50>, 'test-24': <__main__.WebRTCClient object at 0x7cbe86803cd0>, 'test-25': <__main__.WebRTCClient object at 0x7cbe86803e50>, 'test-26': <__main__.WebRTCClient object at 0x7cbe868038d0>, 'test-27': <__main__.WebRTCClient object at 0x7cbe86803ed0>, 'test-28': <__main__.WebRTCClient object at 0x7cbe8684c350>, 'test-29': <__main__.WebRTCClient object at 0x7cbe8684c4d0>}
Creating WebRTC Pipeline play test-17
answer created
Send SDP answer test-17
Message: takeConfiguration {'streamId': 'test-18', 'linkSession': None, 'idMapping': {'0': 'ARDAMSvvideoTrack0', '1': 'ARDAMSaaudioTrack0'}, 'subscriberId': None, 'type': 'offer', 'command': 'takeConfiguration', 'sdp': 'v=0\r\no=- 7895888079105759777 2 IN IP4 127.0.0.1\r\ns=-\r\nt=0 0\r\na=group:BUNDLE 0 1 2\r\na=extmap-allow-mixed\r\na=msid-semantic: WMS ARDAMS\r\nm=video 9 UDP/TLS/RTP/SAVPF 127 125\r\nc=IN IP4 0.0.0.0\r\na=rtcp:9 IN IP4 0.0.0.0\r\na=ice-ufrag:BSWO\r\na=ice-pwd:UuE/PR54v4lEbfR4g4gRQ9C3\r\na=ice-options:trickle renomination\r\na=fingerprint:sha-256 60:33:BF:B5:09:C9:E9:A5:56:8D:33:29:53:82:81:E7:A7:6C:88:3E:0D:9A:AB:A7:EA:67:7C:6B:35:8A:8E:72\r\na=setup:actpass\r\na=mid:0\r\na=extmap:1 urn:ietf:params:rtp-hdrext:toffset\r\na=extmap:2 http://www.webrtc.org/experiments/rtp-hdrext/abs-send-time\r\na=extmap:3 urn:3gpp:video-orientation\r\na=extmap:4 http://www.ietf.org/id/draft-holmer-rmcat-transport-wide-cc-extensions-01\r\na=extmap:5 http://www.webrtc.org/experiments/rtp-hdrext/playout-delay\r\na=extmap:6 http://www.webrtc.org/experiments/rtp-hdrext/video-content-type\r\na=extmap:7 http://www.webrtc.org/experiments/rtp-hdrext/video-timing\r\na=extmap:8 http://www.webrtc.org/experiments/rtp-hdrext/color-space\r\na=extmap:9 urn:ietf:params:rtp-hdrext:sdes:mid\r\na=extmap:10 urn:ietf:params:rtp-hdrext:sdes:rtp-stream-id\r\na=extmap:11 urn:ietf:params:rtp-hdrext:sdes:repaired-rtp-stream-id\r\na=sendonly\r\na=msid:ARDAMS ARDAMSvvideoTrack0\r\na=rtcp-mux\r\na=rtcp-rsize\r\na=rtpmap:127 H264/90000\r\na=rtcp-fb:127 goog-remb\r\na=rtcp-fb:127 transport-cc\r\na=rtcp-fb:127 ccm fir\r\na=rtcp-fb:127 nack\r\na=rtcp-fb:127 nack pli\r\na=fmtp:127 level-asymmetry-allowed=1;packetization-mode=1;profile-level-id=42e01f\r\na=rtpmap:125 rtx/90000\r\na=fmtp:125 apt=127\r\na=ssrc-group:FID 1484229534 2085889204\r\na=ssrc:1484229534 cname:Gr2CrnKUfdho7UmM\r\na=ssrc:1484229534 msid:ARDAMS ARDAMSvvideoTrack0\r\na=ssrc:2085889204 cname:Gr2CrnKUfdho7UmM\r\na=ssrc:2085889204 msid:ARDAMS ARDAMSvvideoTrack0\r\nm=audio 9 UDP/TLS/RTP/SAVPF 111 63 110\r\nc=IN IP4 0.0.0.0\r\na=rtcp:9 IN IP4 0.0.0.0\r\na=ice-ufrag:BSWO\r\na=ice-pwd:UuE/PR54v4lEbfR4g4gRQ9C3\r\na=ice-options:trickle renomination\r\na=fingerprint:sha-256 60:33:BF:B5:09:C9:E9:A5:56:8D:33:29:53:82:81:E7:A7:6C:88:3E:0D:9A:AB:A7:EA:67:7C:6B:35:8A:8E:72\r\na=setup:actpass\r\na=mid:1\r\na=extmap:14 urn:ietf:params:rtp-hdrext:ssrc-audio-level\r\na=extmap:2 http://www.webrtc.org/experiments/rtp-hdrext/abs-send-time\r\na=extmap:4 http://www.ietf.org/id/draft-holmer-rmcat-transport-wide-cc-extensions-01\r\na=extmap:9 urn:ietf:params:rtp-hdrext:sdes:mid\r\na=sendonly\r\na=msid:ARDAMS ARDAMSaaudioTrack0\r\na=rtcp-mux\r\na=rtpmap:111 opus/48000/2\r\na=rtcp-fb:111 transport-cc\r\na=fmtp:111 minptime=10;useinbandfec=1\r\na=rtpmap:63 red/48000/2\r\na=fmtp:63 111/111\r\na=rtpmap:110 telephone-event/48000\r\na=ssrc:3775220763 cname:Gr2CrnKUfdho7UmM\r\na=ssrc:3775220763 msid:ARDAMS ARDAMSaaudioTrack0\r\nm=application 9 UDP/DTLS/SCTP webrtc-datachannel\r\nc=IN IP4 0.0.0.0\r\na=ice-ufrag:BSWO\r\na=ice-pwd:UuE/PR54v4lEbfR4g4gRQ9C3\r\na=ice-options:trickle renomination\r\na=fingerprint:sha-256 60:33:BF:B5:09:C9:E9:A5:56:8D:33:29:53:82:81:E7:A7:6C:88:3E:0D:9A:AB:A7:EA:67:7C:6B:35:8A:8E:72\r\na=setup:actpass\r\na=mid:2\r\na=sctp-port:5000\r\na=max-message-size:262144\r\n'}
<__main__.WebRTCClient object at 0x7cbe867e1020> test-18 {'test-0': <__main__.WebRTCClient object at 0x7cbe867b1e80>, 'test-1': <__main__.WebRTCClient object at 0x7cbe868091d0>, 'test-2': <__main__.WebRTCClient object at 0x7cbe86808cd0>, 'test-3': <__main__.WebRTCClient object at 0x7cbe867e68b0>, 'test-4': <__main__.WebRTCClient object at 0x7cbe867e6190>, 'test-5': <__main__.WebRTCClient object at 0x7cbe86d4a8d0>, 'test-6': <__main__.WebRTCClient object at 0x7cbe86dc6470>, 'test-7': <__main__.WebRTCClient object at 0x7cbe86dc6360>, 'test-8': <__main__.WebRTCClient object at 0x7cbe86829250>, 'test-9': <__main__.WebRTCClient object at 0x7cbe86829350>, 'test-10': <__main__.WebRTCClient object at 0x7cbe8683c410>, 'test-11': <__main__.WebRTCClient object at 0x7cbe8683c5f0>, 'test-12': <__main__.WebRTCClient object at 0x7cbe86de75b0>, 'test-13': <__main__.WebRTCClient object at 0x7cbe86820f30>, 'test-14': <__main__.WebRTCClient object at 0x7cbe867e9bf0>, 'test-15': <__main__.WebRTCClient object at 0x7cbe86da6090>, 'test-16': <__main__.WebRTCClient object at 0x7cbe86da6210>, 'test-17': <__main__.WebRTCClient object at 0x7cbe867e0f70>, 'test-18': <__main__.WebRTCClient object at 0x7cbe867e1020>, 'test-19': <__main__.WebRTCClient object at 0x7cbe8682cb90>, 'test-20': <__main__.WebRTCClient object at 0x7cbe8682d130>, 'test-21': <__main__.WebRTCClient object at 0x7cbe86d9b380>, 'test-22': <__main__.WebRTCClient object at 0x7cbe868039d0>, 'test-23': <__main__.WebRTCClient object at 0x7cbe86803b50>, 'test-24': <__main__.WebRTCClient object at 0x7cbe86803cd0>, 'test-25': <__main__.WebRTCClient object at 0x7cbe86803e50>, 'test-26': <__main__.WebRTCClient object at 0x7cbe868038d0>, 'test-27': <__main__.WebRTCClient object at 0x7cbe86803ed0>, 'test-28': <__main__.WebRTCClient object at 0x7cbe8684c350>, 'test-29': <__main__.WebRTCClient object at 0x7cbe8684c4d0>}
Creating WebRTC Pipeline play test-18
Message: takeCandidate {'candidate': 'candidate:2948245484 1 udp 2122260223 51.89.116.109 50035 typ host generation 0 ufrag nQAQ network-id 1 network-cost 50', 'streamId': 'test-10', 'linkSession': None, 'subscriberId': None, 'label': 0, 'id': '0', 'command': 'takeCandidate'}
answer created
Send SDP answer test-18
Message: takeCandidate {'candidate': 'candidate:2948245484 1 udp 2122260223 51.89.116.109 50036 typ host generation 0 ufrag nQAQ network-id 1 network-cost 50', 'streamId': 'test-10', 'linkSession': None, 'subscriberId': None, 'label': 1, 'id': '1', 'command': 'takeCandidate'}
Message: takeCandidate {'candidate': 'candidate:2948245484 1 udp 2122260223 51.89.116.109 50038 typ host generation 0 ufrag nQAQ network-id 1 network-cost 50', 'streamId': 'test-10', 'linkSession': None, 'subscriberId': None, 'label': 2, 'id': '2', 'command': 'takeCandidate'}
Message: takeConfiguration {'streamId': 'test-19', 'linkSession': None, 'idMapping': {'0': 'ARDAMSvvideoTrack0', '1': 'ARDAMSaaudioTrack0'}, 'subscriberId': None, 'type': 'offer', 'command': 'takeConfiguration', 'sdp': 'v=0\r\no=- 8777781208645644645 2 IN IP4 127.0.0.1\r\ns=-\r\nt=0 0\r\na=group:BUNDLE 0 1 2\r\na=extmap-allow-mixed\r\na=msid-semantic: WMS ARDAMS\r\nm=video 9 UDP/TLS/RTP/SAVPF 127 125\r\nc=IN IP4 0.0.0.0\r\na=rtcp:9 IN IP4 0.0.0.0\r\na=ice-ufrag:xqG7\r\na=ice-pwd:OUqV91ElywRM3kWa1eYoDmAJ\r\na=ice-options:trickle renomination\r\na=fingerprint:sha-256 42:3C:2A:16:5F:00:65:FE:F5:12:80:C5:66:F9:43:ED:40:7A:E5:90:74:08:F1:C2:E6:10:82:81:E3:B4:6A:12\r\na=setup:actpass\r\na=mid:0\r\na=extmap:1 urn:ietf:params:rtp-hdrext:toffset\r\na=extmap:2 http://www.webrtc.org/experiments/rtp-hdrext/abs-send-time\r\na=extmap:3 urn:3gpp:video-orientation\r\na=extmap:4 http://www.ietf.org/id/draft-holmer-rmcat-transport-wide-cc-extensions-01\r\na=extmap:5 http://www.webrtc.org/experiments/rtp-hdrext/playout-delay\r\na=extmap:6 http://www.webrtc.org/experiments/rtp-hdrext/video-content-type\r\na=extmap:7 http://www.webrtc.org/experiments/rtp-hdrext/video-timing\r\na=extmap:8 http://www.webrtc.org/experiments/rtp-hdrext/color-space\r\na=extmap:9 urn:ietf:params:rtp-hdrext:sdes:mid\r\na=extmap:10 urn:ietf:params:rtp-hdrext:sdes:rtp-stream-id\r\na=extmap:11 urn:ietf:params:rtp-hdrext:sdes:repaired-rtp-stream-id\r\na=sendonly\r\na=msid:ARDAMS ARDAMSvvideoTrack0\r\na=rtcp-mux\r\na=rtcp-rsize\r\na=rtpmap:127 H264/90000\r\na=rtcp-fb:127 goog-remb\r\na=rtcp-fb:127 transport-cc\r\na=rtcp-fb:127 ccm fir\r\na=rtcp-fb:127 nack\r\na=rtcp-fb:127 nack pli\r\na=fmtp:127 level-asymmetry-allowed=1;packetization-mode=1;profile-level-id=42e01f\r\na=rtpmap:125 rtx/90000\r\na=fmtp:125 apt=127\r\na=ssrc-group:FID 2300905738 3725151477\r\na=ssrc:2300905738 cname:NcKgVt75643MOgos\r\na=ssrc:2300905738 msid:ARDAMS ARDAMSvvideoTrack0\r\na=ssrc:3725151477 cname:NcKgVt75643MOgos\r\na=ssrc:3725151477 msid:ARDAMS ARDAMSvvideoTrack0\r\nm=audio 9 UDP/TLS/RTP/SAVPF 111 63 110\r\nc=IN IP4 0.0.0.0\r\na=rtcp:9 IN IP4 0.0.0.0\r\na=ice-ufrag:xqG7\r\na=ice-pwd:OUqV91ElywRM3kWa1eYoDmAJ\r\na=ice-options:trickle renomination\r\na=fingerprint:sha-256 42:3C:2A:16:5F:00:65:FE:F5:12:80:C5:66:F9:43:ED:40:7A:E5:90:74:08:F1:C2:E6:10:82:81:E3:B4:6A:12\r\na=setup:actpass\r\na=mid:1\r\na=extmap:14 urn:ietf:params:rtp-hdrext:ssrc-audio-level\r\na=extmap:2 http://www.webrtc.org/experiments/rtp-hdrext/abs-send-time\r\na=extmap:4 http://www.ietf.org/id/draft-holmer-rmcat-transport-wide-cc-extensions-01\r\na=extmap:9 urn:ietf:params:rtp-hdrext:sdes:mid\r\na=sendonly\r\na=msid:ARDAMS ARDAMSaaudioTrack0\r\na=rtcp-mux\r\na=rtpmap:111 opus/48000/2\r\na=rtcp-fb:111 transport-cc\r\na=fmtp:111 minptime=10;useinbandfec=1\r\na=rtpmap:63 red/48000/2\r\na=fmtp:63 111/111\r\na=rtpmap:110 telephone-event/48000\r\na=ssrc:656601860 cname:NcKgVt75643MOgos\r\na=ssrc:656601860 msid:ARDAMS ARDAMSaaudioTrack0\r\nm=application 9 UDP/DTLS/SCTP webrtc-datachannel\r\nc=IN IP4 0.0.0.0\r\na=ice-ufrag:xqG7\r\na=ice-pwd:OUqV91ElywRM3kWa1eYoDmAJ\r\na=ice-options:trickle renomination\r\na=fingerprint:sha-256 42:3C:2A:16:5F:00:65:FE:F5:12:80:C5:66:F9:43:ED:40:7A:E5:90:74:08:F1:C2:E6:10:82:81:E3:B4:6A:12\r\na=setup:actpass\r\na=mid:2\r\na=sctp-port:5000\r\na=max-message-size:262144\r\n'}
<__main__.WebRTCClient object at 0x7cbe8682cb90> test-19 {'test-0': <__main__.WebRTCClient object at 0x7cbe867b1e80>, 'test-1': <__main__.WebRTCClient object at 0x7cbe868091d0>, 'test-2': <__main__.WebRTCClient object at 0x7cbe86808cd0>, 'test-3': <__main__.WebRTCClient object at 0x7cbe867e68b0>, 'test-4': <__main__.WebRTCClient object at 0x7cbe867e6190>, 'test-5': <__main__.WebRTCClient object at 0x7cbe86d4a8d0>, 'test-6': <__main__.WebRTCClient object at 0x7cbe86dc6470>, 'test-7': <__main__.WebRTCClient object at 0x7cbe86dc6360>, 'test-8': <__main__.WebRTCClient object at 0x7cbe86829250>, 'test-9': <__main__.WebRTCClient object at 0x7cbe86829350>, 'test-10': <__main__.WebRTCClient object at 0x7cbe8683c410>, 'test-11': <__main__.WebRTCClient object at 0x7cbe8683c5f0>, 'test-12': <__main__.WebRTCClient object at 0x7cbe86de75b0>, 'test-13': <__main__.WebRTCClient object at 0x7cbe86820f30>, 'test-14': <__main__.WebRTCClient object at 0x7cbe867e9bf0>, 'test-15': <__main__.WebRTCClient object at 0x7cbe86da6090>, 'test-16': <__main__.WebRTCClient object at 0x7cbe86da6210>, 'test-17': <__main__.WebRTCClient object at 0x7cbe867e0f70>, 'test-18': <__main__.WebRTCClient object at 0x7cbe867e1020>, 'test-19': <__main__.WebRTCClient object at 0x7cbe8682cb90>, 'test-20': <__main__.WebRTCClient object at 0x7cbe8682d130>, 'test-21': <__main__.WebRTCClient object at 0x7cbe86d9b380>, 'test-22': <__main__.WebRTCClient object at 0x7cbe868039d0>, 'test-23': <__main__.WebRTCClient object at 0x7cbe86803b50>, 'test-24': <__main__.WebRTCClient object at 0x7cbe86803cd0>, 'test-25': <__main__.WebRTCClient object at 0x7cbe86803e50>, 'test-26': <__main__.WebRTCClient object at 0x7cbe868038d0>, 'test-27': <__main__.WebRTCClient object at 0x7cbe86803ed0>, 'test-28': <__main__.WebRTCClient object at 0x7cbe8684c350>, 'test-29': <__main__.WebRTCClient object at 0x7cbe8684c4d0>}
Creating WebRTC Pipeline play test-19
Message: takeCandidate {'candidate': 'candidate:4097369127 1 udp 2122260223 51.89.116.109 50039 typ host generation 0 ufrag FUmB network-id 1 network-cost 50', 'streamId': 'test-11', 'linkSession': None, 'subscriberId': None, 'label': 0, 'id': '0', 'command': 'takeCandidate'}
Message: takeCandidate {'candidate': 'candidate:4097369127 1 udp 2122260223 51.89.116.109 50041 typ host generation 0 ufrag FUmB network-id 1 network-cost 50', 'streamId': 'test-11', 'linkSession': None, 'subscriberId': None, 'label': 1, 'id': '1', 'command': 'takeCandidate'}
Message: takeCandidate {'candidate': 'candidate:4097369127 1 udp 2122260223 51.89.116.109 50042 typ host generation 0 ufrag FUmB network-id 1 network-cost 50', 'streamId': 'test-11', 'linkSession': None, 'subscriberId': None, 'label': 2, 'id': '2', 'command': 'takeCandidate'}
Message: takeConfiguration {'streamId': 'test-20', 'linkSession': None, 'idMapping': {'0': 'ARDAMSvvideoTrack0', '1': 'ARDAMSaaudioTrack0'}, 'subscriberId': None, 'type': 'offer', 'command': 'takeConfiguration', 'sdp': 'v=0\r\no=- 5172362351189885920 2 IN IP4 127.0.0.1\r\ns=-\r\nt=0 0\r\na=group:BUNDLE 0 1 2\r\na=extmap-allow-mixed\r\na=msid-semantic: WMS ARDAMS\r\nm=video 9 UDP/TLS/RTP/SAVPF 127 125\r\nc=IN IP4 0.0.0.0\r\na=rtcp:9 IN IP4 0.0.0.0\r\na=ice-ufrag:BRkW\r\na=ice-pwd:lzpdPTyeHsvnU6GnwZHZXZ8W\r\na=ice-options:trickle renomination\r\na=fingerprint:sha-256 18:55:EC:28:35:86:35:63:AB:27:EC:5C:30:B4:9F:8B:4D:D6:EA:7C:62:EB:CE:1F:C1:1B:8B:9A:3F:CE:6E:A2\r\na=setup:actpass\r\na=mid:0\r\na=extmap:1 urn:ietf:params:rtp-hdrext:toffset\r\na=extmap:2 http://www.webrtc.org/experiments/rtp-hdrext/abs-send-time\r\na=extmap:3 urn:3gpp:video-orientation\r\na=extmap:4 http://www.ietf.org/id/draft-holmer-rmcat-transport-wide-cc-extensions-01\r\na=extmap:5 http://www.webrtc.org/experiments/rtp-hdrext/playout-delay\r\na=extmap:6 http://www.webrtc.org/experiments/rtp-hdrext/video-content-type\r\na=extmap:7 http://www.webrtc.org/experiments/rtp-hdrext/video-timing\r\na=extmap:8 http://www.webrtc.org/experiments/rtp-hdrext/color-space\r\na=extmap:9 urn:ietf:params:rtp-hdrext:sdes:mid\r\na=extmap:10 urn:ietf:params:rtp-hdrext:sdes:rtp-stream-id\r\na=extmap:11 urn:ietf:params:rtp-hdrext:sdes:repaired-rtp-stream-id\r\na=sendonly\r\na=msid:ARDAMS ARDAMSvvideoTrack0\r\na=rtcp-mux\r\na=rtcp-rsize\r\na=rtpmap:127 H264/90000\r\na=rtcp-fb:127 goog-remb\r\na=rtcp-fb:127 transport-cc\r\na=rtcp-fb:127 ccm fir\r\na=rtcp-fb:127 nack\r\na=rtcp-fb:127 nack pli\r\na=fmtp:127 level-asymmetry-allowed=1;packetization-mode=1;profile-level-id=42e01f\r\na=rtpmap:125 rtx/90000\r\na=fmtp:125 apt=127\r\na=ssrc-group:FID 1794443428 342449755\r\na=ssrc:1794443428 cname:j3pV6Ikf/jWz3Skd\r\na=ssrc:1794443428 msid:ARDAMS ARDAMSvvideoTrack0\r\na=ssrc:342449755 cname:j3pV6Ikf/jWz3Skd\r\na=ssrc:342449755 msid:ARDAMS ARDAMSvvideoTrack0\r\nm=audio 9 UDP/TLS/RTP/SAVPF 111 63 110\r\nc=IN IP4 0.0.0.0\r\na=rtcp:9 IN IP4 0.0.0.0\r\na=ice-ufrag:BRkW\r\na=ice-pwd:lzpdPTyeHsvnU6GnwZHZXZ8W\r\na=ice-options:trickle renomination\r\na=fingerprint:sha-256 18:55:EC:28:35:86:35:63:AB:27:EC:5C:30:B4:9F:8B:4D:D6:EA:7C:62:EB:CE:1F:C1:1B:8B:9A:3F:CE:6E:A2\r\na=setup:actpass\r\na=mid:1\r\na=extmap:14 urn:ietf:params:rtp-hdrext:ssrc-audio-level\r\na=extmap:2 http://www.webrtc.org/experiments/rtp-hdrext/abs-send-time\r\na=extmap:4 http://www.ietf.org/id/draft-holmer-rmcat-transport-wide-cc-extensions-01\r\na=extmap:9 urn:ietf:params:rtp-hdrext:sdes:mid\r\na=sendonly\r\na=msid:ARDAMS ARDAMSaaudioTrack0\r\na=rtcp-mux\r\na=rtpmap:111 opus/48000/2\r\na=rtcp-fb:111 transport-cc\r\na=fmtp:111 minptime=10;useinbandfec=1\r\na=rtpmap:63 red/48000/2\r\na=fmtp:63 111/111\r\na=rtpmap:110 telephone-event/48000\r\na=ssrc:1433550635 cname:j3pV6Ikf/jWz3Skd\r\na=ssrc:1433550635 msid:ARDAMS ARDAMSaaudioTrack0\r\nm=application 9 UDP/DTLS/SCTP webrtc-datachannel\r\nc=IN IP4 0.0.0.0\r\na=ice-ufrag:BRkW\r\na=ice-pwd:lzpdPTyeHsvnU6GnwZHZXZ8W\r\na=ice-options:trickle renomination\r\na=fingerprint:sha-256 18:55:EC:28:35:86:35:63:AB:27:EC:5C:30:B4:9F:8B:4D:D6:EA:7C:62:EB:CE:1F:C1:1B:8B:9A:3F:CE:6E:A2\r\na=setup:actpass\r\na=mid:2\r\na=sctp-port:5000\r\na=max-message-size:262144\r\n'}
<__main__.WebRTCClient object at 0x7cbe8682d130> test-20 {'test-0': <__main__.WebRTCClient object at 0x7cbe867b1e80>, 'test-1': <__main__.WebRTCClient object at 0x7cbe868091d0>, 'test-2': <__main__.WebRTCClient object at 0x7cbe86808cd0>, 'test-3': <__main__.WebRTCClient object at 0x7cbe867e68b0>, 'test-4': <__main__.WebRTCClient object at 0x7cbe867e6190>, 'test-5': <__main__.WebRTCClient object at 0x7cbe86d4a8d0>, 'test-6': <__main__.WebRTCClient object at 0x7cbe86dc6470>, 'test-7': <__main__.WebRTCClient object at 0x7cbe86dc6360>, 'test-8': <__main__.WebRTCClient object at 0x7cbe86829250>, 'test-9': <__main__.WebRTCClient object at 0x7cbe86829350>, 'test-10': <__main__.WebRTCClient object at 0x7cbe8683c410>, 'test-11': <__main__.WebRTCClient object at 0x7cbe8683c5f0>, 'test-12': <__main__.WebRTCClient object at 0x7cbe86de75b0>, 'test-13': <__main__.WebRTCClient object at 0x7cbe86820f30>, 'test-14': <__main__.WebRTCClient object at 0x7cbe867e9bf0>, 'test-15': <__main__.WebRTCClient object at 0x7cbe86da6090>, 'test-16': <__main__.WebRTCClient object at 0x7cbe86da6210>, 'test-17': <__main__.WebRTCClient object at 0x7cbe867e0f70>, 'test-18': <__main__.WebRTCClient object at 0x7cbe867e1020>, 'test-19': <__main__.WebRTCClient object at 0x7cbe8682cb90>, 'test-20': <__main__.WebRTCClient object at 0x7cbe8682d130>, 'test-21': <__main__.WebRTCClient object at 0x7cbe86d9b380>, 'test-22': <__main__.WebRTCClient object at 0x7cbe868039d0>, 'test-23': <__main__.WebRTCClient object at 0x7cbe86803b50>, 'test-24': <__main__.WebRTCClient object at 0x7cbe86803cd0>, 'test-25': <__main__.WebRTCClient object at 0x7cbe86803e50>, 'test-26': <__main__.WebRTCClient object at 0x7cbe868038d0>, 'test-27': <__main__.WebRTCClient object at 0x7cbe86803ed0>, 'test-28': <__main__.WebRTCClient object at 0x7cbe8684c350>, 'test-29': <__main__.WebRTCClient object at 0x7cbe8684c4d0>}
Creating WebRTC Pipeline play test-20
Message: takeConfiguration {'streamId': 'test-21', 'linkSession': None, 'idMapping': {'0': 'ARDAMSvvideoTrack0', '1': 'ARDAMSaaudioTrack0'}, 'subscriberId': None, 'type': 'offer', 'command': 'takeConfiguration', 'sdp': 'v=0\r\no=- 4159312629925578276 2 IN IP4 127.0.0.1\r\ns=-\r\nt=0 0\r\na=group:BUNDLE 0 1 2\r\na=extmap-allow-mixed\r\na=msid-semantic: WMS ARDAMS\r\nm=video 9 UDP/TLS/RTP/SAVPF 127 125\r\nc=IN IP4 0.0.0.0\r\na=rtcp:9 IN IP4 0.0.0.0\r\na=ice-ufrag:jgQT\r\na=ice-pwd:3oyxQG0JUFf6Putgk5GMr+bp\r\na=ice-options:trickle renomination\r\na=fingerprint:sha-256 07:51:FC:D5:12:90:2D:67:64:6A:2A:85:87:17:A3:38:24:17:FE:46:BD:0D:91:9E:EE:6D:B0:53:A3:BC:F6:8E\r\na=setup:actpass\r\na=mid:0\r\na=extmap:1 urn:ietf:params:rtp-hdrext:toffset\r\na=extmap:2 http://www.webrtc.org/experiments/rtp-hdrext/abs-send-time\r\na=extmap:3 urn:3gpp:video-orientation\r\na=extmap:4 http://www.ietf.org/id/draft-holmer-rmcat-transport-wide-cc-extensions-01\r\na=extmap:5 http://www.webrtc.org/experiments/rtp-hdrext/playout-delay\r\na=extmap:6 http://www.webrtc.org/experiments/rtp-hdrext/video-content-type\r\na=extmap:7 http://www.webrtc.org/experiments/rtp-hdrext/video-timing\r\na=extmap:8 http://www.webrtc.org/experiments/rtp-hdrext/color-space\r\na=extmap:9 urn:ietf:params:rtp-hdrext:sdes:mid\r\na=extmap:10 urn:ietf:params:rtp-hdrext:sdes:rtp-stream-id\r\na=extmap:11 urn:ietf:params:rtp-hdrext:sdes:repaired-rtp-stream-id\r\na=sendonly\r\na=msid:ARDAMS ARDAMSvvideoTrack0\r\na=rtcp-mux\r\na=rtcp-rsize\r\na=rtpmap:127 H264/90000\r\na=rtcp-fb:127 goog-remb\r\na=rtcp-fb:127 transport-cc\r\na=rtcp-fb:127 ccm fir\r\na=rtcp-fb:127 nack\r\na=rtcp-fb:127 nack pli\r\na=fmtp:127 level-asymmetry-allowed=1;packetization-mode=1;profile-level-id=42e01f\r\na=rtpmap:125 rtx/90000\r\na=fmtp:125 apt=127\r\na=ssrc-group:FID 3916035193 2350542099\r\na=ssrc:3916035193 cname:9hWhSfXykLLv1EAV\r\na=ssrc:3916035193 msid:ARDAMS ARDAMSvvideoTrack0\r\na=ssrc:2350542099 cname:9hWhSfXykLLv1EAV\r\na=ssrc:2350542099 msid:ARDAMS ARDAMSvvideoTrack0\r\nm=audio 9 UDP/TLS/RTP/SAVPF 111 63 110\r\nc=IN IP4 0.0.0.0\r\na=rtcp:9 IN IP4 0.0.0.0\r\na=ice-ufrag:jgQT\r\na=ice-pwd:3oyxQG0JUFf6Putgk5GMr+bp\r\na=ice-options:trickle renomination\r\na=fingerprint:sha-256 07:51:FC:D5:12:90:2D:67:64:6A:2A:85:87:17:A3:38:24:17:FE:46:BD:0D:91:9E:EE:6D:B0:53:A3:BC:F6:8E\r\na=setup:actpass\r\na=mid:1\r\na=extmap:14 urn:ietf:params:rtp-hdrext:ssrc-audio-level\r\na=extmap:2 http://www.webrtc.org/experiments/rtp-hdrext/abs-send-time\r\na=extmap:4 http://www.ietf.org/id/draft-holmer-rmcat-transport-wide-cc-extensions-01\r\na=extmap:9 urn:ietf:params:rtp-hdrext:sdes:mid\r\na=sendonly\r\na=msid:ARDAMS ARDAMSaaudioTrack0\r\na=rtcp-mux\r\na=rtpmap:111 opus/48000/2\r\na=rtcp-fb:111 transport-cc\r\na=fmtp:111 minptime=10;useinbandfec=1\r\na=rtpmap:63 red/48000/2\r\na=fmtp:63 111/111\r\na=rtpmap:110 telephone-event/48000\r\na=ssrc:3357493546 cname:9hWhSfXykLLv1EAV\r\na=ssrc:3357493546 msid:ARDAMS ARDAMSaaudioTrack0\r\nm=application 9 UDP/DTLS/SCTP webrtc-datachannel\r\nc=IN IP4 0.0.0.0\r\na=ice-ufrag:jgQT\r\na=ice-pwd:3oyxQG0JUFf6Putgk5GMr+bp\r\na=ice-options:trickle renomination\r\na=fingerprint:sha-256 07:51:FC:D5:12:90:2D:67:64:6A:2A:85:87:17:A3:38:24:17:FE:46:BD:0D:91:9E:EE:6D:B0:53:A3:BC:F6:8E\r\na=setup:actpass\r\na=mid:2\r\na=sctp-port:5000\r\na=max-message-size:262144\r\n'}
<__main__.WebRTCClient object at 0x7cbe86d9b380> test-21 {'test-0': <__main__.WebRTCClient object at 0x7cbe867b1e80>, 'test-1': <__main__.WebRTCClient object at 0x7cbe868091d0>, 'test-2': <__main__.WebRTCClient object at 0x7cbe86808cd0>, 'test-3': <__main__.WebRTCClient object at 0x7cbe867e68b0>, 'test-4': <__main__.WebRTCClient object at 0x7cbe867e6190>, 'test-5': <__main__.WebRTCClient object at 0x7cbe86d4a8d0>, 'test-6': <__main__.WebRTCClient object at 0x7cbe86dc6470>, 'test-7': <__main__.WebRTCClient object at 0x7cbe86dc6360>, 'test-8': <__main__.WebRTCClient object at 0x7cbe86829250>, 'test-9': <__main__.WebRTCClient object at 0x7cbe86829350>, 'test-10': <__main__.WebRTCClient object at 0x7cbe8683c410>, 'test-11': <__main__.WebRTCClient object at 0x7cbe8683c5f0>, 'test-12': <__main__.WebRTCClient object at 0x7cbe86de75b0>, 'test-13': <__main__.WebRTCClient object at 0x7cbe86820f30>, 'test-14': <__main__.WebRTCClient object at 0x7cbe867e9bf0>, 'test-15': <__main__.WebRTCClient object at 0x7cbe86da6090>, 'test-16': <__main__.WebRTCClient object at 0x7cbe86da6210>, 'test-17': <__main__.WebRTCClient object at 0x7cbe867e0f70>, 'test-18': <__main__.WebRTCClient object at 0x7cbe867e1020>, 'test-19': <__main__.WebRTCClient object at 0x7cbe8682cb90>, 'test-20': <__main__.WebRTCClient object at 0x7cbe8682d130>, 'test-21': <__main__.WebRTCClient object at 0x7cbe86d9b380>, 'test-22': <__main__.WebRTCClient object at 0x7cbe868039d0>, 'test-23': <__main__.WebRTCClient object at 0x7cbe86803b50>, 'test-24': <__main__.WebRTCClient object at 0x7cbe86803cd0>, 'test-25': <__main__.WebRTCClient object at 0x7cbe86803e50>, 'test-26': <__main__.WebRTCClient object at 0x7cbe868038d0>, 'test-27': <__main__.WebRTCClient object at 0x7cbe86803ed0>, 'test-28': <__main__.WebRTCClient object at 0x7cbe8684c350>, 'test-29': <__main__.WebRTCClient object at 0x7cbe8684c4d0>}
Creating WebRTC Pipeline play test-21
Message: takeConfiguration {'streamId': 'test-22', 'linkSession': None, 'idMapping': {'0': 'ARDAMSvvideoTrack0', '1': 'ARDAMSaaudioTrack0'}, 'subscriberId': None, 'type': 'offer', 'command': 'takeConfiguration', 'sdp': 'v=0\r\no=- 8997221280481098747 2 IN IP4 127.0.0.1\r\ns=-\r\nt=0 0\r\na=group:BUNDLE 0 1 2\r\na=extmap-allow-mixed\r\na=msid-semantic: WMS ARDAMS\r\nm=video 9 UDP/TLS/RTP/SAVPF 127 125\r\nc=IN IP4 0.0.0.0\r\na=rtcp:9 IN IP4 0.0.0.0\r\na=ice-ufrag:1frr\r\na=ice-pwd:BbyVnZYFQweIbR/AeBbc+Pby\r\na=ice-options:trickle renomination\r\na=fingerprint:sha-256 D8:FD:EB:13:C9:F9:09:79:EC:7A:B6:91:09:70:97:39:98:85:38:0D:50:90:9F:0E:B5:AD:19:18:A8:A1:E9:54\r\na=setup:actpass\r\na=mid:0\r\na=extmap:1 urn:ietf:params:rtp-hdrext:toffset\r\na=extmap:2 http://www.webrtc.org/experiments/rtp-hdrext/abs-send-time\r\na=extmap:3 urn:3gpp:video-orientation\r\na=extmap:4 http://www.ietf.org/id/draft-holmer-rmcat-transport-wide-cc-extensions-01\r\na=extmap:5 http://www.webrtc.org/experiments/rtp-hdrext/playout-delay\r\na=extmap:6 http://www.webrtc.org/experiments/rtp-hdrext/video-content-type\r\na=extmap:7 http://www.webrtc.org/experiments/rtp-hdrext/video-timing\r\na=extmap:8 http://www.webrtc.org/experiments/rtp-hdrext/color-space\r\na=extmap:9 urn:ietf:params:rtp-hdrext:sdes:mid\r\na=extmap:10 urn:ietf:params:rtp-hdrext:sdes:rtp-stream-id\r\na=extmap:11 urn:ietf:params:rtp-hdrext:sdes:repaired-rtp-stream-id\r\na=sendonly\r\na=msid:ARDAMS ARDAMSvvideoTrack0\r\na=rtcp-mux\r\na=rtcp-rsize\r\na=rtpmap:127 H264/90000\r\na=rtcp-fb:127 goog-remb\r\na=rtcp-fb:127 transport-cc\r\na=rtcp-fb:127 ccm fir\r\na=rtcp-fb:127 nack\r\na=rtcp-fb:127 nack pli\r\na=fmtp:127 level-asymmetry-allowed=1;packetization-mode=1;profile-level-id=42e01f\r\na=rtpmap:125 rtx/90000\r\na=fmtp:125 apt=127\r\na=ssrc-group:FID 2990479739 34182714\r\na=ssrc:2990479739 cname:oBZiqKLqNf4FLINZ\r\na=ssrc:2990479739 msid:ARDAMS ARDAMSvvideoTrack0\r\na=ssrc:34182714 cname:oBZiqKLqNf4FLINZ\r\na=ssrc:34182714 msid:ARDAMS ARDAMSvvideoTrack0\r\nm=audio 9 UDP/TLS/RTP/SAVPF 111 63 110\r\nc=IN IP4 0.0.0.0\r\na=rtcp:9 IN IP4 0.0.0.0\r\na=ice-ufrag:1frr\r\na=ice-pwd:BbyVnZYFQweIbR/AeBbc+Pby\r\na=ice-options:trickle renomination\r\na=fingerprint:sha-256 D8:FD:EB:13:C9:F9:09:79:EC:7A:B6:91:09:70:97:39:98:85:38:0D:50:90:9F:0E:B5:AD:19:18:A8:A1:E9:54\r\na=setup:actpass\r\na=mid:1\r\na=extmap:14 urn:ietf:params:rtp-hdrext:ssrc-audio-level\r\na=extmap:2 http://www.webrtc.org/experiments/rtp-hdrext/abs-send-time\r\na=extmap:4 http://www.ietf.org/id/draft-holmer-rmcat-transport-wide-cc-extensions-01\r\na=extmap:9 urn:ietf:params:rtp-hdrext:sdes:mid\r\na=sendonly\r\na=msid:ARDAMS ARDAMSaaudioTrack0\r\na=rtcp-mux\r\na=rtpmap:111 opus/48000/2\r\na=rtcp-fb:111 transport-cc\r\na=fmtp:111 minptime=10;useinbandfec=1\r\na=rtpmap:63 red/48000/2\r\na=fmtp:63 111/111\r\na=rtpmap:110 telephone-event/48000\r\na=ssrc:3015785210 cname:oBZiqKLqNf4FLINZ\r\na=ssrc:3015785210 msid:ARDAMS ARDAMSaaudioTrack0\r\nm=application 9 UDP/DTLS/SCTP webrtc-datachannel\r\nc=IN IP4 0.0.0.0\r\na=ice-ufrag:1frr\r\na=ice-pwd:BbyVnZYFQweIbR/AeBbc+Pby\r\na=ice-options:trickle renomination\r\na=fingerprint:sha-256 D8:FD:EB:13:C9:F9:09:79:EC:7A:B6:91:09:70:97:39:98:85:38:0D:50:90:9F:0E:B5:AD:19:18:A8:A1:E9:54\r\na=setup:actpass\r\na=mid:2\r\na=sctp-port:5000\r\na=max-message-size:262144\r\n'}
<__main__.WebRTCClient object at 0x7cbe868039d0> test-22 {'test-0': <__main__.WebRTCClient object at 0x7cbe867b1e80>, 'test-1': <__main__.WebRTCClient object at 0x7cbe868091d0>, 'test-2': <__main__.WebRTCClient object at 0x7cbe86808cd0>, 'test-3': <__main__.WebRTCClient object at 0x7cbe867e68b0>, 'test-4': <__main__.WebRTCClient object at 0x7cbe867e6190>, 'test-5': <__main__.WebRTCClient object at 0x7cbe86d4a8d0>, 'test-6': <__main__.WebRTCClient object at 0x7cbe86dc6470>, 'test-7': <__main__.WebRTCClient object at 0x7cbe86dc6360>, 'test-8': <__main__.WebRTCClient object at 0x7cbe86829250>, 'test-9': <__main__.WebRTCClient object at 0x7cbe86829350>, 'test-10': <__main__.WebRTCClient object at 0x7cbe8683c410>, 'test-11': <__main__.WebRTCClient object at 0x7cbe8683c5f0>, 'test-12': <__main__.WebRTCClient object at 0x7cbe86de75b0>, 'test-13': <__main__.WebRTCClient object at 0x7cbe86820f30>, 'test-14': <__main__.WebRTCClient object at 0x7cbe867e9bf0>, 'test-15': <__main__.WebRTCClient object at 0x7cbe86da6090>, 'test-16': <__main__.WebRTCClient object at 0x7cbe86da6210>, 'test-17': <__main__.WebRTCClient object at 0x7cbe867e0f70>, 'test-18': <__main__.WebRTCClient object at 0x7cbe867e1020>, 'test-19': <__main__.WebRTCClient object at 0x7cbe8682cb90>, 'test-20': <__main__.WebRTCClient object at 0x7cbe8682d130>, 'test-21': <__main__.WebRTCClient object at 0x7cbe86d9b380>, 'test-22': <__main__.WebRTCClient object at 0x7cbe868039d0>, 'test-23': <__main__.WebRTCClient object at 0x7cbe86803b50>, 'test-24': <__main__.WebRTCClient object at 0x7cbe86803cd0>, 'test-25': <__main__.WebRTCClient object at 0x7cbe86803e50>, 'test-26': <__main__.WebRTCClient object at 0x7cbe868038d0>, 'test-27': <__main__.WebRTCClient object at 0x7cbe86803ed0>, 'test-28': <__main__.WebRTCClient object at 0x7cbe8684c350>, 'test-29': <__main__.WebRTCClient object at 0x7cbe8684c4d0>}
Creating WebRTC Pipeline play test-22
answer created
Send SDP answer test-19
answer created
answer created
answer created
Send SDP answer test-20
Send SDP answer test-21
Send SDP answer test-22
Message: takeConfiguration {'streamId': 'test-23', 'linkSession': None, 'idMapping': {'0': 'ARDAMSvvideoTrack0', '1': 'ARDAMSaaudioTrack0'}, 'subscriberId': None, 'type': 'offer', 'command': 'takeConfiguration', 'sdp': 'v=0\r\no=- 2786544763186047794 2 IN IP4 127.0.0.1\r\ns=-\r\nt=0 0\r\na=group:BUNDLE 0 1 2\r\na=extmap-allow-mixed\r\na=msid-semantic: WMS ARDAMS\r\nm=video 9 UDP/TLS/RTP/SAVPF 127 125\r\nc=IN IP4 0.0.0.0\r\na=rtcp:9 IN IP4 0.0.0.0\r\na=ice-ufrag:+aVo\r\na=ice-pwd:K//MECiVxhWZx5fQg7Azj4JE\r\na=ice-options:trickle renomination\r\na=fingerprint:sha-256 29:9B:77:9B:CD:2D:47:F0:CB:72:A6:23:43:98:6E:59:59:DC:88:58:05:C1:24:4F:8E:38:C9:E4:DD:4B:14:86\r\na=setup:actpass\r\na=mid:0\r\na=extmap:1 urn:ietf:params:rtp-hdrext:toffset\r\na=extmap:2 http://www.webrtc.org/experiments/rtp-hdrext/abs-send-time\r\na=extmap:3 urn:3gpp:video-orientation\r\na=extmap:4 http://www.ietf.org/id/draft-holmer-rmcat-transport-wide-cc-extensions-01\r\na=extmap:5 http://www.webrtc.org/experiments/rtp-hdrext/playout-delay\r\na=extmap:6 http://www.webrtc.org/experiments/rtp-hdrext/video-content-type\r\na=extmap:7 http://www.webrtc.org/experiments/rtp-hdrext/video-timing\r\na=extmap:8 http://www.webrtc.org/experiments/rtp-hdrext/color-space\r\na=extmap:9 urn:ietf:params:rtp-hdrext:sdes:mid\r\na=extmap:10 urn:ietf:params:rtp-hdrext:sdes:rtp-stream-id\r\na=extmap:11 urn:ietf:params:rtp-hdrext:sdes:repaired-rtp-stream-id\r\na=sendonly\r\na=msid:ARDAMS ARDAMSvvideoTrack0\r\na=rtcp-mux\r\na=rtcp-rsize\r\na=rtpmap:127 H264/90000\r\na=rtcp-fb:127 goog-remb\r\na=rtcp-fb:127 transport-cc\r\na=rtcp-fb:127 ccm fir\r\na=rtcp-fb:127 nack\r\na=rtcp-fb:127 nack pli\r\na=fmtp:127 level-asymmetry-allowed=1;packetization-mode=1;profile-level-id=42e01f\r\na=rtpmap:125 rtx/90000\r\na=fmtp:125 apt=127\r\na=ssrc-group:FID 3256133719 3195399583\r\na=ssrc:3256133719 cname:Isd1/pCeuUTRt42g\r\na=ssrc:3256133719 msid:ARDAMS ARDAMSvvideoTrack0\r\na=ssrc:3195399583 cname:Isd1/pCeuUTRt42g\r\na=ssrc:3195399583 msid:ARDAMS ARDAMSvvideoTrack0\r\nm=audio 9 UDP/TLS/RTP/SAVPF 111 63 110\r\nc=IN IP4 0.0.0.0\r\na=rtcp:9 IN IP4 0.0.0.0\r\na=ice-ufrag:+aVo\r\na=ice-pwd:K//MECiVxhWZx5fQg7Azj4JE\r\na=ice-options:trickle renomination\r\na=fingerprint:sha-256 29:9B:77:9B:CD:2D:47:F0:CB:72:A6:23:43:98:6E:59:59:DC:88:58:05:C1:24:4F:8E:38:C9:E4:DD:4B:14:86\r\na=setup:actpass\r\na=mid:1\r\na=extmap:14 urn:ietf:params:rtp-hdrext:ssrc-audio-level\r\na=extmap:2 http://www.webrtc.org/experiments/rtp-hdrext/abs-send-time\r\na=extmap:4 http://www.ietf.org/id/draft-holmer-rmcat-transport-wide-cc-extensions-01\r\na=extmap:9 urn:ietf:params:rtp-hdrext:sdes:mid\r\na=sendonly\r\na=msid:ARDAMS ARDAMSaaudioTrack0\r\na=rtcp-mux\r\na=rtpmap:111 opus/48000/2\r\na=rtcp-fb:111 transport-cc\r\na=fmtp:111 minptime=10;useinbandfec=1\r\na=rtpmap:63 red/48000/2\r\na=fmtp:63 111/111\r\na=rtpmap:110 telephone-event/48000\r\na=ssrc:3316354103 cname:Isd1/pCeuUTRt42g\r\na=ssrc:3316354103 msid:ARDAMS ARDAMSaaudioTrack0\r\nm=application 9 UDP/DTLS/SCTP webrtc-datachannel\r\nc=IN IP4 0.0.0.0\r\na=ice-ufrag:+aVo\r\na=ice-pwd:K//MECiVxhWZx5fQg7Azj4JE\r\na=ice-options:trickle renomination\r\na=fingerprint:sha-256 29:9B:77:9B:CD:2D:47:F0:CB:72:A6:23:43:98:6E:59:59:DC:88:58:05:C1:24:4F:8E:38:C9:E4:DD:4B:14:86\r\na=setup:actpass\r\na=mid:2\r\na=sctp-port:5000\r\na=max-message-size:262144\r\n'}
<__main__.WebRTCClient object at 0x7cbe86803b50> test-23 {'test-0': <__main__.WebRTCClient object at 0x7cbe867b1e80>, 'test-1': <__main__.WebRTCClient object at 0x7cbe868091d0>, 'test-2': <__main__.WebRTCClient object at 0x7cbe86808cd0>, 'test-3': <__main__.WebRTCClient object at 0x7cbe867e68b0>, 'test-4': <__main__.WebRTCClient object at 0x7cbe867e6190>, 'test-5': <__main__.WebRTCClient object at 0x7cbe86d4a8d0>, 'test-6': <__main__.WebRTCClient object at 0x7cbe86dc6470>, 'test-7': <__main__.WebRTCClient object at 0x7cbe86dc6360>, 'test-8': <__main__.WebRTCClient object at 0x7cbe86829250>, 'test-9': <__main__.WebRTCClient object at 0x7cbe86829350>, 'test-10': <__main__.WebRTCClient object at 0x7cbe8683c410>, 'test-11': <__main__.WebRTCClient object at 0x7cbe8683c5f0>, 'test-12': <__main__.WebRTCClient object at 0x7cbe86de75b0>, 'test-13': <__main__.WebRTCClient object at 0x7cbe86820f30>, 'test-14': <__main__.WebRTCClient object at 0x7cbe867e9bf0>, 'test-15': <__main__.WebRTCClient object at 0x7cbe86da6090>, 'test-16': <__main__.WebRTCClient object at 0x7cbe86da6210>, 'test-17': <__main__.WebRTCClient object at 0x7cbe867e0f70>, 'test-18': <__main__.WebRTCClient object at 0x7cbe867e1020>, 'test-19': <__main__.WebRTCClient object at 0x7cbe8682cb90>, 'test-20': <__main__.WebRTCClient object at 0x7cbe8682d130>, 'test-21': <__main__.WebRTCClient object at 0x7cbe86d9b380>, 'test-22': <__main__.WebRTCClient object at 0x7cbe868039d0>, 'test-23': <__main__.WebRTCClient object at 0x7cbe86803b50>, 'test-24': <__main__.WebRTCClient object at 0x7cbe86803cd0>, 'test-25': <__main__.WebRTCClient object at 0x7cbe86803e50>, 'test-26': <__main__.WebRTCClient object at 0x7cbe868038d0>, 'test-27': <__main__.WebRTCClient object at 0x7cbe86803ed0>, 'test-28': <__main__.WebRTCClient object at 0x7cbe8684c350>, 'test-29': <__main__.WebRTCClient object at 0x7cbe8684c4d0>}
Creating WebRTC Pipeline play test-23
Message: takeConfiguration {'streamId': 'test-24', 'linkSession': None, 'idMapping': {'0': 'ARDAMSvvideoTrack0', '1': 'ARDAMSaaudioTrack0'}, 'subscriberId': None, 'type': 'offer', 'command': 'takeConfiguration', 'sdp': 'v=0\r\no=- 4415288369389683184 2 IN IP4 127.0.0.1\r\ns=-\r\nt=0 0\r\na=group:BUNDLE 0 1 2\r\na=extmap-allow-mixed\r\na=msid-semantic: WMS ARDAMS\r\nm=video 9 UDP/TLS/RTP/SAVPF 127 125\r\nc=IN IP4 0.0.0.0\r\na=rtcp:9 IN IP4 0.0.0.0\r\na=ice-ufrag:KqRk\r\na=ice-pwd:ptBUVScR8BMG044VEJ8xygq6\r\na=ice-options:trickle renomination\r\na=fingerprint:sha-256 21:F5:57:40:9F:A4:F1:A7:D0:42:F1:A4:52:58:8B:8D:7E:B9:43:77:71:61:0E:3E:93:F6:D3:ED:7F:85:B2:F0\r\na=setup:actpass\r\na=mid:0\r\na=extmap:1 urn:ietf:params:rtp-hdrext:toffset\r\na=extmap:2 http://www.webrtc.org/experiments/rtp-hdrext/abs-send-time\r\na=extmap:3 urn:3gpp:video-orientation\r\na=extmap:4 http://www.ietf.org/id/draft-holmer-rmcat-transport-wide-cc-extensions-01\r\na=extmap:5 http://www.webrtc.org/experiments/rtp-hdrext/playout-delay\r\na=extmap:6 http://www.webrtc.org/experiments/rtp-hdrext/video-content-type\r\na=extmap:7 http://www.webrtc.org/experiments/rtp-hdrext/video-timing\r\na=extmap:8 http://www.webrtc.org/experiments/rtp-hdrext/color-space\r\na=extmap:9 urn:ietf:params:rtp-hdrext:sdes:mid\r\na=extmap:10 urn:ietf:params:rtp-hdrext:sdes:rtp-stream-id\r\na=extmap:11 urn:ietf:params:rtp-hdrext:sdes:repaired-rtp-stream-id\r\na=sendonly\r\na=msid:ARDAMS ARDAMSvvideoTrack0\r\na=rtcp-mux\r\na=rtcp-rsize\r\na=rtpmap:127 H264/90000\r\na=rtcp-fb:127 goog-remb\r\na=rtcp-fb:127 transport-cc\r\na=rtcp-fb:127 ccm fir\r\na=rtcp-fb:127 nack\r\na=rtcp-fb:127 nack pli\r\na=fmtp:127 level-asymmetry-allowed=1;packetization-mode=1;profile-level-id=42e01f\r\na=rtpmap:125 rtx/90000\r\na=fmtp:125 apt=127\r\na=ssrc-group:FID 3446392229 1323047746\r\na=ssrc:3446392229 cname:DjRfAYZ4WCpTRhd5\r\na=ssrc:3446392229 msid:ARDAMS ARDAMSvvideoTrack0\r\na=ssrc:1323047746 cname:DjRfAYZ4WCpTRhd5\r\na=ssrc:1323047746 msid:ARDAMS ARDAMSvvideoTrack0\r\nm=audio 9 UDP/TLS/RTP/SAVPF 111 63 110\r\nc=IN IP4 0.0.0.0\r\na=rtcp:9 IN IP4 0.0.0.0\r\na=ice-ufrag:KqRk\r\na=ice-pwd:ptBUVScR8BMG044VEJ8xygq6\r\na=ice-options:trickle renomination\r\na=fingerprint:sha-256 21:F5:57:40:9F:A4:F1:A7:D0:42:F1:A4:52:58:8B:8D:7E:B9:43:77:71:61:0E:3E:93:F6:D3:ED:7F:85:B2:F0\r\na=setup:actpass\r\na=mid:1\r\na=extmap:14 urn:ietf:params:rtp-hdrext:ssrc-audio-level\r\na=extmap:2 http://www.webrtc.org/experiments/rtp-hdrext/abs-send-time\r\na=extmap:4 http://www.ietf.org/id/draft-holmer-rmcat-transport-wide-cc-extensions-01\r\na=extmap:9 urn:ietf:params:rtp-hdrext:sdes:mid\r\na=sendonly\r\na=msid:ARDAMS ARDAMSaaudioTrack0\r\na=rtcp-mux\r\na=rtpmap:111 opus/48000/2\r\na=rtcp-fb:111 transport-cc\r\na=fmtp:111 minptime=10;useinbandfec=1\r\na=rtpmap:63 red/48000/2\r\na=fmtp:63 111/111\r\na=rtpmap:110 telephone-event/48000\r\na=ssrc:2199479612 cname:DjRfAYZ4WCpTRhd5\r\na=ssrc:2199479612 msid:ARDAMS ARDAMSaaudioTrack0\r\nm=application 9 UDP/DTLS/SCTP webrtc-datachannel\r\nc=IN IP4 0.0.0.0\r\na=ice-ufrag:KqRk\r\na=ice-pwd:ptBUVScR8BMG044VEJ8xygq6\r\na=ice-options:trickle renomination\r\na=fingerprint:sha-256 21:F5:57:40:9F:A4:F1:A7:D0:42:F1:A4:52:58:8B:8D:7E:B9:43:77:71:61:0E:3E:93:F6:D3:ED:7F:85:B2:F0\r\na=setup:actpass\r\na=mid:2\r\na=sctp-port:5000\r\na=max-message-size:262144\r\n'}
<__main__.WebRTCClient object at 0x7cbe86803cd0> test-24 {'test-0': <__main__.WebRTCClient object at 0x7cbe867b1e80>, 'test-1': <__main__.WebRTCClient object at 0x7cbe868091d0>, 'test-2': <__main__.WebRTCClient object at 0x7cbe86808cd0>, 'test-3': <__main__.WebRTCClient object at 0x7cbe867e68b0>, 'test-4': <__main__.WebRTCClient object at 0x7cbe867e6190>, 'test-5': <__main__.WebRTCClient object at 0x7cbe86d4a8d0>, 'test-6': <__main__.WebRTCClient object at 0x7cbe86dc6470>, 'test-7': <__main__.WebRTCClient object at 0x7cbe86dc6360>, 'test-8': <__main__.WebRTCClient object at 0x7cbe86829250>, 'test-9': <__main__.WebRTCClient object at 0x7cbe86829350>, 'test-10': <__main__.WebRTCClient object at 0x7cbe8683c410>, 'test-11': <__main__.WebRTCClient object at 0x7cbe8683c5f0>, 'test-12': <__main__.WebRTCClient object at 0x7cbe86de75b0>, 'test-13': <__main__.WebRTCClient object at 0x7cbe86820f30>, 'test-14': <__main__.WebRTCClient object at 0x7cbe867e9bf0>, 'test-15': <__main__.WebRTCClient object at 0x7cbe86da6090>, 'test-16': <__main__.WebRTCClient object at 0x7cbe86da6210>, 'test-17': <__main__.WebRTCClient object at 0x7cbe867e0f70>, 'test-18': <__main__.WebRTCClient object at 0x7cbe867e1020>, 'test-19': <__main__.WebRTCClient object at 0x7cbe8682cb90>, 'test-20': <__main__.WebRTCClient object at 0x7cbe8682d130>, 'test-21': <__main__.WebRTCClient object at 0x7cbe86d9b380>, 'test-22': <__main__.WebRTCClient object at 0x7cbe868039d0>, 'test-23': <__main__.WebRTCClient object at 0x7cbe86803b50>, 'test-24': <__main__.WebRTCClient object at 0x7cbe86803cd0>, 'test-25': <__main__.WebRTCClient object at 0x7cbe86803e50>, 'test-26': <__main__.WebRTCClient object at 0x7cbe868038d0>, 'test-27': <__main__.WebRTCClient object at 0x7cbe86803ed0>, 'test-28': <__main__.WebRTCClient object at 0x7cbe8684c350>, 'test-29': <__main__.WebRTCClient object at 0x7cbe8684c4d0>}
Creating WebRTC Pipeline play test-24
Message: takeConfiguration {'streamId': 'test-25', 'linkSession': None, 'idMapping': {'0': 'ARDAMSvvideoTrack0', '1': 'ARDAMSaaudioTrack0'}, 'subscriberId': None, 'type': 'offer', 'command': 'takeConfiguration', 'sdp': 'v=0\r\no=- 8067856193576924346 2 IN IP4 127.0.0.1\r\ns=-\r\nt=0 0\r\na=group:BUNDLE 0 1 2\r\na=extmap-allow-mixed\r\na=msid-semantic: WMS ARDAMS\r\nm=video 9 UDP/TLS/RTP/SAVPF 127 125\r\nc=IN IP4 0.0.0.0\r\na=rtcp:9 IN IP4 0.0.0.0\r\na=ice-ufrag:K2DP\r\na=ice-pwd:Jwl+g3ScV0MZ0HIqjzGkP/cy\r\na=ice-options:trickle renomination\r\na=fingerprint:sha-256 43:DF:AA:0B:7F:77:C4:69:6D:44:24:C2:64:31:E2:50:97:16:14:F6:E5:A7:6D:2C:B8:06:9A:83:97:CC:60:45\r\na=setup:actpass\r\na=mid:0\r\na=extmap:1 urn:ietf:params:rtp-hdrext:toffset\r\na=extmap:2 http://www.webrtc.org/experiments/rtp-hdrext/abs-send-time\r\na=extmap:3 urn:3gpp:video-orientation\r\na=extmap:4 http://www.ietf.org/id/draft-holmer-rmcat-transport-wide-cc-extensions-01\r\na=extmap:5 http://www.webrtc.org/experiments/rtp-hdrext/playout-delay\r\na=extmap:6 http://www.webrtc.org/experiments/rtp-hdrext/video-content-type\r\na=extmap:7 http://www.webrtc.org/experiments/rtp-hdrext/video-timing\r\na=extmap:8 http://www.webrtc.org/experiments/rtp-hdrext/color-space\r\na=extmap:9 urn:ietf:params:rtp-hdrext:sdes:mid\r\na=extmap:10 urn:ietf:params:rtp-hdrext:sdes:rtp-stream-id\r\na=extmap:11 urn:ietf:params:rtp-hdrext:sdes:repaired-rtp-stream-id\r\na=sendonly\r\na=msid:ARDAMS ARDAMSvvideoTrack0\r\na=rtcp-mux\r\na=rtcp-rsize\r\na=rtpmap:127 H264/90000\r\na=rtcp-fb:127 goog-remb\r\na=rtcp-fb:127 transport-cc\r\na=rtcp-fb:127 ccm fir\r\na=rtcp-fb:127 nack\r\na=rtcp-fb:127 nack pli\r\na=fmtp:127 level-asymmetry-allowed=1;packetization-mode=1;profile-level-id=42e01f\r\na=rtpmap:125 rtx/90000\r\na=fmtp:125 apt=127\r\na=ssrc-group:FID 3457338396 1056815354\r\na=ssrc:3457338396 cname:0X6BY9qT40q8xiHS\r\na=ssrc:3457338396 msid:ARDAMS ARDAMSvvideoTrack0\r\na=ssrc:1056815354 cname:0X6BY9qT40q8xiHS\r\na=ssrc:1056815354 msid:ARDAMS ARDAMSvvideoTrack0\r\nm=audio 9 UDP/TLS/RTP/SAVPF 111 63 110\r\nc=IN IP4 0.0.0.0\r\na=rtcp:9 IN IP4 0.0.0.0\r\na=ice-ufrag:K2DP\r\na=ice-pwd:Jwl+g3ScV0MZ0HIqjzGkP/cy\r\na=ice-options:trickle renomination\r\na=fingerprint:sha-256 43:DF:AA:0B:7F:77:C4:69:6D:44:24:C2:64:31:E2:50:97:16:14:F6:E5:A7:6D:2C:B8:06:9A:83:97:CC:60:45\r\na=setup:actpass\r\na=mid:1\r\na=extmap:14 urn:ietf:params:rtp-hdrext:ssrc-audio-level\r\na=extmap:2 http://www.webrtc.org/experiments/rtp-hdrext/abs-send-time\r\na=extmap:4 http://www.ietf.org/id/draft-holmer-rmcat-transport-wide-cc-extensions-01\r\na=extmap:9 urn:ietf:params:rtp-hdrext:sdes:mid\r\na=sendonly\r\na=msid:ARDAMS ARDAMSaaudioTrack0\r\na=rtcp-mux\r\na=rtpmap:111 opus/48000/2\r\na=rtcp-fb:111 transport-cc\r\na=fmtp:111 minptime=10;useinbandfec=1\r\na=rtpmap:63 red/48000/2\r\na=fmtp:63 111/111\r\na=rtpmap:110 telephone-event/48000\r\na=ssrc:4022292459 cname:0X6BY9qT40q8xiHS\r\na=ssrc:4022292459 msid:ARDAMS ARDAMSaaudioTrack0\r\nm=application 9 UDP/DTLS/SCTP webrtc-datachannel\r\nc=IN IP4 0.0.0.0\r\na=ice-ufrag:K2DP\r\na=ice-pwd:Jwl+g3ScV0MZ0HIqjzGkP/cy\r\na=ice-options:trickle renomination\r\na=fingerprint:sha-256 43:DF:AA:0B:7F:77:C4:69:6D:44:24:C2:64:31:E2:50:97:16:14:F6:E5:A7:6D:2C:B8:06:9A:83:97:CC:60:45\r\na=setup:actpass\r\na=mid:2\r\na=sctp-port:5000\r\na=max-message-size:262144\r\n'}
<__main__.WebRTCClient object at 0x7cbe86803e50> test-25 {'test-0': <__main__.WebRTCClient object at 0x7cbe867b1e80>, 'test-1': <__main__.WebRTCClient object at 0x7cbe868091d0>, 'test-2': <__main__.WebRTCClient object at 0x7cbe86808cd0>, 'test-3': <__main__.WebRTCClient object at 0x7cbe867e68b0>, 'test-4': <__main__.WebRTCClient object at 0x7cbe867e6190>, 'test-5': <__main__.WebRTCClient object at 0x7cbe86d4a8d0>, 'test-6': <__main__.WebRTCClient object at 0x7cbe86dc6470>, 'test-7': <__main__.WebRTCClient object at 0x7cbe86dc6360>, 'test-8': <__main__.WebRTCClient object at 0x7cbe86829250>, 'test-9': <__main__.WebRTCClient object at 0x7cbe86829350>, 'test-10': <__main__.WebRTCClient object at 0x7cbe8683c410>, 'test-11': <__main__.WebRTCClient object at 0x7cbe8683c5f0>, 'test-12': <__main__.WebRTCClient object at 0x7cbe86de75b0>, 'test-13': <__main__.WebRTCClient object at 0x7cbe86820f30>, 'test-14': <__main__.WebRTCClient object at 0x7cbe867e9bf0>, 'test-15': <__main__.WebRTCClient object at 0x7cbe86da6090>, 'test-16': <__main__.WebRTCClient object at 0x7cbe86da6210>, 'test-17': <__main__.WebRTCClient object at 0x7cbe867e0f70>, 'test-18': <__main__.WebRTCClient object at 0x7cbe867e1020>, 'test-19': <__main__.WebRTCClient object at 0x7cbe8682cb90>, 'test-20': <__main__.WebRTCClient object at 0x7cbe8682d130>, 'test-21': <__main__.WebRTCClient object at 0x7cbe86d9b380>, 'test-22': <__main__.WebRTCClient object at 0x7cbe868039d0>, 'test-23': <__main__.WebRTCClient object at 0x7cbe86803b50>, 'test-24': <__main__.WebRTCClient object at 0x7cbe86803cd0>, 'test-25': <__main__.WebRTCClient object at 0x7cbe86803e50>, 'test-26': <__main__.WebRTCClient object at 0x7cbe868038d0>, 'test-27': <__main__.WebRTCClient object at 0x7cbe86803ed0>, 'test-28': <__main__.WebRTCClient object at 0x7cbe8684c350>, 'test-29': <__main__.WebRTCClient object at 0x7cbe8684c4d0>}
Creating WebRTC Pipeline play test-25
Message: takeConfiguration {'streamId': 'test-26', 'linkSession': None, 'idMapping': {'0': 'ARDAMSvvideoTrack0', '1': 'ARDAMSaaudioTrack0'}, 'subscriberId': None, 'type': 'offer', 'command': 'takeConfiguration', 'sdp': 'v=0\r\no=- 6510023423338204709 2 IN IP4 127.0.0.1\r\ns=-\r\nt=0 0\r\na=group:BUNDLE 0 1 2\r\na=extmap-allow-mixed\r\na=msid-semantic: WMS ARDAMS\r\nm=video 9 UDP/TLS/RTP/SAVPF 127 125\r\nc=IN IP4 0.0.0.0\r\na=rtcp:9 IN IP4 0.0.0.0\r\na=ice-ufrag:RtpF\r\na=ice-pwd:EFLO0pmZtnW1ofpx+tqpmz9E\r\na=ice-options:trickle renomination\r\na=fingerprint:sha-256 A5:B3:36:A6:90:72:F6:C8:BE:75:38:C3:C4:5E:EC:27:EB:5F:3D:72:ED:62:DB:8F:23:D1:BE:53:91:54:3F:2E\r\na=setup:actpass\r\na=mid:0\r\na=extmap:1 urn:ietf:params:rtp-hdrext:toffset\r\na=extmap:2 http://www.webrtc.org/experiments/rtp-hdrext/abs-send-time\r\na=extmap:3 urn:3gpp:video-orientation\r\na=extmap:4 http://www.ietf.org/id/draft-holmer-rmcat-transport-wide-cc-extensions-01\r\na=extmap:5 http://www.webrtc.org/experiments/rtp-hdrext/playout-delay\r\na=extmap:6 http://www.webrtc.org/experiments/rtp-hdrext/video-content-type\r\na=extmap:7 http://www.webrtc.org/experiments/rtp-hdrext/video-timing\r\na=extmap:8 http://www.webrtc.org/experiments/rtp-hdrext/color-space\r\na=extmap:9 urn:ietf:params:rtp-hdrext:sdes:mid\r\na=extmap:10 urn:ietf:params:rtp-hdrext:sdes:rtp-stream-id\r\na=extmap:11 urn:ietf:params:rtp-hdrext:sdes:repaired-rtp-stream-id\r\na=sendonly\r\na=msid:ARDAMS ARDAMSvvideoTrack0\r\na=rtcp-mux\r\na=rtcp-rsize\r\na=rtpmap:127 H264/90000\r\na=rtcp-fb:127 goog-remb\r\na=rtcp-fb:127 transport-cc\r\na=rtcp-fb:127 ccm fir\r\na=rtcp-fb:127 nack\r\na=rtcp-fb:127 nack pli\r\na=fmtp:127 level-asymmetry-allowed=1;packetization-mode=1;profile-level-id=42e01f\r\na=rtpmap:125 rtx/90000\r\na=fmtp:125 apt=127\r\na=ssrc-group:FID 1459992747 4148494520\r\na=ssrc:1459992747 cname:0GRz28Sw2+JLr6o9\r\na=ssrc:1459992747 msid:ARDAMS ARDAMSvvideoTrack0\r\na=ssrc:4148494520 cname:0GRz28Sw2+JLr6o9\r\na=ssrc:4148494520 msid:ARDAMS ARDAMSvvideoTrack0\r\nm=audio 9 UDP/TLS/RTP/SAVPF 111 63 110\r\nc=IN IP4 0.0.0.0\r\na=rtcp:9 IN IP4 0.0.0.0\r\na=ice-ufrag:RtpF\r\na=ice-pwd:EFLO0pmZtnW1ofpx+tqpmz9E\r\na=ice-options:trickle renomination\r\na=fingerprint:sha-256 A5:B3:36:A6:90:72:F6:C8:BE:75:38:C3:C4:5E:EC:27:EB:5F:3D:72:ED:62:DB:8F:23:D1:BE:53:91:54:3F:2E\r\na=setup:actpass\r\na=mid:1\r\na=extmap:14 urn:ietf:params:rtp-hdrext:ssrc-audio-level\r\na=extmap:2 http://www.webrtc.org/experiments/rtp-hdrext/abs-send-time\r\na=extmap:4 http://www.ietf.org/id/draft-holmer-rmcat-transport-wide-cc-extensions-01\r\na=extmap:9 urn:ietf:params:rtp-hdrext:sdes:mid\r\na=sendonly\r\na=msid:ARDAMS ARDAMSaaudioTrack0\r\na=rtcp-mux\r\na=rtpmap:111 opus/48000/2\r\na=rtcp-fb:111 transport-cc\r\na=fmtp:111 minptime=10;useinbandfec=1\r\na=rtpmap:63 red/48000/2\r\na=fmtp:63 111/111\r\na=rtpmap:110 telephone-event/48000\r\na=ssrc:3374854197 cname:0GRz28Sw2+JLr6o9\r\na=ssrc:3374854197 msid:ARDAMS ARDAMSaaudioTrack0\r\nm=application 9 UDP/DTLS/SCTP webrtc-datachannel\r\nc=IN IP4 0.0.0.0\r\na=ice-ufrag:RtpF\r\na=ice-pwd:EFLO0pmZtnW1ofpx+tqpmz9E\r\na=ice-options:trickle renomination\r\na=fingerprint:sha-256 A5:B3:36:A6:90:72:F6:C8:BE:75:38:C3:C4:5E:EC:27:EB:5F:3D:72:ED:62:DB:8F:23:D1:BE:53:91:54:3F:2E\r\na=setup:actpass\r\na=mid:2\r\na=sctp-port:5000\r\na=max-message-size:262144\r\n'}
<__main__.WebRTCClient object at 0x7cbe868038d0> test-26 {'test-0': <__main__.WebRTCClient object at 0x7cbe867b1e80>, 'test-1': <__main__.WebRTCClient object at 0x7cbe868091d0>, 'test-2': <__main__.WebRTCClient object at 0x7cbe86808cd0>, 'test-3': <__main__.WebRTCClient object at 0x7cbe867e68b0>, 'test-4': <__main__.WebRTCClient object at 0x7cbe867e6190>, 'test-5': <__main__.WebRTCClient object at 0x7cbe86d4a8d0>, 'test-6': <__main__.WebRTCClient object at 0x7cbe86dc6470>, 'test-7': <__main__.WebRTCClient object at 0x7cbe86dc6360>, 'test-8': <__main__.WebRTCClient object at 0x7cbe86829250>, 'test-9': <__main__.WebRTCClient object at 0x7cbe86829350>, 'test-10': <__main__.WebRTCClient object at 0x7cbe8683c410>, 'test-11': <__main__.WebRTCClient object at 0x7cbe8683c5f0>, 'test-12': <__main__.WebRTCClient object at 0x7cbe86de75b0>, 'test-13': <__main__.WebRTCClient object at 0x7cbe86820f30>, 'test-14': <__main__.WebRTCClient object at 0x7cbe867e9bf0>, 'test-15': <__main__.WebRTCClient object at 0x7cbe86da6090>, 'test-16': <__main__.WebRTCClient object at 0x7cbe86da6210>, 'test-17': <__main__.WebRTCClient object at 0x7cbe867e0f70>, 'test-18': <__main__.WebRTCClient object at 0x7cbe867e1020>, 'test-19': <__main__.WebRTCClient object at 0x7cbe8682cb90>, 'test-20': <__main__.WebRTCClient object at 0x7cbe8682d130>, 'test-21': <__main__.WebRTCClient object at 0x7cbe86d9b380>, 'test-22': <__main__.WebRTCClient object at 0x7cbe868039d0>, 'test-23': <__main__.WebRTCClient object at 0x7cbe86803b50>, 'test-24': <__main__.WebRTCClient object at 0x7cbe86803cd0>, 'test-25': <__main__.WebRTCClient object at 0x7cbe86803e50>, 'test-26': <__main__.WebRTCClient object at 0x7cbe868038d0>, 'test-27': <__main__.WebRTCClient object at 0x7cbe86803ed0>, 'test-28': <__main__.WebRTCClient object at 0x7cbe8684c350>, 'test-29': <__main__.WebRTCClient object at 0x7cbe8684c4d0>}
Creating WebRTC Pipeline play test-26
Message: takeCandidate {'candidate': 'candidate:4078266719 1 udp 2122260223 51.89.116.109 50064 typ host generation 0 ufrag mV25 network-id 1 network-cost 50', 'streamId': 'test-12', 'linkSession': None, 'subscriberId': None, 'label': 0, 'id': '0', 'command': 'takeCandidate'}
Message: takeCandidate {'candidate': 'candidate:4078266719 1 udp 2122260223 51.89.116.109 50065 typ host generation 0 ufrag mV25 network-id 1 network-cost 50', 'streamId': 'test-12', 'linkSession': None, 'subscriberId': None, 'label': 1, 'id': '1', 'command': 'takeCandidate'}
Message: takeCandidate {'candidate': 'candidate:4078266719 1 udp 2122260223 51.89.116.109 50066 typ host generation 0 ufrag mV25 network-id 1 network-cost 50', 'streamId': 'test-12', 'linkSession': None, 'subscriberId': None, 'label': 2, 'id': '2', 'command': 'takeCandidate'}
Message: takeConfiguration {'streamId': 'test-27', 'linkSession': None, 'idMapping': {'0': 'ARDAMSvvideoTrack0', '1': 'ARDAMSaaudioTrack0'}, 'subscriberId': None, 'type': 'offer', 'command': 'takeConfiguration', 'sdp': 'v=0\r\no=- 8884948452241503717 2 IN IP4 127.0.0.1\r\ns=-\r\nt=0 0\r\na=group:BUNDLE 0 1 2\r\na=extmap-allow-mixed\r\na=msid-semantic: WMS ARDAMS\r\nm=video 9 UDP/TLS/RTP/SAVPF 127 125\r\nc=IN IP4 0.0.0.0\r\na=rtcp:9 IN IP4 0.0.0.0\r\na=ice-ufrag:dvEd\r\na=ice-pwd:42xXEjn9oTPm+kwqQttL1Ikv\r\na=ice-options:trickle renomination\r\na=fingerprint:sha-256 D2:16:7D:C9:2E:D3:73:9F:CF:8C:FF:35:94:FE:AC:12:A9:D4:27:40:DB:4F:B1:F9:A0:51:83:6F:6B:DA:28:41\r\na=setup:actpass\r\na=mid:0\r\na=extmap:1 urn:ietf:params:rtp-hdrext:toffset\r\na=extmap:2 http://www.webrtc.org/experiments/rtp-hdrext/abs-send-time\r\na=extmap:3 urn:3gpp:video-orientation\r\na=extmap:4 http://www.ietf.org/id/draft-holmer-rmcat-transport-wide-cc-extensions-01\r\na=extmap:5 http://www.webrtc.org/experiments/rtp-hdrext/playout-delay\r\na=extmap:6 http://www.webrtc.org/experiments/rtp-hdrext/video-content-type\r\na=extmap:7 http://www.webrtc.org/experiments/rtp-hdrext/video-timing\r\na=extmap:8 http://www.webrtc.org/experiments/rtp-hdrext/color-space\r\na=extmap:9 urn:ietf:params:rtp-hdrext:sdes:mid\r\na=extmap:10 urn:ietf:params:rtp-hdrext:sdes:rtp-stream-id\r\na=extmap:11 urn:ietf:params:rtp-hdrext:sdes:repaired-rtp-stream-id\r\na=sendonly\r\na=msid:ARDAMS ARDAMSvvideoTrack0\r\na=rtcp-mux\r\na=rtcp-rsize\r\na=rtpmap:127 H264/90000\r\na=rtcp-fb:127 goog-remb\r\na=rtcp-fb:127 transport-cc\r\na=rtcp-fb:127 ccm fir\r\na=rtcp-fb:127 nack\r\na=rtcp-fb:127 nack pli\r\na=fmtp:127 level-asymmetry-allowed=1;packetization-mode=1;profile-level-id=42e01f\r\na=rtpmap:125 rtx/90000\r\na=fmtp:125 apt=127\r\na=ssrc-group:FID 1739862476 484825347\r\na=ssrc:1739862476 cname:tHPhDVJnAuSeHMWw\r\na=ssrc:1739862476 msid:ARDAMS ARDAMSvvideoTrack0\r\na=ssrc:484825347 cname:tHPhDVJnAuSeHMWw\r\na=ssrc:484825347 msid:ARDAMS ARDAMSvvideoTrack0\r\nm=audio 9 UDP/TLS/RTP/SAVPF 111 63 110\r\nc=IN IP4 0.0.0.0\r\na=rtcp:9 IN IP4 0.0.0.0\r\na=ice-ufrag:dvEd\r\na=ice-pwd:42xXEjn9oTPm+kwqQttL1Ikv\r\na=ice-options:trickle renomination\r\na=fingerprint:sha-256 D2:16:7D:C9:2E:D3:73:9F:CF:8C:FF:35:94:FE:AC:12:A9:D4:27:40:DB:4F:B1:F9:A0:51:83:6F:6B:DA:28:41\r\na=setup:actpass\r\na=mid:1\r\na=extmap:14 urn:ietf:params:rtp-hdrext:ssrc-audio-level\r\na=extmap:2 http://www.webrtc.org/experiments/rtp-hdrext/abs-send-time\r\na=extmap:4 http://www.ietf.org/id/draft-holmer-rmcat-transport-wide-cc-extensions-01\r\na=extmap:9 urn:ietf:params:rtp-hdrext:sdes:mid\r\na=sendonly\r\na=msid:ARDAMS ARDAMSaaudioTrack0\r\na=rtcp-mux\r\na=rtpmap:111 opus/48000/2\r\na=rtcp-fb:111 transport-cc\r\na=fmtp:111 minptime=10;useinbandfec=1\r\na=rtpmap:63 red/48000/2\r\na=fmtp:63 111/111\r\na=rtpmap:110 telephone-event/48000\r\na=ssrc:165255635 cname:tHPhDVJnAuSeHMWw\r\na=ssrc:165255635 msid:ARDAMS ARDAMSaaudioTrack0\r\nm=application 9 UDP/DTLS/SCTP webrtc-datachannel\r\nc=IN IP4 0.0.0.0\r\na=ice-ufrag:dvEd\r\na=ice-pwd:42xXEjn9oTPm+kwqQttL1Ikv\r\na=ice-options:trickle renomination\r\na=fingerprint:sha-256 D2:16:7D:C9:2E:D3:73:9F:CF:8C:FF:35:94:FE:AC:12:A9:D4:27:40:DB:4F:B1:F9:A0:51:83:6F:6B:DA:28:41\r\na=setup:actpass\r\na=mid:2\r\na=sctp-port:5000\r\na=max-message-size:262144\r\n'}
<__main__.WebRTCClient object at 0x7cbe86803ed0> test-27 {'test-0': <__main__.WebRTCClient object at 0x7cbe867b1e80>, 'test-1': <__main__.WebRTCClient object at 0x7cbe868091d0>, 'test-2': <__main__.WebRTCClient object at 0x7cbe86808cd0>, 'test-3': <__main__.WebRTCClient object at 0x7cbe867e68b0>, 'test-4': <__main__.WebRTCClient object at 0x7cbe867e6190>, 'test-5': <__main__.WebRTCClient object at 0x7cbe86d4a8d0>, 'test-6': <__main__.WebRTCClient object at 0x7cbe86dc6470>, 'test-7': <__main__.WebRTCClient object at 0x7cbe86dc6360>, 'test-8': <__main__.WebRTCClient object at 0x7cbe86829250>, 'test-9': <__main__.WebRTCClient object at 0x7cbe86829350>, 'test-10': <__main__.WebRTCClient object at 0x7cbe8683c410>, 'test-11': <__main__.WebRTCClient object at 0x7cbe8683c5f0>, 'test-12': <__main__.WebRTCClient object at 0x7cbe86de75b0>, 'test-13': <__main__.WebRTCClient object at 0x7cbe86820f30>, 'test-14': <__main__.WebRTCClient object at 0x7cbe867e9bf0>, 'test-15': <__main__.WebRTCClient object at 0x7cbe86da6090>, 'test-16': <__main__.WebRTCClient object at 0x7cbe86da6210>, 'test-17': <__main__.WebRTCClient object at 0x7cbe867e0f70>, 'test-18': <__main__.WebRTCClient object at 0x7cbe867e1020>, 'test-19': <__main__.WebRTCClient object at 0x7cbe8682cb90>, 'test-20': <__main__.WebRTCClient object at 0x7cbe8682d130>, 'test-21': <__main__.WebRTCClient object at 0x7cbe86d9b380>, 'test-22': <__main__.WebRTCClient object at 0x7cbe868039d0>, 'test-23': <__main__.WebRTCClient object at 0x7cbe86803b50>, 'test-24': <__main__.WebRTCClient object at 0x7cbe86803cd0>, 'test-25': <__main__.WebRTCClient object at 0x7cbe86803e50>, 'test-26': <__main__.WebRTCClient object at 0x7cbe868038d0>, 'test-27': <__main__.WebRTCClient object at 0x7cbe86803ed0>, 'test-28': <__main__.WebRTCClient object at 0x7cbe8684c350>, 'test-29': <__main__.WebRTCClient object at 0x7cbe8684c4d0>}
Creating WebRTC Pipeline play test-27
Message: takeConfiguration {'streamId': 'test-28', 'linkSession': None, 'idMapping': {'0': 'ARDAMSvvideoTrack0', '1': 'ARDAMSaaudioTrack0'}, 'subscriberId': None, 'type': 'offer', 'command': 'takeConfiguration', 'sdp': 'v=0\r\no=- 8657781707943880665 2 IN IP4 127.0.0.1\r\ns=-\r\nt=0 0\r\na=group:BUNDLE 0 1 2\r\na=extmap-allow-mixed\r\na=msid-semantic: WMS ARDAMS\r\nm=video 9 UDP/TLS/RTP/SAVPF 127 125\r\nc=IN IP4 0.0.0.0\r\na=rtcp:9 IN IP4 0.0.0.0\r\na=ice-ufrag:WNpA\r\na=ice-pwd:Wgl7U5NTFqaldnGaWGd4+aem\r\na=ice-options:trickle renomination\r\na=fingerprint:sha-256 A7:29:A2:BF:65:7D:D1:96:92:2E:E5:AB:1A:7A:84:D6:B2:52:D0:98:23:BB:01:38:BF:38:B3:CA:78:03:0E:73\r\na=setup:actpass\r\na=mid:0\r\na=extmap:1 urn:ietf:params:rtp-hdrext:toffset\r\na=extmap:2 http://www.webrtc.org/experiments/rtp-hdrext/abs-send-time\r\na=extmap:3 urn:3gpp:video-orientation\r\na=extmap:4 http://www.ietf.org/id/draft-holmer-rmcat-transport-wide-cc-extensions-01\r\na=extmap:5 http://www.webrtc.org/experiments/rtp-hdrext/playout-delay\r\na=extmap:6 http://www.webrtc.org/experiments/rtp-hdrext/video-content-type\r\na=extmap:7 http://www.webrtc.org/experiments/rtp-hdrext/video-timing\r\na=extmap:8 http://www.webrtc.org/experiments/rtp-hdrext/color-space\r\na=extmap:9 urn:ietf:params:rtp-hdrext:sdes:mid\r\na=extmap:10 urn:ietf:params:rtp-hdrext:sdes:rtp-stream-id\r\na=extmap:11 urn:ietf:params:rtp-hdrext:sdes:repaired-rtp-stream-id\r\na=sendonly\r\na=msid:ARDAMS ARDAMSvvideoTrack0\r\na=rtcp-mux\r\na=rtcp-rsize\r\na=rtpmap:127 H264/90000\r\na=rtcp-fb:127 goog-remb\r\na=rtcp-fb:127 transport-cc\r\na=rtcp-fb:127 ccm fir\r\na=rtcp-fb:127 nack\r\na=rtcp-fb:127 nack pli\r\na=fmtp:127 level-asymmetry-allowed=1;packetization-mode=1;profile-level-id=42e01f\r\na=rtpmap:125 rtx/90000\r\na=fmtp:125 apt=127\r\na=ssrc-group:FID 2015047204 4120582016\r\na=ssrc:2015047204 cname:LgSFzbKZrXcwfKz1\r\na=ssrc:2015047204 msid:ARDAMS ARDAMSvvideoTrack0\r\na=ssrc:4120582016 cname:LgSFzbKZrXcwfKz1\r\na=ssrc:4120582016 msid:ARDAMS ARDAMSvvideoTrack0\r\nm=audio 9 UDP/TLS/RTP/SAVPF 111 63 110\r\nc=IN IP4 0.0.0.0\r\na=rtcp:9 IN IP4 0.0.0.0\r\na=ice-ufrag:WNpA\r\na=ice-pwd:Wgl7U5NTFqaldnGaWGd4+aem\r\na=ice-options:trickle renomination\r\na=fingerprint:sha-256 A7:29:A2:BF:65:7D:D1:96:92:2E:E5:AB:1A:7A:84:D6:B2:52:D0:98:23:BB:01:38:BF:38:B3:CA:78:03:0E:73\r\na=setup:actpass\r\na=mid:1\r\na=extmap:14 urn:ietf:params:rtp-hdrext:ssrc-audio-level\r\na=extmap:2 http://www.webrtc.org/experiments/rtp-hdrext/abs-send-time\r\na=extmap:4 http://www.ietf.org/id/draft-holmer-rmcat-transport-wide-cc-extensions-01\r\na=extmap:9 urn:ietf:params:rtp-hdrext:sdes:mid\r\na=sendonly\r\na=msid:ARDAMS ARDAMSaaudioTrack0\r\na=rtcp-mux\r\na=rtpmap:111 opus/48000/2\r\na=rtcp-fb:111 transport-cc\r\na=fmtp:111 minptime=10;useinbandfec=1\r\na=rtpmap:63 red/48000/2\r\na=fmtp:63 111/111\r\na=rtpmap:110 telephone-event/48000\r\na=ssrc:1917548996 cname:LgSFzbKZrXcwfKz1\r\na=ssrc:1917548996 msid:ARDAMS ARDAMSaaudioTrack0\r\nm=application 9 UDP/DTLS/SCTP webrtc-datachannel\r\nc=IN IP4 0.0.0.0\r\na=ice-ufrag:WNpA\r\na=ice-pwd:Wgl7U5NTFqaldnGaWGd4+aem\r\na=ice-options:trickle renomination\r\na=fingerprint:sha-256 A7:29:A2:BF:65:7D:D1:96:92:2E:E5:AB:1A:7A:84:D6:B2:52:D0:98:23:BB:01:38:BF:38:B3:CA:78:03:0E:73\r\na=setup:actpass\r\na=mid:2\r\na=sctp-port:5000\r\na=max-message-size:262144\r\n'}
<__main__.WebRTCClient object at 0x7cbe8684c350> test-28 {'test-0': <__main__.WebRTCClient object at 0x7cbe867b1e80>, 'test-1': <__main__.WebRTCClient object at 0x7cbe868091d0>, 'test-2': <__main__.WebRTCClient object at 0x7cbe86808cd0>, 'test-3': <__main__.WebRTCClient object at 0x7cbe867e68b0>, 'test-4': <__main__.WebRTCClient object at 0x7cbe867e6190>, 'test-5': <__main__.WebRTCClient object at 0x7cbe86d4a8d0>, 'test-6': <__main__.WebRTCClient object at 0x7cbe86dc6470>, 'test-7': <__main__.WebRTCClient object at 0x7cbe86dc6360>, 'test-8': <__main__.WebRTCClient object at 0x7cbe86829250>, 'test-9': <__main__.WebRTCClient object at 0x7cbe86829350>, 'test-10': <__main__.WebRTCClient object at 0x7cbe8683c410>, 'test-11': <__main__.WebRTCClient object at 0x7cbe8683c5f0>, 'test-12': <__main__.WebRTCClient object at 0x7cbe86de75b0>, 'test-13': <__main__.WebRTCClient object at 0x7cbe86820f30>, 'test-14': <__main__.WebRTCClient object at 0x7cbe867e9bf0>, 'test-15': <__main__.WebRTCClient object at 0x7cbe86da6090>, 'test-16': <__main__.WebRTCClient object at 0x7cbe86da6210>, 'test-17': <__main__.WebRTCClient object at 0x7cbe867e0f70>, 'test-18': <__main__.WebRTCClient object at 0x7cbe867e1020>, 'test-19': <__main__.WebRTCClient object at 0x7cbe8682cb90>, 'test-20': <__main__.WebRTCClient object at 0x7cbe8682d130>, 'test-21': <__main__.WebRTCClient object at 0x7cbe86d9b380>, 'test-22': <__main__.WebRTCClient object at 0x7cbe868039d0>, 'test-23': <__main__.WebRTCClient object at 0x7cbe86803b50>, 'test-24': <__main__.WebRTCClient object at 0x7cbe86803cd0>, 'test-25': <__main__.WebRTCClient object at 0x7cbe86803e50>, 'test-26': <__main__.WebRTCClient object at 0x7cbe868038d0>, 'test-27': <__main__.WebRTCClient object at 0x7cbe86803ed0>, 'test-28': <__main__.WebRTCClient object at 0x7cbe8684c350>, 'test-29': <__main__.WebRTCClient object at 0x7cbe8684c4d0>}
Creating WebRTC Pipeline play test-28
answer created
Message: takeConfiguration {'streamId': 'test-29', 'linkSession': None, 'idMapping': {'0': 'ARDAMSvvideoTrack0', '1': 'ARDAMSaaudioTrack0'}, 'subscriberId': None, 'type': 'offer', 'command': 'takeConfiguration', 'sdp': 'v=0\r\no=- 8431059597998363133 2 IN IP4 127.0.0.1\r\ns=-\r\nt=0 0\r\na=group:BUNDLE 0 1 2\r\na=extmap-allow-mixed\r\na=msid-semantic: WMS ARDAMS\r\nm=video 9 UDP/TLS/RTP/SAVPF 127 125\r\nc=IN IP4 0.0.0.0\r\na=rtcp:9 IN IP4 0.0.0.0\r\na=ice-ufrag:xGTC\r\na=ice-pwd:koWOlLJXbaKY6zFCK/ibM4ob\r\na=ice-options:trickle renomination\r\na=fingerprint:sha-256 E4:5C:18:03:15:74:F4:49:56:AB:1B:AD:14:55:BA:4F:4E:86:73:9B:0A:71:90:8E:1B:D3:01:AA:F7:A9:E2:9C\r\na=setup:actpass\r\na=mid:0\r\na=extmap:1 urn:ietf:params:rtp-hdrext:toffset\r\na=extmap:2 http://www.webrtc.org/experiments/rtp-hdrext/abs-send-time\r\na=extmap:3 urn:3gpp:video-orientation\r\na=extmap:4 http://www.ietf.org/id/draft-holmer-rmcat-transport-wide-cc-extensions-01\r\na=extmap:5 http://www.webrtc.org/experiments/rtp-hdrext/playout-delay\r\na=extmap:6 http://www.webrtc.org/experiments/rtp-hdrext/video-content-type\r\na=extmap:7 http://www.webrtc.org/experiments/rtp-hdrext/video-timing\r\na=extmap:8 http://www.webrtc.org/experiments/rtp-hdrext/color-space\r\na=extmap:9 urn:ietf:params:rtp-hdrext:sdes:mid\r\na=extmap:10 urn:ietf:params:rtp-hdrext:sdes:rtp-stream-id\r\na=extmap:11 urn:ietf:params:rtp-hdrext:sdes:repaired-rtp-stream-id\r\na=sendonly\r\na=msid:ARDAMS ARDAMSvvideoTrack0\r\na=rtcp-mux\r\na=rtcp-rsize\r\na=rtpmap:127 H264/90000\r\na=rtcp-fb:127 goog-remb\r\na=rtcp-fb:127 transport-cc\r\na=rtcp-fb:127 ccm fir\r\na=rtcp-fb:127 nack\r\na=rtcp-fb:127 nack pli\r\na=fmtp:127 level-asymmetry-allowed=1;packetization-mode=1;profile-level-id=42e01f\r\na=rtpmap:125 rtx/90000\r\na=fmtp:125 apt=127\r\na=ssrc-group:FID 2277817561 1559315074\r\na=ssrc:2277817561 cname:0YN5m89DioaTo2P4\r\na=ssrc:2277817561 msid:ARDAMS ARDAMSvvideoTrack0\r\na=ssrc:1559315074 cname:0YN5m89DioaTo2P4\r\na=ssrc:1559315074 msid:ARDAMS ARDAMSvvideoTrack0\r\nm=audio 9 UDP/TLS/RTP/SAVPF 111 63 110\r\nc=IN IP4 0.0.0.0\r\na=rtcp:9 IN IP4 0.0.0.0\r\na=ice-ufrag:xGTC\r\na=ice-pwd:koWOlLJXbaKY6zFCK/ibM4ob\r\na=ice-options:trickle renomination\r\na=fingerprint:sha-256 E4:5C:18:03:15:74:F4:49:56:AB:1B:AD:14:55:BA:4F:4E:86:73:9B:0A:71:90:8E:1B:D3:01:AA:F7:A9:E2:9C\r\na=setup:actpass\r\na=mid:1\r\na=extmap:14 urn:ietf:params:rtp-hdrext:ssrc-audio-level\r\na=extmap:2 http://www.webrtc.org/experiments/rtp-hdrext/abs-send-time\r\na=extmap:4 http://www.ietf.org/id/draft-holmer-rmcat-transport-wide-cc-extensions-01\r\na=extmap:9 urn:ietf:params:rtp-hdrext:sdes:mid\r\na=sendonly\r\na=msid:ARDAMS ARDAMSaaudioTrack0\r\na=rtcp-mux\r\na=rtpmap:111 opus/48000/2\r\na=rtcp-fb:111 transport-cc\r\na=fmtp:111 minptime=10;useinbandfec=1\r\na=rtpmap:63 red/48000/2\r\na=fmtp:63 111/111\r\na=rtpmap:110 telephone-event/48000\r\na=ssrc:938316757 cname:0YN5m89DioaTo2P4\r\na=ssrc:938316757 msid:ARDAMS ARDAMSaaudioTrack0\r\nm=application 9 UDP/DTLS/SCTP webrtc-datachannel\r\nc=IN IP4 0.0.0.0\r\na=ice-ufrag:xGTC\r\na=ice-pwd:koWOlLJXbaKY6zFCK/ibM4ob\r\na=ice-options:trickle renomination\r\na=fingerprint:sha-256 E4:5C:18:03:15:74:F4:49:56:AB:1B:AD:14:55:BA:4F:4E:86:73:9B:0A:71:90:8E:1B:D3:01:AA:F7:A9:E2:9C\r\na=setup:actpass\r\na=mid:2\r\na=sctp-port:5000\r\na=max-message-size:262144\r\n'}answer created

<__main__.WebRTCClient object at 0x7cbe8684c4d0> test-29 {'test-0': <__main__.WebRTCClient object at 0x7cbe867b1e80>, 'test-1': <__main__.WebRTCClient object at 0x7cbe868091d0>, 'test-2': <__main__.WebRTCClient object at 0x7cbe86808cd0>, 'test-3': <__main__.WebRTCClient object at 0x7cbe867e68b0>, 'test-4': <__main__.WebRTCClient object at 0x7cbe867e6190>, 'test-5': <__main__.WebRTCClient object at 0x7cbe86d4a8d0>, 'test-6': <__main__.WebRTCClient object at 0x7cbe86dc6470>, 'test-7': <__main__.WebRTCClient object at 0x7cbe86dc6360>, 'test-8': <__main__.WebRTCClient object at 0x7cbe86829250>, 'test-9': <__main__.WebRTCClient object at 0x7cbe86829350>, 'test-10': <__main__.WebRTCClient object at 0x7cbe8683c410>, 'test-11': <__main__.WebRTCClient object at 0x7cbe8683c5f0>, 'test-12': <__main__.WebRTCClient object at 0x7cbe86de75b0>, 'test-13': <__main__.WebRTCClient object at 0x7cbe86820f30>, 'test-14': <__main__.WebRTCClient object at 0x7cbe867e9bf0>, 'test-15': <__main__.WebRTCClient object at 0x7cbe86da6090>, 'test-16': <__main__.WebRTCClient object at 0x7cbe86da6210>, 'test-17': <__main__.WebRTCClient object at 0x7cbe867e0f70>, 'test-18': <__main__.WebRTCClient object at 0x7cbe867e1020>, 'test-19': <__main__.WebRTCClient object at 0x7cbe8682cb90>, 'test-20': <__main__.WebRTCClient object at 0x7cbe8682d130>, 'test-21': <__main__.WebRTCClient object at 0x7cbe86d9b380>, 'test-22': <__main__.WebRTCClient object at 0x7cbe868039d0>, 'test-23': <__main__.WebRTCClient object at 0x7cbe86803b50>, 'test-24': <__main__.WebRTCClient object at 0x7cbe86803cd0>, 'test-25': <__main__.WebRTCClient object at 0x7cbe86803e50>, 'test-26': <__main__.WebRTCClient object at 0x7cbe868038d0>, 'test-27': <__main__.WebRTCClient object at 0x7cbe86803ed0>, 'test-28': <__main__.WebRTCClient object at 0x7cbe8684c350>, 'test-29': <__main__.WebRTCClient object at 0x7cbe8684c4d0>}
Creating WebRTC Pipeline play test-29
answer created
answer created
Message: takeCandidate {'candidate': 'candidate:337499486 1 udp 2122260223 51.89.116.109 50067 typ host generation 0 ufrag ituf network-id 1 network-cost 50', 'streamId': 'test-13', 'linkSession': None, 'subscriberId': None, 'label': 0, 'id': '0', 'command': 'takeCandidate'}
Message: takeCandidate {'candidate': 'candidate:337499486 1 udp 2122260223 51.89.116.109 50068 typ host generation 0 ufrag ituf network-id 1 network-cost 50', 'streamId': 'test-13', 'linkSession': None, 'subscriberId': None, 'label': 1, 'id': '1', 'command': 'takeCandidate'}
Message: takeCandidate {'candidate': 'candidate:337499486 1 udp 2122260223 51.89.116.109 50069 typ host generation 0 ufrag ituf network-id 1 network-cost 50', 'streamId': 'test-13', 'linkSession': None, 'subscriberId': None, 'label': 2, 'id': '2', 'command': 'takeCandidate'}
Message: takeCandidate {'candidate': 'candidate:1466408007 1 udp 2122260223 51.89.116.109 50070 typ host generation 0 ufrag 7EIg network-id 1 network-cost 50', 'streamId': 'test-14', 'linkSession': None, 'subscriberId': None, 'label': 0, 'id': '0', 'command': 'takeCandidate'}
Message: takeCandidate {'candidate': 'candidate:1466408007 1 udp 2122260223 51.89.116.109 50071 typ host generation 0 ufrag 7EIg network-id 1 network-cost 50', 'streamId': 'test-14', 'linkSession': None, 'subscriberId': None, 'label': 1, 'id': '1', 'command': 'takeCandidate'}
Message: takeCandidate {'candidate': 'candidate:1466408007 1 udp 2122260223 51.89.116.109 50072 typ host generation 0 ufrag 7EIg network-id 1 network-cost 50', 'streamId': 'test-14', 'linkSession': None, 'subscriberId': None, 'label': 2, 'id': '2', 'command': 'takeCandidate'}
Message: takeCandidate {'candidate': 'candidate:3695035066 1 udp 2122260223 51.89.116.109 50073 typ host generation 0 ufrag Pd8D network-id 1 network-cost 50', 'streamId': 'test-15', 'linkSession': None, 'subscriberId': None, 'label': 0, 'id': '0', 'command': 'takeCandidate'}
Message: takeCandidate {'candidate': 'candidate:3695035066 1 udp 2122260223 51.89.116.109 50074 typ host generation 0 ufrag Pd8D network-id 1 network-cost 50', 'streamId': 'test-15', 'linkSession': None, 'subscriberId': None, 'label': 1, 'id': '1', 'command': 'takeCandidate'}
Message: takeCandidate {'candidate': 'candidate:3695035066 1 udp 2122260223 51.89.116.109 50075 typ host generation 0 ufrag Pd8D network-id 1 network-cost 50', 'streamId': 'test-15', 'linkSession': None, 'subscriberId': None, 'label': 2, 'id': '2', 'command': 'takeCandidate'}
Message: takeCandidate {'candidate': 'candidate:84335499 1 udp 2122260223 51.89.116.109 50076 typ host generation 0 ufrag GedJ network-id 1 network-cost 50', 'streamId': 'test-16', 'linkSession': None, 'subscriberId': None, 'label': 0, 'id': '0', 'command': 'takeCandidate'}
Message: takeCandidate {'candidate': 'candidate:84335499 1 udp 2122260223 51.89.116.109 50077 typ host generation 0 ufrag GedJ network-id 1 network-cost 50', 'streamId': 'test-16', 'linkSession': None, 'subscriberId': None, 'label': 1, 'id': '1', 'command': 'takeCandidate'}
Message: takeCandidate {'candidate': 'candidate:84335499 1 udp 2122260223 51.89.116.109 50078 typ host generation 0 ufrag GedJ network-id 1 network-cost 50', 'streamId': 'test-16', 'linkSession': None, 'subscriberId': None, 'label': 2, 'id': '2', 'command': 'takeCandidate'}
Message: takeCandidate {'candidate': 'candidate:580914680 1 udp 2122260223 51.89.116.109 50079 typ host generation 0 ufrag fmnY network-id 1 network-cost 50', 'streamId': 'test-17', 'linkSession': None, 'subscriberId': None, 'label': 0, 'id': '0', 'command': 'takeCandidate'}
Message: takeCandidate {'candidate': 'candidate:580914680 1 udp 2122260223 51.89.116.109 50080 typ host generation 0 ufrag fmnY network-id 1 network-cost 50', 'streamId': 'test-17', 'linkSession': None, 'subscriberId': None, 'label': 1, 'id': '1', 'command': 'takeCandidate'}
Message: takeCandidate {'candidate': 'candidate:580914680 1 udp 2122260223 51.89.116.109 50081 typ host generation 0 ufrag fmnY network-id 1 network-cost 50', 'streamId': 'test-17', 'linkSession': None, 'subscriberId': None, 'label': 2, 'id': '2', 'command': 'takeCandidate'}
Message: takeCandidate {'candidate': 'candidate:1339549479 1 udp 2122260223 51.89.116.109 50082 typ host generation 0 ufrag BSWO network-id 1 network-cost 50', 'streamId': 'test-18', 'linkSession': None, 'subscriberId': None, 'label': 0, 'id': '0', 'command': 'takeCandidate'}
Message: takeCandidate {'candidate': 'candidate:1339549479 1 udp 2122260223 51.89.116.109 50083 typ host generation 0 ufrag BSWO network-id 1 network-cost 50', 'streamId': 'test-18', 'linkSession': None, 'subscriberId': None, 'label': 1, 'id': '1', 'command': 'takeCandidate'}
answer created
Send SDP answer test-23
answer created
Send SDP answer test-24
Send SDP answer test-25
Send SDP answer test-26
Send SDP answer test-27
Send SDP answer test-28
answer created
Send SDP answer test-29
Message: takeCandidate {'candidate': 'candidate:1339549479 1 udp 2122260223 51.89.116.109 50084 typ host generation 0 ufrag BSWO network-id 1 network-cost 50', 'streamId': 'test-18', 'linkSession': None, 'subscriberId': None, 'label': 2, 'id': '2', 'command': 'takeCandidate'}
Message: takeCandidate {'candidate': 'candidate:3231546775 1 udp 2122260223 51.89.116.109 50085 typ host generation 0 ufrag xqG7 network-id 1 network-cost 50', 'streamId': 'test-19', 'linkSession': None, 'subscriberId': None, 'label': 0, 'id': '0', 'command': 'takeCandidate'}
Message: takeCandidate {'candidate': 'candidate:3231546775 1 udp 2122260223 51.89.116.109 50086 typ host generation 0 ufrag xqG7 network-id 1 network-cost 50', 'streamId': 'test-19', 'linkSession': None, 'subscriberId': None, 'label': 1, 'id': '1', 'command': 'takeCandidate'}
Message: takeCandidate {'candidate': 'candidate:3231546775 1 udp 2122260223 51.89.116.109 50087 typ host generation 0 ufrag xqG7 network-id 1 network-cost 50', 'streamId': 'test-19', 'linkSession': None, 'subscriberId': None, 'label': 2, 'id': '2', 'command': 'takeCandidate'}
Message: takeCandidate {'candidate': 'candidate:215336965 1 udp 2122260223 51.89.116.109 50088 typ host generation 0 ufrag BRkW network-id 1 network-cost 50', 'streamId': 'test-20', 'linkSession': None, 'subscriberId': None, 'label': 0, 'id': '0', 'command': 'takeCandidate'}
Message: takeCandidate {'candidate': 'candidate:215336965 1 udp 2122260223 51.89.116.109 50089 typ host generation 0 ufrag BRkW network-id 1 network-cost 50', 'streamId': 'test-20', 'linkSession': None, 'subscriberId': None, 'label': 1, 'id': '1', 'command': 'takeCandidate'}
Message: takeCandidate {'candidate': 'candidate:215336965 1 udp 2122260223 51.89.116.109 50090 typ host generation 0 ufrag BRkW network-id 1 network-cost 50', 'streamId': 'test-20', 'linkSession': None, 'subscriberId': None, 'label': 2, 'id': '2', 'command': 'takeCandidate'}
Message: takeCandidate {'candidate': 'candidate:3093726051 1 udp 2122260223 51.89.116.109 50091 typ host generation 0 ufrag jgQT network-id 1 network-cost 50', 'streamId': 'test-21', 'linkSession': None, 'subscriberId': None, 'label': 0, 'id': '0', 'command': 'takeCandidate'}
Message: takeCandidate {'candidate': 'candidate:3093726051 1 udp 2122260223 51.89.116.109 50092 typ host generation 0 ufrag jgQT network-id 1 network-cost 50', 'streamId': 'test-21', 'linkSession': None, 'subscriberId': None, 'label': 1, 'id': '1', 'command': 'takeCandidate'}
Message: takeCandidate {'candidate': 'candidate:3093726051 1 udp 2122260223 51.89.116.109 50093 typ host generation 0 ufrag jgQT network-id 1 network-cost 50', 'streamId': 'test-21', 'linkSession': None, 'subscriberId': None, 'label': 2, 'id': '2', 'command': 'takeCandidate'}
Message: takeCandidate {'candidate': 'candidate:875837146 1 udp 2122260223 51.89.116.109 50094 typ host generation 0 ufrag 1frr network-id 1 network-cost 50', 'streamId': 'test-22', 'linkSession': None, 'subscriberId': None, 'label': 0, 'id': '0', 'command': 'takeCandidate'}
Message: takeCandidate {'candidate': 'candidate:875837146 1 udp 2122260223 51.89.116.109 50095 typ host generation 0 ufrag 1frr network-id 1 network-cost 50', 'streamId': 'test-22', 'linkSession': None, 'subscriberId': None, 'label': 1, 'id': '1', 'command': 'takeCandidate'}
Message: takeCandidate {'candidate': 'candidate:875837146 1 udp 2122260223 51.89.116.109 50096 typ host generation 0 ufrag 1frr network-id 1 network-cost 50', 'streamId': 'test-22', 'linkSession': None, 'subscriberId': None, 'label': 2, 'id': '2', 'command': 'takeCandidate'}
Message: takeCandidate {'candidate': 'candidate:2870850014 1 udp 2122260223 51.89.116.109 50097 typ host generation 0 ufrag +aVo network-id 1 network-cost 50', 'streamId': 'test-23', 'linkSession': None, 'subscriberId': None, 'label': 0, 'id': '0', 'command': 'takeCandidate'}
Message: takeCandidate {'candidate': 'candidate:2870850014 1 udp 2122260223 51.89.116.109 50098 typ host generation 0 ufrag +aVo network-id 1 network-cost 50', 'streamId': 'test-23', 'linkSession': None, 'subscriberId': None, 'label': 1, 'id': '1', 'command': 'takeCandidate'}
Message: takeCandidate {'candidate': 'candidate:2870850014 1 udp 2122260223 51.89.116.109 50099 typ host generation 0 ufrag +aVo network-id 1 network-cost 50', 'streamId': 'test-23', 'linkSession': None, 'subscriberId': None, 'label': 2, 'id': '2', 'command': 'takeCandidate'}
Message: takeCandidate {'candidate': 'candidate:3661652748 1 udp 2122260223 51.89.116.109 50100 typ host generation 0 ufrag KqRk network-id 1 network-cost 50', 'streamId': 'test-24', 'linkSession': None, 'subscriberId': None, 'label': 0, 'id': '0', 'command': 'takeCandidate'}
Message: takeCandidate {'candidate': 'candidate:3661652748 1 udp 2122260223 51.89.116.109 50101 typ host generation 0 ufrag KqRk network-id 1 network-cost 50', 'streamId': 'test-24', 'linkSession': None, 'subscriberId': None, 'label': 1, 'id': '1', 'command': 'takeCandidate'}
Message: takeCandidate {'candidate': 'candidate:3661652748 1 udp 2122260223 51.89.116.109 50102 typ host generation 0 ufrag KqRk network-id 1 network-cost 50', 'streamId': 'test-24', 'linkSession': None, 'subscriberId': None, 'label': 2, 'id': '2', 'command': 'takeCandidate'}
Message: takeCandidate {'candidate': 'candidate:3954167287 1 udp 2122260223 51.89.116.109 50103 typ host generation 0 ufrag K2DP network-id 1 network-cost 50', 'streamId': 'test-25', 'linkSession': None, 'subscriberId': None, 'label': 0, 'id': '0', 'command': 'takeCandidate'}
Message: takeCandidate {'candidate': 'candidate:3954167287 1 udp 2122260223 51.89.116.109 50104 typ host generation 0 ufrag K2DP network-id 1 network-cost 50', 'streamId': 'test-25', 'linkSession': None, 'subscriberId': None, 'label': 1, 'id': '1', 'command': 'takeCandidate'}
Message: takeCandidate {'candidate': 'candidate:3954167287 1 udp 2122260223 51.89.116.109 50105 typ host generation 0 ufrag K2DP network-id 1 network-cost 50', 'streamId': 'test-25', 'linkSession': None, 'subscriberId': None, 'label': 2, 'id': '2', 'command': 'takeCandidate'}
Message: takeCandidate {'candidate': 'candidate:2817055198 1 udp 2122260223 51.89.116.109 50106 typ host generation 0 ufrag RtpF network-id 1 network-cost 50', 'streamId': 'test-26', 'linkSession': None, 'subscriberId': None, 'label': 0, 'id': '0', 'command': 'takeCandidate'}
Message: takeCandidate {'candidate': 'candidate:2817055198 1 udp 2122260223 51.89.116.109 50107 typ host generation 0 ufrag RtpF network-id 1 network-cost 50', 'streamId': 'test-26', 'linkSession': None, 'subscriberId': None, 'label': 1, 'id': '1', 'command': 'takeCandidate'}
Message: takeCandidate {'candidate': 'candidate:2817055198 1 udp 2122260223 51.89.116.109 50108 typ host generation 0 ufrag RtpF network-id 1 network-cost 50', 'streamId': 'test-26', 'linkSession': None, 'subscriberId': None, 'label': 2, 'id': '2', 'command': 'takeCandidate'}
Message: takeCandidate {'candidate': 'candidate:3494338397 1 udp 2122260223 51.89.116.109 50109 typ host generation 0 ufrag dvEd network-id 1 network-cost 50', 'streamId': 'test-27', 'linkSession': None, 'subscriberId': None, 'label': 0, 'id': '0', 'command': 'takeCandidate'}
Message: takeCandidate {'candidate': 'candidate:3494338397 1 udp 2122260223 51.89.116.109 50110 typ host generation 0 ufrag dvEd network-id 1 network-cost 50', 'streamId': 'test-27', 'linkSession': None, 'subscriberId': None, 'label': 1, 'id': '1', 'command': 'takeCandidate'}
Message: takeCandidate {'candidate': 'candidate:3494338397 1 udp 2122260223 51.89.116.109 50111 typ host generation 0 ufrag dvEd network-id 1 network-cost 50', 'streamId': 'test-27', 'linkSession': None, 'subscriberId': None, 'label': 2, 'id': '2', 'command': 'takeCandidate'}
Message: takeCandidate {'candidate': 'candidate:1166310662 1 udp 2122260223 51.89.116.109 50112 typ host generation 0 ufrag WNpA network-id 1 network-cost 50', 'streamId': 'test-28', 'linkSession': None, 'subscriberId': None, 'label': 0, 'id': '0', 'command': 'takeCandidate'}
Message: takeCandidate {'candidate': 'candidate:1166310662 1 udp 2122260223 51.89.116.109 50113 typ host generation 0 ufrag WNpA network-id 1 network-cost 50', 'streamId': 'test-28', 'linkSession': None, 'subscriberId': None, 'label': 1, 'id': '1', 'command': 'takeCandidate'}
Message: takeCandidate {'candidate': 'candidate:1166310662 1 udp 2122260223 51.89.116.109 50114 typ host generation 0 ufrag WNpA network-id 1 network-cost 50', 'streamId': 'test-28', 'linkSession': None, 'subscriberId': None, 'label': 2, 'id': '2', 'command': 'takeCandidate'}
Message: takeCandidate {'candidate': 'candidate:897032733 1 udp 2122260223 51.89.116.109 50044 typ host generation 0 ufrag xGTC network-id 1 network-cost 50', 'streamId': 'test-29', 'linkSession': None, 'subscriberId': None, 'label': 0, 'id': '0', 'command': 'takeCandidate'}
Message: takeCandidate {'candidate': 'candidate:897032733 1 udp 2122260223 51.89.116.109 50045 typ host generation 0 ufrag xGTC network-id 1 network-cost 50', 'streamId': 'test-29', 'linkSession': None, 'subscriberId': None, 'label': 1, 'id': '1', 'command': 'takeCandidate'}
Message: takeCandidate {'candidate': 'candidate:897032733 1 udp 2122260223 51.89.116.109 50047 typ host generation 0 ufrag xGTC network-id 1 network-cost 50', 'streamId': 'test-29', 'linkSession': None, 'subscriberId': None, 'label': 2, 'id': '2', 'command': 'takeCandidate'}
Message: notification {'streamId': 'test-0', 'subscriberId': None, 'definition': 'play_started', 'command': 'notification'}
play_started
Message: notification {'streamId': 'test-2', 'subscriberId': None, 'definition': 'play_started', 'command': 'notification'}
play_started
Message: notification {'streamId': 'test-4', 'subscriberId': None, 'definition': 'play_started', 'command': 'notification'}
play_started
Message: notification {'streamId': 'test-5', 'subscriberId': None, 'definition': 'play_started', 'command': 'notification'}
play_started
Message: notification {'streamId': 'test-3', 'subscriberId': None, 'definition': 'play_started', 'command': 'notification'}
play_started
Message: notification {'streamId': 'test-7', 'subscriberId': None, 'definition': 'play_started', 'command': 'notification'}
play_started
on_incoming_stream
on_incoming_stream
Message: notification {'streamId': 'test-10', 'subscriberId': None, 'definition': 'play_started', 'command': 'notification'}
play_started
Message: notification {'streamId': 'test-11', 'subscriberId': None, 'definition': 'play_started', 'command': 'notification'}
play_started
on_incoming_stream
on_incoming_stream
on_incoming_stream
on_incoming_stream
Message: notification {'streamId': 'test-19', 'subscriberId': None, 'definition': 'play_started', 'command': 'notification'}
play_started
Message: notification {'streamId': 'test-13', 'subscriberId': None, 'definition': 'play_started', 'command': 'notification'}
play_started
Message: notification {'streamId': 'test-14', 'subscriberId': None, 'definition': 'play_started', 'command': 'notification'}
play_started
Message: notification {'streamId': 'test-21', 'subscriberId': None, 'definition': 'play_started', 'command': 'notification'}
play_started
Message: notification {'streamId': 'test-18', 'subscriberId': None, 'definition': 'play_started', 'command': 'notification'}
play_started
Message: notification {'streamId': 'test-27', 'subscriberId': None, 'definition': 'play_started', 'command': 'notification'}
play_started
Message: notification {'streamId': 'test-25', 'subscriberId': None, 'definition': 'play_started', 'command': 'notification'}
play_started
Message: notification {'streamId': 'test-29', 'subscriberId': None, 'definition': 'play_started', 'command': 'notification'}
play_started
Message: notification {'streamId': 'test-17', 'subscriberId': None, 'definition': 'play_started', 'command': 'notification'}
play_started
Message: notification {'streamId': 'test-23', 'subscriberId': None, 'definition': 'play_started', 'command': 'notification'}
play_started
Message: notification {'streamId': 'test-24', 'subscriberId': None, 'definition': 'play_started', 'command': 'notification'}
play_started
on_incoming_stream
on_incoming_stream
on_incoming_stream
on_incoming_stream
Message: notification {'streamId': 'test-22', 'subscriberId': None, 'definition': 'play_started', 'command': 'notification'}
play_started
Message: notification {'streamId': 'test-20', 'subscriberId': None, 'definition': 'play_started', 'command': 'notification'}
play_started
Message: notification {'streamId': 'test-15', 'subscriberId': None, 'definition': 'play_started', 'command': 'notification'}
play_started
Message: notification {'streamId': 'test-28', 'subscriberId': None, 'definition': 'play_started', 'command': 'notification'}
play_started
Message: notification {'streamId': 'test-16', 'subscriberId': None, 'definition': 'play_started', 'command': 'notification'}
play_started
on_incoming_stream
on_incoming_stream
on_incoming_stream
on_incoming_stream
on_incoming_stream
on_incoming_stream
on_incoming_stream
on_incoming_stream
on_incoming_stream
on_incoming_stream
on_incoming_stream
on_incoming_stream
on_incoming_stream
on_incoming_stream
on_incoming_stream
on_incoming_stream
on_incoming_stream
on_incoming_stream
on_incoming_stream
on_incoming_stream
on_incoming_stream
on_incoming_stream
on_incoming_stream
on_incoming_stream
on_incoming_stream
on_incoming_stream
on_incoming_stream
on_incoming_stream
on_incoming_stream
on_incoming_stream
on_incoming_stream
on_incoming_stream
on_incoming_stream
on_incoming_stream
on_incoming_stream
on_incoming_stream
on_incoming_stream
on_incoming_stream
